[2026-05-16T11:27:58.055+0000] {local_task_job_runner.py:120} INFO - ::group::Pre task execution logs
[2026-05-16T11:27:58.076+0000] {taskinstance.py:2076} INFO - Dependencies all met for dep_context=non-requeueable deps ti=<TaskInstance: dwh_modeling_dag.load_dim_customer manual__2026-05-16T11:27:55.331334+00:00 [queued]>
[2026-05-16T11:27:58.083+0000] {taskinstance.py:2076} INFO - Dependencies all met for dep_context=requeueable deps ti=<TaskInstance: dwh_modeling_dag.load_dim_customer manual__2026-05-16T11:27:55.331334+00:00 [queued]>
[2026-05-16T11:27:58.083+0000] {taskinstance.py:2306} INFO - Starting attempt 1 of 1
[2026-05-16T11:27:58.096+0000] {taskinstance.py:2330} INFO - Executing <Task(PythonOperator): load_dim_customer> on 2026-05-16 11:27:55.331334+00:00
[2026-05-16T11:27:58.101+0000] {warnings.py:112} WARNING - /home/***/.local/lib/python3.12/site-packages/***/task/task_runner/standard_task_runner.py:62: DeprecationWarning: This process (pid=1089) is multi-threaded, use of fork() may lead to deadlocks in the child.
  pid = os.fork()

[2026-05-16T11:27:58.106+0000] {standard_task_runner.py:64} INFO - Started process 1095 to run task
[2026-05-16T11:27:58.103+0000] {standard_task_runner.py:90} INFO - Running: ['***', 'tasks', 'run', 'dwh_modeling_dag', 'load_dim_customer', 'manual__2026-05-16T11:27:55.331334+00:00', '--job-id', '123', '--raw', '--subdir', 'DAGS_FOLDER/dwh_layer.py', '--cfg-path', '/tmp/tmpqb9xp60v']
[2026-05-16T11:27:58.106+0000] {standard_task_runner.py:91} INFO - Job 123: Subtask load_dim_customer
[2026-05-16T11:27:58.143+0000] {task_command.py:426} INFO - Running <TaskInstance: dwh_modeling_dag.load_dim_customer manual__2026-05-16T11:27:55.331334+00:00 [running]> on host 0161a3f0b6d6
[2026-05-16T11:27:58.182+0000] {taskinstance.py:2648} INFO - Exporting env vars: AIRFLOW_CTX_DAG_OWNER='***' AIRFLOW_CTX_DAG_ID='dwh_modeling_dag' AIRFLOW_CTX_TASK_ID='load_dim_customer' AIRFLOW_CTX_EXECUTION_DATE='2026-05-16T11:27:55.331334+00:00' AIRFLOW_CTX_TRY_NUMBER='1' AIRFLOW_CTX_DAG_RUN_ID='manual__2026-05-16T11:27:55.331334+00:00'
[2026-05-16T11:27:58.182+0000] {taskinstance.py:430} INFO - ::endgroup::
[2026-05-16T11:27:58.188+0000] {base.py:84} INFO - Using connection ID 'target_db' for task execution.
[2026-05-16T11:27:58.202+0000] {logging_mixin.py:188} INFO - dim_customer: 25 sətir
[2026-05-16T11:27:58.202+0000] {python.py:237} INFO - Done. Returned value was: None
[2026-05-16T11:27:58.202+0000] {taskinstance.py:441} INFO - ::group::Post task execution logs
[2026-05-16T11:27:58.213+0000] {taskinstance.py:1206} INFO - Marking task as SUCCESS. dag_id=dwh_modeling_dag, task_id=load_dim_customer, run_id=manual__2026-05-16T11:27:55.331334+00:00, execution_date=20260516T112755, start_date=20260516T112758, end_date=20260516T112758
[2026-05-16T11:27:58.244+0000] {local_task_job_runner.py:243} INFO - Task exited with return code 0
[2026-05-16T11:27:58.258+0000] {taskinstance.py:3503} INFO - 0 downstream tasks scheduled from follow-on schedule check
[2026-05-16T11:27:58.258+0000] {local_task_job_runner.py:222} INFO - ::endgroup::
