[2026-05-16T11:29:35.533+0000] {local_task_job_runner.py:120} INFO - ::group::Pre task execution logs
[2026-05-16T11:29:35.541+0000] {taskinstance.py:2076} INFO - Dependencies all met for dep_context=non-requeueable deps ti=<TaskInstance: dwh_modeling_dag.load_dim_customer manual__2026-05-16T11:27:55.331334+00:00 [queued]>
[2026-05-16T11:29:35.544+0000] {taskinstance.py:2076} INFO - Dependencies all met for dep_context=requeueable deps ti=<TaskInstance: dwh_modeling_dag.load_dim_customer manual__2026-05-16T11:27:55.331334+00:00 [queued]>
[2026-05-16T11:29:35.544+0000] {taskinstance.py:2306} INFO - Starting attempt 2 of 2
[2026-05-16T11:29:35.548+0000] {taskinstance.py:2330} INFO - Executing <Task(PythonOperator): load_dim_customer> on 2026-05-16 11:27:55.331334+00:00
[2026-05-16T11:29:35.551+0000] {warnings.py:112} WARNING - /home/***/.local/lib/python3.12/site-packages/***/task/task_runner/standard_task_runner.py:62: DeprecationWarning: This process (pid=1122) is multi-threaded, use of fork() may lead to deadlocks in the child.
  pid = os.fork()

[2026-05-16T11:29:35.551+0000] {standard_task_runner.py:64} INFO - Started process 1124 to run task
[2026-05-16T11:29:35.552+0000] {standard_task_runner.py:90} INFO - Running: ['***', 'tasks', 'run', 'dwh_modeling_dag', 'load_dim_customer', 'manual__2026-05-16T11:27:55.331334+00:00', '--job-id', '128', '--raw', '--subdir', 'DAGS_FOLDER/dwh_layer.py', '--cfg-path', '/tmp/tmp37r78owk']
[2026-05-16T11:29:35.553+0000] {standard_task_runner.py:91} INFO - Job 128: Subtask load_dim_customer
[2026-05-16T11:29:35.574+0000] {task_command.py:426} INFO - Running <TaskInstance: dwh_modeling_dag.load_dim_customer manual__2026-05-16T11:27:55.331334+00:00 [running]> on host 0161a3f0b6d6
[2026-05-16T11:29:35.603+0000] {taskinstance.py:2648} INFO - Exporting env vars: AIRFLOW_CTX_DAG_OWNER='***' AIRFLOW_CTX_DAG_ID='dwh_modeling_dag' AIRFLOW_CTX_TASK_ID='load_dim_customer' AIRFLOW_CTX_EXECUTION_DATE='2026-05-16T11:27:55.331334+00:00' AIRFLOW_CTX_TRY_NUMBER='2' AIRFLOW_CTX_DAG_RUN_ID='manual__2026-05-16T11:27:55.331334+00:00'
[2026-05-16T11:29:35.604+0000] {taskinstance.py:430} INFO - ::endgroup::
[2026-05-16T11:29:35.606+0000] {base.py:84} INFO - Using connection ID 'target_db' for task execution.
[2026-05-16T11:29:35.611+0000] {logging_mixin.py:188} INFO - dim_customer: 25 sətir
[2026-05-16T11:29:35.611+0000] {python.py:237} INFO - Done. Returned value was: None
[2026-05-16T11:29:35.611+0000] {taskinstance.py:441} INFO - ::group::Post task execution logs
[2026-05-16T11:29:35.615+0000] {taskinstance.py:1206} INFO - Marking task as SUCCESS. dag_id=dwh_modeling_dag, task_id=load_dim_customer, run_id=manual__2026-05-16T11:27:55.331334+00:00, execution_date=20260516T112755, start_date=20260516T112935, end_date=20260516T112935
[2026-05-16T11:29:35.644+0000] {local_task_job_runner.py:243} INFO - Task exited with return code 0
[2026-05-16T11:29:35.654+0000] {taskinstance.py:3503} INFO - 1 downstream tasks scheduled from follow-on schedule check
[2026-05-16T11:29:35.654+0000] {local_task_job_runner.py:222} INFO - ::endgroup::
