[2026-05-16T11:27:58.278+0000] {local_task_job_runner.py:120} INFO - ::group::Pre task execution logs
[2026-05-16T11:27:58.294+0000] {taskinstance.py:2076} INFO - Dependencies all met for dep_context=non-requeueable deps ti=<TaskInstance: dwh_modeling_dag.load_dim_product manual__2026-05-16T11:27:55.331334+00:00 [queued]>
[2026-05-16T11:27:58.298+0000] {taskinstance.py:2076} INFO - Dependencies all met for dep_context=requeueable deps ti=<TaskInstance: dwh_modeling_dag.load_dim_product manual__2026-05-16T11:27:55.331334+00:00 [queued]>
[2026-05-16T11:27:58.298+0000] {taskinstance.py:2306} INFO - Starting attempt 1 of 1
[2026-05-16T11:27:58.302+0000] {taskinstance.py:2330} INFO - Executing <Task(PythonOperator): load_dim_product> on 2026-05-16 11:27:55.331334+00:00
[2026-05-16T11:27:58.308+0000] {warnings.py:112} WARNING - /home/***/.local/lib/python3.12/site-packages/***/task/task_runner/standard_task_runner.py:62: DeprecationWarning: This process (pid=1088) is multi-threaded, use of fork() may lead to deadlocks in the child.
  pid = os.fork()

[2026-05-16T11:27:58.309+0000] {standard_task_runner.py:64} INFO - Started process 1098 to run task
[2026-05-16T11:27:58.312+0000] {standard_task_runner.py:90} INFO - Running: ['***', 'tasks', 'run', 'dwh_modeling_dag', 'load_dim_product', 'manual__2026-05-16T11:27:55.331334+00:00', '--job-id', '126', '--raw', '--subdir', 'DAGS_FOLDER/dwh_layer.py', '--cfg-path', '/tmp/tmpn6co38yl']
[2026-05-16T11:27:58.318+0000] {standard_task_runner.py:91} INFO - Job 126: Subtask load_dim_product
[2026-05-16T11:27:58.408+0000] {task_command.py:426} INFO - Running <TaskInstance: dwh_modeling_dag.load_dim_product manual__2026-05-16T11:27:55.331334+00:00 [running]> on host 0161a3f0b6d6
[2026-05-16T11:27:58.464+0000] {taskinstance.py:2648} INFO - Exporting env vars: AIRFLOW_CTX_DAG_OWNER='***' AIRFLOW_CTX_DAG_ID='dwh_modeling_dag' AIRFLOW_CTX_TASK_ID='load_dim_product' AIRFLOW_CTX_EXECUTION_DATE='2026-05-16T11:27:55.331334+00:00' AIRFLOW_CTX_TRY_NUMBER='1' AIRFLOW_CTX_DAG_RUN_ID='manual__2026-05-16T11:27:55.331334+00:00'
[2026-05-16T11:27:58.465+0000] {taskinstance.py:430} INFO - ::endgroup::
[2026-05-16T11:27:58.469+0000] {base.py:84} INFO - Using connection ID 'target_db' for task execution.
[2026-05-16T11:27:58.478+0000] {logging_mixin.py:188} INFO - dim_product: 18 sətir
[2026-05-16T11:27:58.478+0000] {python.py:237} INFO - Done. Returned value was: None
[2026-05-16T11:27:58.478+0000] {taskinstance.py:441} INFO - ::group::Post task execution logs
[2026-05-16T11:27:58.486+0000] {taskinstance.py:1206} INFO - Marking task as SUCCESS. dag_id=dwh_modeling_dag, task_id=load_dim_product, run_id=manual__2026-05-16T11:27:55.331334+00:00, execution_date=20260516T112755, start_date=20260516T112758, end_date=20260516T112758
[2026-05-16T11:27:58.527+0000] {local_task_job_runner.py:243} INFO - Task exited with return code 0
[2026-05-16T11:27:58.542+0000] {taskinstance.py:3503} INFO - 1 downstream tasks scheduled from follow-on schedule check
[2026-05-16T11:27:58.543+0000] {local_task_job_runner.py:222} INFO - ::endgroup::
