[2026-05-16T11:00:55.713+0000] {local_task_job_runner.py:120} INFO - ::group::Pre task execution logs
[2026-05-16T11:00:55.721+0000] {taskinstance.py:2076} INFO - Dependencies all met for dep_context=non-requeueable deps ti=<TaskInstance: incremental_load_dag.load_order_items manual__2026-05-16T11:00:51.078631+00:00 [queued]>
[2026-05-16T11:00:55.723+0000] {taskinstance.py:2076} INFO - Dependencies all met for dep_context=requeueable deps ti=<TaskInstance: incremental_load_dag.load_order_items manual__2026-05-16T11:00:51.078631+00:00 [queued]>
[2026-05-16T11:00:55.724+0000] {taskinstance.py:2306} INFO - Starting attempt 1 of 1
[2026-05-16T11:00:55.728+0000] {taskinstance.py:2330} INFO - Executing <Task(PythonOperator): load_order_items> on 2026-05-16 11:00:51.078631+00:00
[2026-05-16T11:00:55.732+0000] {warnings.py:112} WARNING - /home/***/.local/lib/python3.12/site-packages/***/task/task_runner/standard_task_runner.py:62: DeprecationWarning: This process (pid=660) is multi-threaded, use of fork() may lead to deadlocks in the child.
  pid = os.fork()

[2026-05-16T11:00:55.734+0000] {standard_task_runner.py:64} INFO - Started process 668 to run task
[2026-05-16T11:00:55.734+0000] {standard_task_runner.py:90} INFO - Running: ['***', 'tasks', 'run', 'incremental_load_dag', 'load_order_items', 'manual__2026-05-16T11:00:51.078631+00:00', '--job-id', '104', '--raw', '--subdir', 'DAGS_FOLDER/inc_load.py', '--cfg-path', '/tmp/tmpuhd1l_6_']
[2026-05-16T11:00:55.735+0000] {standard_task_runner.py:91} INFO - Job 104: Subtask load_order_items
[2026-05-16T11:00:55.761+0000] {task_command.py:426} INFO - Running <TaskInstance: incremental_load_dag.load_order_items manual__2026-05-16T11:00:51.078631+00:00 [running]> on host 0161a3f0b6d6
[2026-05-16T11:00:55.837+0000] {taskinstance.py:2648} INFO - Exporting env vars: AIRFLOW_CTX_DAG_OWNER='***' AIRFLOW_CTX_DAG_ID='incremental_load_dag' AIRFLOW_CTX_TASK_ID='load_order_items' AIRFLOW_CTX_EXECUTION_DATE='2026-05-16T11:00:51.078631+00:00' AIRFLOW_CTX_TRY_NUMBER='1' AIRFLOW_CTX_DAG_RUN_ID='manual__2026-05-16T11:00:51.078631+00:00'
[2026-05-16T11:00:55.838+0000] {taskinstance.py:430} INFO - ::endgroup::
[2026-05-16T11:00:55.855+0000] {base.py:84} INFO - Using connection ID 'source_db' for task execution.
[2026-05-16T11:00:55.858+0000] {sql.py:495} INFO - Running statement: SELECT item_id, order_id, product_id, quantity, unit_price, discount, total_price, created_at FROM order_items WHERE created_at > %s;, parameters: ['2000-01-01 00:00:00']
[2026-05-16T11:00:55.859+0000] {sql.py:504} INFO - Rows affected: 56
[2026-05-16T11:00:55.863+0000] {base.py:84} INFO - Using connection ID 'target_db' for task execution.
[2026-05-16T11:00:55.868+0000] {taskinstance.py:441} INFO - ::group::Post task execution logs
[2026-05-16T11:00:55.868+0000] {taskinstance.py:2905} ERROR - Task failed with exception
Traceback (most recent call last):
  File "/home/airflow/.local/lib/python3.12/site-packages/airflow/models/taskinstance.py", line 465, in _execute_task
    result = _execute_callable(context=context, **execute_callable_kwargs)
             ^^^^^^^^^^^^^^^^^^^^^^^^^^^^^^^^^^^^^^^^^^^^^^^^^^^^^^^^^^^^^
  File "/home/airflow/.local/lib/python3.12/site-packages/airflow/models/taskinstance.py", line 432, in _execute_callable
    return execute_callable(context=context, **execute_callable_kwargs)
           ^^^^^^^^^^^^^^^^^^^^^^^^^^^^^^^^^^^^^^^^^^^^^^^^^^^^^^^^^^^^
  File "/home/airflow/.local/lib/python3.12/site-packages/airflow/models/baseoperator.py", line 401, in wrapper
    return func(self, *args, **kwargs)
           ^^^^^^^^^^^^^^^^^^^^^^^^^^^
  File "/home/airflow/.local/lib/python3.12/site-packages/airflow/operators/python.py", line 235, in execute
    return_value = self.execute_callable()
                   ^^^^^^^^^^^^^^^^^^^^^^^
  File "/home/airflow/.local/lib/python3.12/site-packages/airflow/operators/python.py", line 252, in execute_callable
    return self.python_callable(*self.op_args, **self.op_kwargs)
           ^^^^^^^^^^^^^^^^^^^^^^^^^^^^^^^^^^^^^^^^^^^^^^^^^^^^^
  File "/opt/airflow/dags/inc_load.py", line 91, in incremental_load
    cur.executemany(upsert_sql, [row + (batch_id,) for row in rows])
psycopg2.errors.InvalidColumnReference: there is no unique or exclusion constraint matching the ON CONFLICT specification

[2026-05-16T11:00:55.874+0000] {taskinstance.py:1206} INFO - Marking task as FAILED. dag_id=incremental_load_dag, task_id=load_order_items, run_id=manual__2026-05-16T11:00:51.078631+00:00, execution_date=20260516T110051, start_date=20260516T110055, end_date=20260516T110055
[2026-05-16T11:00:55.880+0000] {standard_task_runner.py:110} ERROR - Failed to execute job 104 for task load_order_items (there is no unique or exclusion constraint matching the ON CONFLICT specification
; 668)
[2026-05-16T11:00:55.909+0000] {local_task_job_runner.py:243} INFO - Task exited with return code 1
[2026-05-16T11:00:55.924+0000] {taskinstance.py:3503} INFO - 0 downstream tasks scheduled from follow-on schedule check
[2026-05-16T11:00:55.925+0000] {local_task_job_runner.py:222} INFO - ::endgroup::
