[2026-05-16T11:35:32.390+0000] {local_task_job_runner.py:120} INFO - ::group::Pre task execution logs
[2026-05-16T11:35:32.407+0000] {taskinstance.py:2076} INFO - Dependencies all met for dep_context=non-requeueable deps ti=<TaskInstance: incremental_load_dag.load_payments manual__2026-05-16T11:35:29.842096+00:00 [queued]>
[2026-05-16T11:35:32.416+0000] {taskinstance.py:2076} INFO - Dependencies all met for dep_context=requeueable deps ti=<TaskInstance: incremental_load_dag.load_payments manual__2026-05-16T11:35:29.842096+00:00 [queued]>
[2026-05-16T11:35:32.417+0000] {taskinstance.py:2306} INFO - Starting attempt 1 of 1
[2026-05-16T11:35:32.432+0000] {taskinstance.py:2330} INFO - Executing <Task(PythonOperator): load_payments> on 2026-05-16 11:35:29.842096+00:00
[2026-05-16T11:35:32.439+0000] {warnings.py:112} WARNING - /home/***/.local/lib/python3.12/site-packages/***/task/task_runner/standard_task_runner.py:62: DeprecationWarning: This process (pid=1244) is multi-threaded, use of fork() may lead to deadlocks in the child.
  pid = os.fork()

[2026-05-16T11:35:32.444+0000] {standard_task_runner.py:64} INFO - Started process 1252 to run task
[2026-05-16T11:35:32.441+0000] {standard_task_runner.py:90} INFO - Running: ['***', 'tasks', 'run', 'incremental_load_dag', 'load_payments', 'manual__2026-05-16T11:35:29.842096+00:00', '--job-id', '143', '--raw', '--subdir', 'DAGS_FOLDER/inc_load.py', '--cfg-path', '/tmp/tmpx8q56f2t']
[2026-05-16T11:35:32.445+0000] {standard_task_runner.py:91} INFO - Job 143: Subtask load_payments
[2026-05-16T11:35:32.495+0000] {task_command.py:426} INFO - Running <TaskInstance: incremental_load_dag.load_payments manual__2026-05-16T11:35:29.842096+00:00 [running]> on host 0161a3f0b6d6
[2026-05-16T11:35:32.603+0000] {taskinstance.py:2648} INFO - Exporting env vars: AIRFLOW_CTX_DAG_OWNER='***' AIRFLOW_CTX_DAG_ID='incremental_load_dag' AIRFLOW_CTX_TASK_ID='load_payments' AIRFLOW_CTX_EXECUTION_DATE='2026-05-16T11:35:29.842096+00:00' AIRFLOW_CTX_TRY_NUMBER='1' AIRFLOW_CTX_DAG_RUN_ID='manual__2026-05-16T11:35:29.842096+00:00'
[2026-05-16T11:35:32.605+0000] {taskinstance.py:430} INFO - ::endgroup::
[2026-05-16T11:35:32.626+0000] {base.py:84} INFO - Using connection ID 'target_db' for task execution.
[2026-05-16T11:35:32.632+0000] {sql.py:495} INFO - Running statement: SELECT MAX(payment_date) FROM staging.stg_payments;, parameters: None
[2026-05-16T11:35:32.634+0000] {sql.py:504} INFO - Rows affected: 1
[2026-05-16T11:35:32.634+0000] {logging_mixin.py:188} INFO - Watermark: 2025-02-10 10:35:00
[2026-05-16T11:35:32.647+0000] {base.py:84} INFO - Using connection ID 'source_db' for task execution.
[2026-05-16T11:35:32.650+0000] {sql.py:495} INFO - Running statement: SELECT payment_id, order_id, payment_method, amount, payment_date, status, transaction_ref FROM payments WHERE payment_date > %s;, parameters: [datetime.datetime(2025, 2, 10, 10, 35)]
[2026-05-16T11:35:32.651+0000] {sql.py:504} INFO - Rows affected: 0
[2026-05-16T11:35:32.652+0000] {logging_mixin.py:188} INFO - payments: 0 sətir tapıldı
[2026-05-16T11:35:32.652+0000] {logging_mixin.py:188} INFO - Delta yoxdur.
[2026-05-16T11:35:32.653+0000] {python.py:237} INFO - Done. Returned value was: None
[2026-05-16T11:35:32.653+0000] {taskinstance.py:441} INFO - ::group::Post task execution logs
[2026-05-16T11:35:32.659+0000] {taskinstance.py:1206} INFO - Marking task as SUCCESS. dag_id=incremental_load_dag, task_id=load_payments, run_id=manual__2026-05-16T11:35:29.842096+00:00, execution_date=20260516T113529, start_date=20260516T113532, end_date=20260516T113532
[2026-05-16T11:35:32.703+0000] {local_task_job_runner.py:243} INFO - Task exited with return code 0
[2026-05-16T11:35:32.712+0000] {taskinstance.py:3503} INFO - 0 downstream tasks scheduled from follow-on schedule check
[2026-05-16T11:35:32.714+0000] {local_task_job_runner.py:222} INFO - ::endgroup::
