[2026-05-16T11:00:53.454+0000] {local_task_job_runner.py:120} INFO - ::group::Pre task execution logs
[2026-05-16T11:00:53.489+0000] {taskinstance.py:2076} INFO - Dependencies all met for dep_context=non-requeueable deps ti=<TaskInstance: incremental_load_dag.get_watermark_products manual__2026-05-16T11:00:51.078631+00:00 [queued]>
[2026-05-16T11:00:53.500+0000] {taskinstance.py:2076} INFO - Dependencies all met for dep_context=requeueable deps ti=<TaskInstance: incremental_load_dag.get_watermark_products manual__2026-05-16T11:00:51.078631+00:00 [queued]>
[2026-05-16T11:00:53.500+0000] {taskinstance.py:2306} INFO - Starting attempt 1 of 1
[2026-05-16T11:00:53.512+0000] {taskinstance.py:2330} INFO - Executing <Task(PythonOperator): get_watermark_products> on 2026-05-16 11:00:51.078631+00:00
[2026-05-16T11:00:53.523+0000] {warnings.py:112} WARNING - /home/***/.local/lib/python3.12/site-packages/***/task/task_runner/standard_task_runner.py:62: DeprecationWarning: This process (pid=643) is multi-threaded, use of fork() may lead to deadlocks in the child.
  pid = os.fork()

[2026-05-16T11:00:53.525+0000] {standard_task_runner.py:64} INFO - Started process 652 to run task
[2026-05-16T11:00:53.531+0000] {standard_task_runner.py:90} INFO - Running: ['***', 'tasks', 'run', 'incremental_load_dag', 'get_watermark_products', 'manual__2026-05-16T11:00:51.078631+00:00', '--job-id', '98', '--raw', '--subdir', 'DAGS_FOLDER/inc_load.py', '--cfg-path', '/tmp/tmp1cwk3a6z']
[2026-05-16T11:00:53.537+0000] {standard_task_runner.py:91} INFO - Job 98: Subtask get_watermark_products
[2026-05-16T11:00:53.585+0000] {task_command.py:426} INFO - Running <TaskInstance: incremental_load_dag.get_watermark_products manual__2026-05-16T11:00:51.078631+00:00 [running]> on host 0161a3f0b6d6
[2026-05-16T11:00:53.664+0000] {taskinstance.py:2648} INFO - Exporting env vars: AIRFLOW_CTX_DAG_OWNER='***' AIRFLOW_CTX_DAG_ID='incremental_load_dag' AIRFLOW_CTX_TASK_ID='get_watermark_products' AIRFLOW_CTX_EXECUTION_DATE='2026-05-16T11:00:51.078631+00:00' AIRFLOW_CTX_TRY_NUMBER='1' AIRFLOW_CTX_DAG_RUN_ID='manual__2026-05-16T11:00:51.078631+00:00'
[2026-05-16T11:00:53.666+0000] {taskinstance.py:430} INFO - ::endgroup::
[2026-05-16T11:00:53.675+0000] {base.py:84} INFO - Using connection ID 'target_db' for task execution.
[2026-05-16T11:00:53.678+0000] {sql.py:495} INFO - Running statement: SELECT MAX(updated_at) FROM staging.stg_products;, parameters: None
[2026-05-16T11:00:53.679+0000] {sql.py:504} INFO - Rows affected: 1
[2026-05-16T11:00:53.681+0000] {logging_mixin.py:188} INFO - staging.stg_products: watermark = 2000-01-01 00:00:00
[2026-05-16T11:00:53.693+0000] {python.py:237} INFO - Done. Returned value was: None
[2026-05-16T11:00:53.694+0000] {taskinstance.py:441} INFO - ::group::Post task execution logs
[2026-05-16T11:00:53.704+0000] {taskinstance.py:1206} INFO - Marking task as SUCCESS. dag_id=incremental_load_dag, task_id=get_watermark_products, run_id=manual__2026-05-16T11:00:51.078631+00:00, execution_date=20260516T110051, start_date=20260516T110053, end_date=20260516T110053
[2026-05-16T11:00:53.747+0000] {local_task_job_runner.py:243} INFO - Task exited with return code 0
[2026-05-16T11:00:53.770+0000] {taskinstance.py:3503} INFO - 1 downstream tasks scheduled from follow-on schedule check
[2026-05-16T11:00:53.772+0000] {local_task_job_runner.py:222} INFO - ::endgroup::
