[2026-05-16T11:00:54.795+0000] {local_task_job_runner.py:120} INFO - ::group::Pre task execution logs
[2026-05-16T11:00:54.804+0000] {taskinstance.py:2076} INFO - Dependencies all met for dep_context=non-requeueable deps ti=<TaskInstance: incremental_load_dag.load_products manual__2026-05-16T11:00:51.078631+00:00 [queued]>
[2026-05-16T11:00:54.807+0000] {taskinstance.py:2076} INFO - Dependencies all met for dep_context=requeueable deps ti=<TaskInstance: incremental_load_dag.load_products manual__2026-05-16T11:00:51.078631+00:00 [queued]>
[2026-05-16T11:00:54.807+0000] {taskinstance.py:2306} INFO - Starting attempt 1 of 1
[2026-05-16T11:00:54.811+0000] {taskinstance.py:2330} INFO - Executing <Task(PythonOperator): load_products> on 2026-05-16 11:00:51.078631+00:00
[2026-05-16T11:00:54.814+0000] {warnings.py:112} WARNING - /home/***/.local/lib/python3.12/site-packages/***/task/task_runner/standard_task_runner.py:62: DeprecationWarning: This process (pid=653) is multi-threaded, use of fork() may lead to deadlocks in the child.
  pid = os.fork()

[2026-05-16T11:00:54.815+0000] {standard_task_runner.py:64} INFO - Started process 659 to run task
[2026-05-16T11:00:54.815+0000] {standard_task_runner.py:90} INFO - Running: ['***', 'tasks', 'run', 'incremental_load_dag', 'load_products', 'manual__2026-05-16T11:00:51.078631+00:00', '--job-id', '103', '--raw', '--subdir', 'DAGS_FOLDER/inc_load.py', '--cfg-path', '/tmp/tmp_u1pnw64']
[2026-05-16T11:00:54.816+0000] {standard_task_runner.py:91} INFO - Job 103: Subtask load_products
[2026-05-16T11:00:54.833+0000] {task_command.py:426} INFO - Running <TaskInstance: incremental_load_dag.load_products manual__2026-05-16T11:00:51.078631+00:00 [running]> on host 0161a3f0b6d6
[2026-05-16T11:00:54.864+0000] {taskinstance.py:2648} INFO - Exporting env vars: AIRFLOW_CTX_DAG_OWNER='***' AIRFLOW_CTX_DAG_ID='incremental_load_dag' AIRFLOW_CTX_TASK_ID='load_products' AIRFLOW_CTX_EXECUTION_DATE='2026-05-16T11:00:51.078631+00:00' AIRFLOW_CTX_TRY_NUMBER='1' AIRFLOW_CTX_DAG_RUN_ID='manual__2026-05-16T11:00:51.078631+00:00'
[2026-05-16T11:00:54.865+0000] {taskinstance.py:430} INFO - ::endgroup::
[2026-05-16T11:00:54.871+0000] {base.py:84} INFO - Using connection ID 'source_db' for task execution.
[2026-05-16T11:00:54.873+0000] {sql.py:495} INFO - Running statement: SELECT product_id, product_name, category, brand, price, cost, stock_quantity, is_active, created_at, updated_at FROM products WHERE updated_at > %s;, parameters: ['2000-01-01 00:00:00']
[2026-05-16T11:00:54.874+0000] {sql.py:504} INFO - Rows affected: 18
[2026-05-16T11:00:54.877+0000] {base.py:84} INFO - Using connection ID 'target_db' for task execution.
[2026-05-16T11:00:54.879+0000] {taskinstance.py:441} INFO - ::group::Post task execution logs
[2026-05-16T11:00:54.879+0000] {taskinstance.py:2905} ERROR - Task failed with exception
Traceback (most recent call last):
  File "/home/airflow/.local/lib/python3.12/site-packages/airflow/models/taskinstance.py", line 465, in _execute_task
    result = _execute_callable(context=context, **execute_callable_kwargs)
             ^^^^^^^^^^^^^^^^^^^^^^^^^^^^^^^^^^^^^^^^^^^^^^^^^^^^^^^^^^^^^
  File "/home/airflow/.local/lib/python3.12/site-packages/airflow/models/taskinstance.py", line 432, in _execute_callable
    return execute_callable(context=context, **execute_callable_kwargs)
           ^^^^^^^^^^^^^^^^^^^^^^^^^^^^^^^^^^^^^^^^^^^^^^^^^^^^^^^^^^^^
  File "/home/airflow/.local/lib/python3.12/site-packages/airflow/models/baseoperator.py", line 401, in wrapper
    return func(self, *args, **kwargs)
           ^^^^^^^^^^^^^^^^^^^^^^^^^^^
  File "/home/airflow/.local/lib/python3.12/site-packages/airflow/operators/python.py", line 235, in execute
    return_value = self.execute_callable()
                   ^^^^^^^^^^^^^^^^^^^^^^^
  File "/home/airflow/.local/lib/python3.12/site-packages/airflow/operators/python.py", line 252, in execute_callable
    return self.python_callable(*self.op_args, **self.op_kwargs)
           ^^^^^^^^^^^^^^^^^^^^^^^^^^^^^^^^^^^^^^^^^^^^^^^^^^^^^
  File "/opt/airflow/dags/inc_load.py", line 91, in incremental_load
    cur.executemany(upsert_sql, [row + (batch_id,) for row in rows])
psycopg2.errors.InvalidColumnReference: there is no unique or exclusion constraint matching the ON CONFLICT specification

[2026-05-16T11:00:54.882+0000] {taskinstance.py:1206} INFO - Marking task as FAILED. dag_id=incremental_load_dag, task_id=load_products, run_id=manual__2026-05-16T11:00:51.078631+00:00, execution_date=20260516T110051, start_date=20260516T110054, end_date=20260516T110054
[2026-05-16T11:00:54.887+0000] {standard_task_runner.py:110} ERROR - Failed to execute job 103 for task load_products (there is no unique or exclusion constraint matching the ON CONFLICT specification
; 659)
[2026-05-16T11:00:54.908+0000] {local_task_job_runner.py:243} INFO - Task exited with return code 1
[2026-05-16T11:00:54.916+0000] {taskinstance.py:3503} INFO - 0 downstream tasks scheduled from follow-on schedule check
[2026-05-16T11:00:54.918+0000] {local_task_job_runner.py:222} INFO - ::endgroup::
