[2026-05-16T11:35:32.665+0000] {local_task_job_runner.py:120} INFO - ::group::Pre task execution logs
[2026-05-16T11:35:32.677+0000] {taskinstance.py:2076} INFO - Dependencies all met for dep_context=non-requeueable deps ti=<TaskInstance: incremental_load_dag.load_order_items manual__2026-05-16T11:35:29.842096+00:00 [queued]>
[2026-05-16T11:35:32.680+0000] {taskinstance.py:2076} INFO - Dependencies all met for dep_context=requeueable deps ti=<TaskInstance: incremental_load_dag.load_order_items manual__2026-05-16T11:35:29.842096+00:00 [queued]>
[2026-05-16T11:35:32.680+0000] {taskinstance.py:2306} INFO - Starting attempt 1 of 1
[2026-05-16T11:35:32.684+0000] {taskinstance.py:2330} INFO - Executing <Task(PythonOperator): load_order_items> on 2026-05-16 11:35:29.842096+00:00
[2026-05-16T11:35:32.687+0000] {warnings.py:112} WARNING - /home/***/.local/lib/python3.12/site-packages/***/task/task_runner/standard_task_runner.py:62: DeprecationWarning: This process (pid=1245) is multi-threaded, use of fork() may lead to deadlocks in the child.
  pid = os.fork()

[2026-05-16T11:35:32.687+0000] {standard_task_runner.py:64} INFO - Started process 1255 to run task
[2026-05-16T11:35:32.688+0000] {standard_task_runner.py:90} INFO - Running: ['***', 'tasks', 'run', 'incremental_load_dag', 'load_order_items', 'manual__2026-05-16T11:35:29.842096+00:00', '--job-id', '146', '--raw', '--subdir', 'DAGS_FOLDER/inc_load.py', '--cfg-path', '/tmp/tmpn5q_8ztb']
[2026-05-16T11:35:32.689+0000] {standard_task_runner.py:91} INFO - Job 146: Subtask load_order_items
[2026-05-16T11:35:32.702+0000] {task_command.py:426} INFO - Running <TaskInstance: incremental_load_dag.load_order_items manual__2026-05-16T11:35:29.842096+00:00 [running]> on host 0161a3f0b6d6
[2026-05-16T11:35:32.760+0000] {taskinstance.py:2648} INFO - Exporting env vars: AIRFLOW_CTX_DAG_OWNER='***' AIRFLOW_CTX_DAG_ID='incremental_load_dag' AIRFLOW_CTX_TASK_ID='load_order_items' AIRFLOW_CTX_EXECUTION_DATE='2026-05-16T11:35:29.842096+00:00' AIRFLOW_CTX_TRY_NUMBER='1' AIRFLOW_CTX_DAG_RUN_ID='manual__2026-05-16T11:35:29.842096+00:00'
[2026-05-16T11:35:32.761+0000] {taskinstance.py:430} INFO - ::endgroup::
[2026-05-16T11:35:32.764+0000] {base.py:84} INFO - Using connection ID 'target_db' for task execution.
[2026-05-16T11:35:32.765+0000] {sql.py:495} INFO - Running statement: SELECT MAX(created_at) FROM staging.stg_order_items;, parameters: None
[2026-05-16T11:35:32.765+0000] {sql.py:504} INFO - Rows affected: 1
[2026-05-16T11:35:32.766+0000] {logging_mixin.py:188} INFO - Watermark: 2024-09-15 11:45:00
[2026-05-16T11:35:32.767+0000] {base.py:84} INFO - Using connection ID 'source_db' for task execution.
[2026-05-16T11:35:32.768+0000] {sql.py:495} INFO - Running statement: SELECT item_id, order_id, product_id, quantity, unit_price, discount, total_price, created_at FROM order_items WHERE created_at > %s;, parameters: [datetime.datetime(2024, 9, 15, 11, 45)]
[2026-05-16T11:35:32.769+0000] {sql.py:504} INFO - Rows affected: 0
[2026-05-16T11:35:32.769+0000] {logging_mixin.py:188} INFO - order_items: 0 sətir tapıldı
[2026-05-16T11:35:32.769+0000] {logging_mixin.py:188} INFO - Delta yoxdur.
[2026-05-16T11:35:32.769+0000] {python.py:237} INFO - Done. Returned value was: None
[2026-05-16T11:35:32.769+0000] {taskinstance.py:441} INFO - ::group::Post task execution logs
[2026-05-16T11:35:32.772+0000] {taskinstance.py:1206} INFO - Marking task as SUCCESS. dag_id=incremental_load_dag, task_id=load_order_items, run_id=manual__2026-05-16T11:35:29.842096+00:00, execution_date=20260516T113529, start_date=20260516T113532, end_date=20260516T113532
[2026-05-16T11:35:32.781+0000] {local_task_job_runner.py:243} INFO - Task exited with return code 0
[2026-05-16T11:35:32.786+0000] {taskinstance.py:3503} INFO - 0 downstream tasks scheduled from follow-on schedule check
[2026-05-16T11:35:32.786+0000] {local_task_job_runner.py:222} INFO - ::endgroup::
