[2026-05-16T11:36:06.843+0000] {local_task_job_runner.py:120} INFO - ::group::Pre task execution logs
[2026-05-16T11:36:06.849+0000] {taskinstance.py:2076} INFO - Dependencies all met for dep_context=non-requeueable deps ti=<TaskInstance: dwh_modeling_dag.load_fact_sales manual__2026-05-16T11:36:03.135778+00:00 [queued]>
[2026-05-16T11:36:06.851+0000] {taskinstance.py:2076} INFO - Dependencies all met for dep_context=requeueable deps ti=<TaskInstance: dwh_modeling_dag.load_fact_sales manual__2026-05-16T11:36:03.135778+00:00 [queued]>
[2026-05-16T11:36:06.851+0000] {taskinstance.py:2306} INFO - Starting attempt 1 of 1
[2026-05-16T11:36:06.855+0000] {taskinstance.py:2330} INFO - Executing <Task(PythonOperator): load_fact_sales> on 2026-05-16 11:36:03.135778+00:00
[2026-05-16T11:36:06.858+0000] {warnings.py:112} WARNING - /home/***/.local/lib/python3.12/site-packages/***/task/task_runner/standard_task_runner.py:62: DeprecationWarning: This process (pid=1282) is multi-threaded, use of fork() may lead to deadlocks in the child.
  pid = os.fork()

[2026-05-16T11:36:06.858+0000] {standard_task_runner.py:64} INFO - Started process 1284 to run task
[2026-05-16T11:36:06.858+0000] {standard_task_runner.py:90} INFO - Running: ['***', 'tasks', 'run', 'dwh_modeling_dag', 'load_fact_sales', 'manual__2026-05-16T11:36:03.135778+00:00', '--job-id', '151', '--raw', '--subdir', 'DAGS_FOLDER/dwh_layer.py', '--cfg-path', '/tmp/tmpg9a8i965']
[2026-05-16T11:36:06.860+0000] {standard_task_runner.py:91} INFO - Job 151: Subtask load_fact_sales
[2026-05-16T11:36:06.874+0000] {task_command.py:426} INFO - Running <TaskInstance: dwh_modeling_dag.load_fact_sales manual__2026-05-16T11:36:03.135778+00:00 [running]> on host 0161a3f0b6d6
[2026-05-16T11:36:06.899+0000] {taskinstance.py:2648} INFO - Exporting env vars: AIRFLOW_CTX_DAG_OWNER='***' AIRFLOW_CTX_DAG_ID='dwh_modeling_dag' AIRFLOW_CTX_TASK_ID='load_fact_sales' AIRFLOW_CTX_EXECUTION_DATE='2026-05-16T11:36:03.135778+00:00' AIRFLOW_CTX_TRY_NUMBER='1' AIRFLOW_CTX_DAG_RUN_ID='manual__2026-05-16T11:36:03.135778+00:00'
[2026-05-16T11:36:06.900+0000] {taskinstance.py:430} INFO - ::endgroup::
[2026-05-16T11:36:06.903+0000] {base.py:84} INFO - Using connection ID 'target_db' for task execution.
[2026-05-16T11:36:06.905+0000] {logging_mixin.py:188} INFO - fact_sales: 0 yeni sətir
[2026-05-16T11:36:06.905+0000] {python.py:237} INFO - Done. Returned value was: None
[2026-05-16T11:36:06.905+0000] {taskinstance.py:441} INFO - ::group::Post task execution logs
[2026-05-16T11:36:06.908+0000] {taskinstance.py:1206} INFO - Marking task as SUCCESS. dag_id=dwh_modeling_dag, task_id=load_fact_sales, run_id=manual__2026-05-16T11:36:03.135778+00:00, execution_date=20260516T113603, start_date=20260516T113606, end_date=20260516T113606
[2026-05-16T11:36:06.951+0000] {local_task_job_runner.py:243} INFO - Task exited with return code 0
[2026-05-16T11:36:06.957+0000] {taskinstance.py:3503} INFO - 0 downstream tasks scheduled from follow-on schedule check
[2026-05-16T11:36:06.957+0000] {local_task_job_runner.py:222} INFO - ::endgroup::
