[2026-05-16T11:00:54.359+0000] {local_task_job_runner.py:120} INFO - ::group::Pre task execution logs
[2026-05-16T11:00:54.390+0000] {taskinstance.py:2076} INFO - Dependencies all met for dep_context=non-requeueable deps ti=<TaskInstance: incremental_load_dag.get_watermark_orders manual__2026-05-16T11:00:51.078631+00:00 [queued]>
[2026-05-16T11:00:54.395+0000] {taskinstance.py:2076} INFO - Dependencies all met for dep_context=requeueable deps ti=<TaskInstance: incremental_load_dag.get_watermark_orders manual__2026-05-16T11:00:51.078631+00:00 [queued]>
[2026-05-16T11:00:54.396+0000] {taskinstance.py:2306} INFO - Starting attempt 1 of 1
[2026-05-16T11:00:54.409+0000] {taskinstance.py:2330} INFO - Executing <Task(PythonOperator): get_watermark_orders> on 2026-05-16 11:00:51.078631+00:00
[2026-05-16T11:00:54.425+0000] {warnings.py:112} WARNING - /home/***/.local/lib/python3.12/site-packages/***/task/task_runner/standard_task_runner.py:62: DeprecationWarning: This process (pid=646) is multi-threaded, use of fork() may lead to deadlocks in the child.
  pid = os.fork()

[2026-05-16T11:00:54.423+0000] {standard_task_runner.py:90} INFO - Running: ['***', 'tasks', 'run', 'incremental_load_dag', 'get_watermark_orders', 'manual__2026-05-16T11:00:51.078631+00:00', '--job-id', '102', '--raw', '--subdir', 'DAGS_FOLDER/inc_load.py', '--cfg-path', '/tmp/tmpeap81g3d']
[2026-05-16T11:00:54.428+0000] {standard_task_runner.py:91} INFO - Job 102: Subtask get_watermark_orders
[2026-05-16T11:00:54.428+0000] {standard_task_runner.py:64} INFO - Started process 657 to run task
[2026-05-16T11:00:54.474+0000] {task_command.py:426} INFO - Running <TaskInstance: incremental_load_dag.get_watermark_orders manual__2026-05-16T11:00:51.078631+00:00 [running]> on host 0161a3f0b6d6
[2026-05-16T11:00:54.541+0000] {taskinstance.py:2648} INFO - Exporting env vars: AIRFLOW_CTX_DAG_OWNER='***' AIRFLOW_CTX_DAG_ID='incremental_load_dag' AIRFLOW_CTX_TASK_ID='get_watermark_orders' AIRFLOW_CTX_EXECUTION_DATE='2026-05-16T11:00:51.078631+00:00' AIRFLOW_CTX_TRY_NUMBER='1' AIRFLOW_CTX_DAG_RUN_ID='manual__2026-05-16T11:00:51.078631+00:00'
[2026-05-16T11:00:54.542+0000] {taskinstance.py:430} INFO - ::endgroup::
[2026-05-16T11:00:54.546+0000] {base.py:84} INFO - Using connection ID 'target_db' for task execution.
[2026-05-16T11:00:54.547+0000] {sql.py:495} INFO - Running statement: SELECT MAX(created_at) FROM staging.stg_orders;, parameters: None
[2026-05-16T11:00:54.547+0000] {sql.py:504} INFO - Rows affected: 1
[2026-05-16T11:00:54.548+0000] {logging_mixin.py:188} INFO - staging.stg_orders: watermark = 2000-01-01 00:00:00
[2026-05-16T11:00:54.552+0000] {python.py:237} INFO - Done. Returned value was: None
[2026-05-16T11:00:54.552+0000] {taskinstance.py:441} INFO - ::group::Post task execution logs
[2026-05-16T11:00:54.555+0000] {taskinstance.py:1206} INFO - Marking task as SUCCESS. dag_id=incremental_load_dag, task_id=get_watermark_orders, run_id=manual__2026-05-16T11:00:51.078631+00:00, execution_date=20260516T110051, start_date=20260516T110054, end_date=20260516T110054
[2026-05-16T11:00:54.568+0000] {local_task_job_runner.py:243} INFO - Task exited with return code 0
[2026-05-16T11:00:54.578+0000] {taskinstance.py:3503} INFO - 1 downstream tasks scheduled from follow-on schedule check
[2026-05-16T11:00:54.579+0000] {local_task_job_runner.py:222} INFO - ::endgroup::
