[2026-05-16T11:38:40.313+0000] {local_task_job_runner.py:120} INFO - ::group::Pre task execution logs
[2026-05-16T11:38:40.322+0000] {taskinstance.py:2076} INFO - Dependencies all met for dep_context=non-requeueable deps ti=<TaskInstance: data_mart_dag.load_mart_product_performance manual__2026-05-16T11:36:52.280207+00:00 [queued]>
[2026-05-16T11:38:40.325+0000] {taskinstance.py:2076} INFO - Dependencies all met for dep_context=requeueable deps ti=<TaskInstance: data_mart_dag.load_mart_product_performance manual__2026-05-16T11:36:52.280207+00:00 [queued]>
[2026-05-16T11:38:40.325+0000] {taskinstance.py:2306} INFO - Starting attempt 2 of 2
[2026-05-16T11:38:40.328+0000] {taskinstance.py:2330} INFO - Executing <Task(PythonOperator): load_mart_product_performance> on 2026-05-16 11:36:52.280207+00:00
[2026-05-16T11:38:40.331+0000] {warnings.py:112} WARNING - /home/***/.local/lib/python3.12/site-packages/***/task/task_runner/standard_task_runner.py:62: DeprecationWarning: This process (pid=1322) is multi-threaded, use of fork() may lead to deadlocks in the child.
  pid = os.fork()

[2026-05-16T11:38:40.332+0000] {standard_task_runner.py:64} INFO - Started process 1324 to run task
[2026-05-16T11:38:40.332+0000] {standard_task_runner.py:90} INFO - Running: ['***', 'tasks', 'run', 'data_mart_dag', 'load_mart_product_performance', 'manual__2026-05-16T11:36:52.280207+00:00', '--job-id', '155', '--raw', '--subdir', 'DAGS_FOLDER/data_mart.py', '--cfg-path', '/tmp/tmpjn34r6xd']
[2026-05-16T11:38:40.334+0000] {standard_task_runner.py:91} INFO - Job 155: Subtask load_mart_product_performance
[2026-05-16T11:38:40.359+0000] {task_command.py:426} INFO - Running <TaskInstance: data_mart_dag.load_mart_product_performance manual__2026-05-16T11:36:52.280207+00:00 [running]> on host 0161a3f0b6d6
[2026-05-16T11:38:40.385+0000] {taskinstance.py:2648} INFO - Exporting env vars: AIRFLOW_CTX_DAG_OWNER='***' AIRFLOW_CTX_DAG_ID='data_mart_dag' AIRFLOW_CTX_TASK_ID='load_mart_product_performance' AIRFLOW_CTX_EXECUTION_DATE='2026-05-16T11:36:52.280207+00:00' AIRFLOW_CTX_TRY_NUMBER='2' AIRFLOW_CTX_DAG_RUN_ID='manual__2026-05-16T11:36:52.280207+00:00'
[2026-05-16T11:38:40.386+0000] {taskinstance.py:430} INFO - ::endgroup::
[2026-05-16T11:38:40.389+0000] {base.py:84} INFO - Using connection ID 'target_db' for task execution.
[2026-05-16T11:38:40.395+0000] {logging_mixin.py:188} INFO - mart_product_performance: tamamlandı
[2026-05-16T11:38:40.395+0000] {python.py:237} INFO - Done. Returned value was: None
[2026-05-16T11:38:40.395+0000] {taskinstance.py:441} INFO - ::group::Post task execution logs
[2026-05-16T11:38:40.398+0000] {taskinstance.py:1206} INFO - Marking task as SUCCESS. dag_id=data_mart_dag, task_id=load_mart_product_performance, run_id=manual__2026-05-16T11:36:52.280207+00:00, execution_date=20260516T113652, start_date=20260516T113840, end_date=20260516T113840
[2026-05-16T11:38:40.425+0000] {local_task_job_runner.py:243} INFO - Task exited with return code 0
[2026-05-16T11:38:40.432+0000] {taskinstance.py:3503} INFO - 0 downstream tasks scheduled from follow-on schedule check
[2026-05-16T11:38:40.432+0000] {local_task_job_runner.py:222} INFO - ::endgroup::
