[2026-05-16T11:36:54.933+0000] {local_task_job_runner.py:120} INFO - ::group::Pre task execution logs
[2026-05-16T11:36:54.948+0000] {taskinstance.py:2076} INFO - Dependencies all met for dep_context=non-requeueable deps ti=<TaskInstance: data_mart_dag.load_mart_product_performance manual__2026-05-16T11:36:52.280207+00:00 [queued]>
[2026-05-16T11:36:54.956+0000] {taskinstance.py:2076} INFO - Dependencies all met for dep_context=requeueable deps ti=<TaskInstance: data_mart_dag.load_mart_product_performance manual__2026-05-16T11:36:52.280207+00:00 [queued]>
[2026-05-16T11:36:54.956+0000] {taskinstance.py:2306} INFO - Starting attempt 1 of 1
[2026-05-16T11:36:54.966+0000] {taskinstance.py:2330} INFO - Executing <Task(PythonOperator): load_mart_product_performance> on 2026-05-16 11:36:52.280207+00:00
[2026-05-16T11:36:54.970+0000] {warnings.py:112} WARNING - /home/***/.local/lib/python3.12/site-packages/***/task/task_runner/standard_task_runner.py:62: DeprecationWarning: This process (pid=1294) is multi-threaded, use of fork() may lead to deadlocks in the child.
  pid = os.fork()

[2026-05-16T11:36:54.972+0000] {standard_task_runner.py:64} INFO - Started process 1300 to run task
[2026-05-16T11:36:54.973+0000] {standard_task_runner.py:90} INFO - Running: ['***', 'tasks', 'run', 'data_mart_dag', 'load_mart_product_performance', 'manual__2026-05-16T11:36:52.280207+00:00', '--job-id', '154', '--raw', '--subdir', 'DAGS_FOLDER/data_mart.py', '--cfg-path', '/tmp/tmp89jkxn9r']
[2026-05-16T11:36:54.976+0000] {standard_task_runner.py:91} INFO - Job 154: Subtask load_mart_product_performance
[2026-05-16T11:36:55.012+0000] {task_command.py:426} INFO - Running <TaskInstance: data_mart_dag.load_mart_product_performance manual__2026-05-16T11:36:52.280207+00:00 [running]> on host 0161a3f0b6d6
[2026-05-16T11:36:55.060+0000] {taskinstance.py:2648} INFO - Exporting env vars: AIRFLOW_CTX_DAG_OWNER='***' AIRFLOW_CTX_DAG_ID='data_mart_dag' AIRFLOW_CTX_TASK_ID='load_mart_product_performance' AIRFLOW_CTX_EXECUTION_DATE='2026-05-16T11:36:52.280207+00:00' AIRFLOW_CTX_TRY_NUMBER='1' AIRFLOW_CTX_DAG_RUN_ID='manual__2026-05-16T11:36:52.280207+00:00'
[2026-05-16T11:36:55.061+0000] {taskinstance.py:430} INFO - ::endgroup::
[2026-05-16T11:36:55.069+0000] {base.py:84} INFO - Using connection ID 'target_db' for task execution.
[2026-05-16T11:36:55.071+0000] {taskinstance.py:441} INFO - ::group::Post task execution logs
[2026-05-16T11:36:55.071+0000] {taskinstance.py:2905} ERROR - Task failed with exception
Traceback (most recent call last):
  File "/home/airflow/.local/lib/python3.12/site-packages/airflow/models/taskinstance.py", line 465, in _execute_task
    result = _execute_callable(context=context, **execute_callable_kwargs)
             ^^^^^^^^^^^^^^^^^^^^^^^^^^^^^^^^^^^^^^^^^^^^^^^^^^^^^^^^^^^^^
  File "/home/airflow/.local/lib/python3.12/site-packages/airflow/models/taskinstance.py", line 432, in _execute_callable
    return execute_callable(context=context, **execute_callable_kwargs)
           ^^^^^^^^^^^^^^^^^^^^^^^^^^^^^^^^^^^^^^^^^^^^^^^^^^^^^^^^^^^^
  File "/home/airflow/.local/lib/python3.12/site-packages/airflow/models/baseoperator.py", line 401, in wrapper
    return func(self, *args, **kwargs)
           ^^^^^^^^^^^^^^^^^^^^^^^^^^^
  File "/home/airflow/.local/lib/python3.12/site-packages/airflow/operators/python.py", line 235, in execute
    return_value = self.execute_callable()
                   ^^^^^^^^^^^^^^^^^^^^^^^
  File "/home/airflow/.local/lib/python3.12/site-packages/airflow/operators/python.py", line 252, in execute_callable
    return self.python_callable(*self.op_args, **self.op_kwargs)
           ^^^^^^^^^^^^^^^^^^^^^^^^^^^^^^^^^^^^^^^^^^^^^^^^^^^^^
  File "/opt/airflow/dags/data_mart.py", line 91, in load_mart_product_performance
    cur.execute("TRUNCATE TABLE data_mart.mart_product_performance;")
psycopg2.errors.UndefinedTable: relation "data_mart.mart_product_performance" does not exist

[2026-05-16T11:36:55.078+0000] {taskinstance.py:1206} INFO - Marking task as FAILED. dag_id=data_mart_dag, task_id=load_mart_product_performance, run_id=manual__2026-05-16T11:36:52.280207+00:00, execution_date=20260516T113652, start_date=20260516T113654, end_date=20260516T113655
[2026-05-16T11:36:55.083+0000] {standard_task_runner.py:110} ERROR - Failed to execute job 154 for task load_mart_product_performance (relation "data_mart.mart_product_performance" does not exist
; 1300)
[2026-05-16T11:36:55.109+0000] {local_task_job_runner.py:243} INFO - Task exited with return code 1
[2026-05-16T11:36:55.116+0000] {taskinstance.py:3503} INFO - 0 downstream tasks scheduled from follow-on schedule check
[2026-05-16T11:36:55.117+0000] {local_task_job_runner.py:222} INFO - ::endgroup::
