[2026-05-16T11:00:56.057+0000] {local_task_job_runner.py:120} INFO - ::group::Pre task execution logs
[2026-05-16T11:00:56.066+0000] {taskinstance.py:2076} INFO - Dependencies all met for dep_context=non-requeueable deps ti=<TaskInstance: incremental_load_dag.load_payments manual__2026-05-16T11:00:51.078631+00:00 [queued]>
[2026-05-16T11:00:56.071+0000] {taskinstance.py:2076} INFO - Dependencies all met for dep_context=requeueable deps ti=<TaskInstance: incremental_load_dag.load_payments manual__2026-05-16T11:00:51.078631+00:00 [queued]>
[2026-05-16T11:00:56.071+0000] {taskinstance.py:2306} INFO - Starting attempt 1 of 1
[2026-05-16T11:00:56.079+0000] {taskinstance.py:2330} INFO - Executing <Task(PythonOperator): load_payments> on 2026-05-16 11:00:51.078631+00:00
[2026-05-16T11:00:56.088+0000] {warnings.py:112} WARNING - /home/***/.local/lib/python3.12/site-packages/***/task/task_runner/standard_task_runner.py:62: DeprecationWarning: This process (pid=663) is multi-threaded, use of fork() may lead to deadlocks in the child.
  pid = os.fork()

[2026-05-16T11:00:56.090+0000] {standard_task_runner.py:64} INFO - Started process 671 to run task
[2026-05-16T11:00:56.089+0000] {standard_task_runner.py:90} INFO - Running: ['***', 'tasks', 'run', 'incremental_load_dag', 'load_payments', 'manual__2026-05-16T11:00:51.078631+00:00', '--job-id', '107', '--raw', '--subdir', 'DAGS_FOLDER/inc_load.py', '--cfg-path', '/tmp/tmpa814_jzm']
[2026-05-16T11:00:56.091+0000] {standard_task_runner.py:91} INFO - Job 107: Subtask load_payments
[2026-05-16T11:00:56.122+0000] {task_command.py:426} INFO - Running <TaskInstance: incremental_load_dag.load_payments manual__2026-05-16T11:00:51.078631+00:00 [running]> on host 0161a3f0b6d6
[2026-05-16T11:00:56.161+0000] {taskinstance.py:2648} INFO - Exporting env vars: AIRFLOW_CTX_DAG_OWNER='***' AIRFLOW_CTX_DAG_ID='incremental_load_dag' AIRFLOW_CTX_TASK_ID='load_payments' AIRFLOW_CTX_EXECUTION_DATE='2026-05-16T11:00:51.078631+00:00' AIRFLOW_CTX_TRY_NUMBER='1' AIRFLOW_CTX_DAG_RUN_ID='manual__2026-05-16T11:00:51.078631+00:00'
[2026-05-16T11:00:56.162+0000] {taskinstance.py:430} INFO - ::endgroup::
[2026-05-16T11:00:56.169+0000] {base.py:84} INFO - Using connection ID 'source_db' for task execution.
[2026-05-16T11:00:56.171+0000] {sql.py:495} INFO - Running statement: SELECT payment_id, order_id, payment_method, amount, payment_date, status, transaction_ref FROM payments WHERE payment_date > %s;, parameters: ['2000-01-01 00:00:00']
[2026-05-16T11:00:56.171+0000] {sql.py:504} INFO - Rows affected: 40
[2026-05-16T11:00:56.174+0000] {base.py:84} INFO - Using connection ID 'target_db' for task execution.
[2026-05-16T11:00:56.175+0000] {taskinstance.py:441} INFO - ::group::Post task execution logs
[2026-05-16T11:00:56.176+0000] {taskinstance.py:2905} ERROR - Task failed with exception
Traceback (most recent call last):
  File "/home/airflow/.local/lib/python3.12/site-packages/airflow/models/taskinstance.py", line 465, in _execute_task
    result = _execute_callable(context=context, **execute_callable_kwargs)
             ^^^^^^^^^^^^^^^^^^^^^^^^^^^^^^^^^^^^^^^^^^^^^^^^^^^^^^^^^^^^^
  File "/home/airflow/.local/lib/python3.12/site-packages/airflow/models/taskinstance.py", line 432, in _execute_callable
    return execute_callable(context=context, **execute_callable_kwargs)
           ^^^^^^^^^^^^^^^^^^^^^^^^^^^^^^^^^^^^^^^^^^^^^^^^^^^^^^^^^^^^
  File "/home/airflow/.local/lib/python3.12/site-packages/airflow/models/baseoperator.py", line 401, in wrapper
    return func(self, *args, **kwargs)
           ^^^^^^^^^^^^^^^^^^^^^^^^^^^
  File "/home/airflow/.local/lib/python3.12/site-packages/airflow/operators/python.py", line 235, in execute
    return_value = self.execute_callable()
                   ^^^^^^^^^^^^^^^^^^^^^^^
  File "/home/airflow/.local/lib/python3.12/site-packages/airflow/operators/python.py", line 252, in execute_callable
    return self.python_callable(*self.op_args, **self.op_kwargs)
           ^^^^^^^^^^^^^^^^^^^^^^^^^^^^^^^^^^^^^^^^^^^^^^^^^^^^^
  File "/opt/airflow/dags/inc_load.py", line 91, in incremental_load
    cur.executemany(upsert_sql, [row + (batch_id,) for row in rows])
psycopg2.errors.InvalidColumnReference: there is no unique or exclusion constraint matching the ON CONFLICT specification

[2026-05-16T11:00:56.179+0000] {taskinstance.py:1206} INFO - Marking task as FAILED. dag_id=incremental_load_dag, task_id=load_payments, run_id=manual__2026-05-16T11:00:51.078631+00:00, execution_date=20260516T110051, start_date=20260516T110056, end_date=20260516T110056
[2026-05-16T11:00:56.183+0000] {standard_task_runner.py:110} ERROR - Failed to execute job 107 for task load_payments (there is no unique or exclusion constraint matching the ON CONFLICT specification
; 671)
[2026-05-16T11:00:56.226+0000] {local_task_job_runner.py:243} INFO - Task exited with return code 1
[2026-05-16T11:00:56.232+0000] {taskinstance.py:3503} INFO - 0 downstream tasks scheduled from follow-on schedule check
[2026-05-16T11:00:56.233+0000] {local_task_job_runner.py:222} INFO - ::endgroup::
