[2026-05-16T10:50:23.532+0000] {local_task_job_runner.py:120} INFO - ::group::Pre task execution logs
[2026-05-16T10:50:23.545+0000] {taskinstance.py:2076} INFO - Dependencies all met for dep_context=non-requeueable deps ti=<TaskInstance: full_load_dag.verify_stores manual__2026-05-16T10:50:21.694921+00:00 [queued]>
[2026-05-16T10:50:23.547+0000] {taskinstance.py:2076} INFO - Dependencies all met for dep_context=requeueable deps ti=<TaskInstance: full_load_dag.verify_stores manual__2026-05-16T10:50:21.694921+00:00 [queued]>
[2026-05-16T10:50:23.548+0000] {taskinstance.py:2306} INFO - Starting attempt 1 of 2
[2026-05-16T10:50:23.554+0000] {taskinstance.py:2330} INFO - Executing <Task(PythonOperator): verify_stores> on 2026-05-16 10:50:21.694921+00:00
[2026-05-16T10:50:23.560+0000] {warnings.py:112} WARNING - /home/***/.local/lib/python3.12/site-packages/***/task/task_runner/standard_task_runner.py:62: DeprecationWarning: This process (pid=476) is multi-threaded, use of fork() may lead to deadlocks in the child.
  pid = os.fork()

[2026-05-16T10:50:23.561+0000] {standard_task_runner.py:64} INFO - Started process 478 to run task
[2026-05-16T10:50:23.563+0000] {standard_task_runner.py:90} INFO - Running: ['***', 'tasks', 'run', 'full_load_dag', 'verify_stores', 'manual__2026-05-16T10:50:21.694921+00:00', '--job-id', '89', '--raw', '--subdir', 'DAGS_FOLDER/full_load.py', '--cfg-path', '/tmp/tmp4zoiz8t2']
[2026-05-16T10:50:23.564+0000] {standard_task_runner.py:91} INFO - Job 89: Subtask verify_stores
[2026-05-16T10:50:23.603+0000] {task_command.py:426} INFO - Running <TaskInstance: full_load_dag.verify_stores manual__2026-05-16T10:50:21.694921+00:00 [running]> on host 0161a3f0b6d6
[2026-05-16T10:50:23.695+0000] {taskinstance.py:2648} INFO - Exporting env vars: AIRFLOW_CTX_DAG_OWNER='de_course' AIRFLOW_CTX_DAG_ID='full_load_dag' AIRFLOW_CTX_TASK_ID='verify_stores' AIRFLOW_CTX_EXECUTION_DATE='2026-05-16T10:50:21.694921+00:00' AIRFLOW_CTX_TRY_NUMBER='1' AIRFLOW_CTX_DAG_RUN_ID='manual__2026-05-16T10:50:21.694921+00:00'
[2026-05-16T10:50:23.698+0000] {taskinstance.py:430} INFO - ::endgroup::
[2026-05-16T10:50:23.705+0000] {base.py:84} INFO - Using connection ID 'target_db' for task execution.
[2026-05-16T10:50:23.708+0000] {sql.py:495} INFO - Running statement: SELECT COUNT(*) FROM staging.stg_stores;, parameters: None
[2026-05-16T10:50:23.709+0000] {sql.py:504} INFO - Rows affected: 1
[2026-05-16T10:50:23.709+0000] {full_load.py:104} INFO - [verify] staging.stg_stores → 5 sətir
[2026-05-16T10:50:23.709+0000] {python.py:237} INFO - Done. Returned value was: None
[2026-05-16T10:50:23.710+0000] {taskinstance.py:441} INFO - ::group::Post task execution logs
[2026-05-16T10:50:23.715+0000] {taskinstance.py:1206} INFO - Marking task as SUCCESS. dag_id=full_load_dag, task_id=verify_stores, run_id=manual__2026-05-16T10:50:21.694921+00:00, execution_date=20260516T105021, start_date=20260516T105023, end_date=20260516T105023
[2026-05-16T10:50:23.738+0000] {local_task_job_runner.py:243} INFO - Task exited with return code 0
[2026-05-16T10:50:23.748+0000] {taskinstance.py:3503} INFO - 1 downstream tasks scheduled from follow-on schedule check
[2026-05-16T10:50:23.749+0000] {local_task_job_runner.py:222} INFO - ::endgroup::
