[2026-05-16T10:55:05.046+0000] {local_task_job_runner.py:120} INFO - ::group::Pre task execution logs
[2026-05-16T10:55:05.054+0000] {taskinstance.py:2076} INFO - Dependencies all met for dep_context=non-requeueable deps ti=<TaskInstance: full_load_dag.load_employees manual__2026-05-16T10:50:21.694921+00:00 [queued]>
[2026-05-16T10:55:05.056+0000] {taskinstance.py:2076} INFO - Dependencies all met for dep_context=requeueable deps ti=<TaskInstance: full_load_dag.load_employees manual__2026-05-16T10:50:21.694921+00:00 [queued]>
[2026-05-16T10:55:05.056+0000] {taskinstance.py:2306} INFO - Starting attempt 4 of 4
[2026-05-16T10:55:05.059+0000] {taskinstance.py:2330} INFO - Executing <Task(PythonOperator): load_employees> on 2026-05-16 10:50:21.694921+00:00
[2026-05-16T10:55:05.063+0000] {warnings.py:112} WARNING - /home/***/.local/lib/python3.12/site-packages/***/task/task_runner/standard_task_runner.py:62: DeprecationWarning: This process (pid=561) is multi-threaded, use of fork() may lead to deadlocks in the child.
  pid = os.fork()

[2026-05-16T10:55:05.064+0000] {standard_task_runner.py:64} INFO - Started process 564 to run task
[2026-05-16T10:55:05.065+0000] {standard_task_runner.py:90} INFO - Running: ['***', 'tasks', 'run', 'full_load_dag', 'load_employees', 'manual__2026-05-16T10:50:21.694921+00:00', '--job-id', '96', '--raw', '--subdir', 'DAGS_FOLDER/full_load.py', '--cfg-path', '/tmp/tmpmox5_5g3']
[2026-05-16T10:55:05.067+0000] {standard_task_runner.py:91} INFO - Job 96: Subtask load_employees
[2026-05-16T10:55:05.085+0000] {task_command.py:426} INFO - Running <TaskInstance: full_load_dag.load_employees manual__2026-05-16T10:50:21.694921+00:00 [running]> on host 0161a3f0b6d6
[2026-05-16T10:55:05.115+0000] {taskinstance.py:2648} INFO - Exporting env vars: AIRFLOW_CTX_DAG_OWNER='***' AIRFLOW_CTX_DAG_ID='full_load_dag' AIRFLOW_CTX_TASK_ID='load_employees' AIRFLOW_CTX_EXECUTION_DATE='2026-05-16T10:50:21.694921+00:00' AIRFLOW_CTX_TRY_NUMBER='4' AIRFLOW_CTX_DAG_RUN_ID='manual__2026-05-16T10:50:21.694921+00:00'
[2026-05-16T10:55:05.117+0000] {taskinstance.py:430} INFO - ::endgroup::
[2026-05-16T10:55:05.120+0000] {base.py:84} INFO - Using connection ID 'source_db' for task execution.
[2026-05-16T10:55:05.122+0000] {sql.py:495} INFO - Running statement: SELECT employee_id, store_id, first_name, last_name, email, phone, hire_date, job_title, salary, is_active FROM employees;, parameters: None
[2026-05-16T10:55:05.123+0000] {sql.py:504} INFO - Rows affected: 12
[2026-05-16T10:55:05.123+0000] {logging_mixin.py:188} INFO - employees: 12 sətir tapıldı | batch_id=manual__2026-05-16T10:50:21.694921+00:00
[2026-05-16T10:55:05.125+0000] {base.py:84} INFO - Using connection ID 'target_db' for task execution.
[2026-05-16T10:55:05.130+0000] {logging_mixin.py:188} INFO - staging.stg_employees: 12 sətir yükləndi
[2026-05-16T10:55:05.130+0000] {python.py:237} INFO - Done. Returned value was: None
[2026-05-16T10:55:05.130+0000] {taskinstance.py:441} INFO - ::group::Post task execution logs
[2026-05-16T10:55:05.133+0000] {taskinstance.py:1206} INFO - Marking task as SUCCESS. dag_id=full_load_dag, task_id=load_employees, run_id=manual__2026-05-16T10:50:21.694921+00:00, execution_date=20260516T105021, start_date=20260516T105505, end_date=20260516T105505
[2026-05-16T10:55:05.160+0000] {local_task_job_runner.py:243} INFO - Task exited with return code 0
[2026-05-16T10:55:05.169+0000] {local_task_job_runner.py:222} INFO - ::endgroup::
