[2026-05-15T22:20:24.384+0000] {processor.py:161} INFO - Started process (PID=72) to work on /home/airflow/.local/lib/python3.12/site-packages/airflow/example_dags/example_branch_labels.py
[2026-05-15T22:20:24.388+0000] {processor.py:830} INFO - Processing file /home/airflow/.local/lib/python3.12/site-packages/airflow/example_dags/example_branch_labels.py for tasks to queue
[2026-05-15T22:20:24.393+0000] {logging_mixin.py:188} INFO - [2026-05-15T22:20:24.393+0000] {dagbag.py:545} INFO - Filling up the DagBag from /home/airflow/.local/lib/python3.12/site-packages/airflow/example_dags/example_branch_labels.py
[2026-05-15T22:20:24.405+0000] {processor.py:840} INFO - DAG(s) 'example_branch_labels' retrieved from /home/airflow/.local/lib/python3.12/site-packages/airflow/example_dags/example_branch_labels.py
[2026-05-15T22:20:24.432+0000] {logging_mixin.py:188} INFO - [2026-05-15T22:20:24.432+0000] {dag.py:3089} INFO - Sync 1 DAGs
[2026-05-15T22:20:24.470+0000] {logging_mixin.py:188} INFO - [2026-05-15T22:20:24.470+0000] {dag.py:3947} INFO - Setting next_dagrun for example_branch_labels to 2026-05-14 00:00:00+00:00, run_after=2026-05-15 00:00:00+00:00
[2026-05-15T22:20:24.514+0000] {processor.py:183} INFO - Processing /home/airflow/.local/lib/python3.12/site-packages/airflow/example_dags/example_branch_labels.py took 0.137 seconds
[2026-05-15T22:20:54.538+0000] {processor.py:161} INFO - Started process (PID=129) to work on /home/airflow/.local/lib/python3.12/site-packages/airflow/example_dags/example_branch_labels.py
[2026-05-15T22:20:54.539+0000] {processor.py:830} INFO - Processing file /home/airflow/.local/lib/python3.12/site-packages/airflow/example_dags/example_branch_labels.py for tasks to queue
[2026-05-15T22:20:54.540+0000] {logging_mixin.py:188} INFO - [2026-05-15T22:20:54.540+0000] {dagbag.py:545} INFO - Filling up the DagBag from /home/airflow/.local/lib/python3.12/site-packages/airflow/example_dags/example_branch_labels.py
[2026-05-15T22:20:54.543+0000] {processor.py:840} INFO - DAG(s) 'example_branch_labels' retrieved from /home/airflow/.local/lib/python3.12/site-packages/airflow/example_dags/example_branch_labels.py
[2026-05-15T22:20:54.583+0000] {logging_mixin.py:188} INFO - [2026-05-15T22:20:54.583+0000] {dag.py:3089} INFO - Sync 1 DAGs
[2026-05-15T22:20:54.591+0000] {logging_mixin.py:188} INFO - [2026-05-15T22:20:54.591+0000] {dag.py:3947} INFO - Setting next_dagrun for example_branch_labels to 2026-05-14 00:00:00+00:00, run_after=2026-05-15 00:00:00+00:00
[2026-05-15T22:20:54.599+0000] {processor.py:183} INFO - Processing /home/airflow/.local/lib/python3.12/site-packages/airflow/example_dags/example_branch_labels.py took 0.063 seconds
[2026-05-15T22:21:25.407+0000] {processor.py:161} INFO - Started process (PID=187) to work on /home/airflow/.local/lib/python3.12/site-packages/airflow/example_dags/example_branch_labels.py
[2026-05-15T22:21:25.407+0000] {processor.py:830} INFO - Processing file /home/airflow/.local/lib/python3.12/site-packages/airflow/example_dags/example_branch_labels.py for tasks to queue
[2026-05-15T22:21:25.408+0000] {logging_mixin.py:188} INFO - [2026-05-15T22:21:25.408+0000] {dagbag.py:545} INFO - Filling up the DagBag from /home/airflow/.local/lib/python3.12/site-packages/airflow/example_dags/example_branch_labels.py
[2026-05-15T22:21:25.411+0000] {processor.py:840} INFO - DAG(s) 'example_branch_labels' retrieved from /home/airflow/.local/lib/python3.12/site-packages/airflow/example_dags/example_branch_labels.py
[2026-05-15T22:21:25.422+0000] {logging_mixin.py:188} INFO - [2026-05-15T22:21:25.421+0000] {dag.py:3089} INFO - Sync 1 DAGs
[2026-05-15T22:21:25.432+0000] {logging_mixin.py:188} INFO - [2026-05-15T22:21:25.432+0000] {dag.py:3947} INFO - Setting next_dagrun for example_branch_labels to 2026-05-14 00:00:00+00:00, run_after=2026-05-15 00:00:00+00:00
[2026-05-15T22:21:25.440+0000] {processor.py:183} INFO - Processing /home/airflow/.local/lib/python3.12/site-packages/airflow/example_dags/example_branch_labels.py took 0.036 seconds
[2026-05-15T22:21:55.885+0000] {processor.py:161} INFO - Started process (PID=245) to work on /home/airflow/.local/lib/python3.12/site-packages/airflow/example_dags/example_branch_labels.py
[2026-05-15T22:21:55.886+0000] {processor.py:830} INFO - Processing file /home/airflow/.local/lib/python3.12/site-packages/airflow/example_dags/example_branch_labels.py for tasks to queue
[2026-05-15T22:21:55.886+0000] {logging_mixin.py:188} INFO - [2026-05-15T22:21:55.886+0000] {dagbag.py:545} INFO - Filling up the DagBag from /home/airflow/.local/lib/python3.12/site-packages/airflow/example_dags/example_branch_labels.py
[2026-05-15T22:21:55.890+0000] {processor.py:840} INFO - DAG(s) 'example_branch_labels' retrieved from /home/airflow/.local/lib/python3.12/site-packages/airflow/example_dags/example_branch_labels.py
[2026-05-15T22:21:55.897+0000] {logging_mixin.py:188} INFO - [2026-05-15T22:21:55.897+0000] {dag.py:3089} INFO - Sync 1 DAGs
[2026-05-15T22:21:55.905+0000] {logging_mixin.py:188} INFO - [2026-05-15T22:21:55.904+0000] {dag.py:3947} INFO - Setting next_dagrun for example_branch_labels to 2026-05-14 00:00:00+00:00, run_after=2026-05-15 00:00:00+00:00
[2026-05-15T22:21:55.911+0000] {processor.py:183} INFO - Processing /home/airflow/.local/lib/python3.12/site-packages/airflow/example_dags/example_branch_labels.py took 0.029 seconds
[2026-05-15T22:23:01.088+0000] {processor.py:161} INFO - Started process (PID=298) to work on /home/airflow/.local/lib/python3.12/site-packages/airflow/example_dags/example_branch_labels.py
[2026-05-15T22:23:01.088+0000] {processor.py:830} INFO - Processing file /home/airflow/.local/lib/python3.12/site-packages/airflow/example_dags/example_branch_labels.py for tasks to queue
[2026-05-15T22:23:01.089+0000] {logging_mixin.py:188} INFO - [2026-05-15T22:23:01.089+0000] {dagbag.py:545} INFO - Filling up the DagBag from /home/airflow/.local/lib/python3.12/site-packages/airflow/example_dags/example_branch_labels.py
[2026-05-15T22:23:01.092+0000] {processor.py:840} INFO - DAG(s) 'example_branch_labels' retrieved from /home/airflow/.local/lib/python3.12/site-packages/airflow/example_dags/example_branch_labels.py
[2026-05-15T22:23:01.101+0000] {logging_mixin.py:188} INFO - [2026-05-15T22:23:01.101+0000] {dag.py:3089} INFO - Sync 1 DAGs
[2026-05-15T22:23:01.110+0000] {logging_mixin.py:188} INFO - [2026-05-15T22:23:01.110+0000] {dag.py:3947} INFO - Setting next_dagrun for example_branch_labels to 2026-05-14 00:00:00+00:00, run_after=2026-05-15 00:00:00+00:00
[2026-05-15T22:23:01.115+0000] {processor.py:183} INFO - Processing /home/airflow/.local/lib/python3.12/site-packages/airflow/example_dags/example_branch_labels.py took 0.030 seconds
[2026-05-15T22:24:01.587+0000] {processor.py:161} INFO - Started process (PID=355) to work on /home/airflow/.local/lib/python3.12/site-packages/airflow/example_dags/example_branch_labels.py
[2026-05-15T22:24:01.587+0000] {processor.py:830} INFO - Processing file /home/airflow/.local/lib/python3.12/site-packages/airflow/example_dags/example_branch_labels.py for tasks to queue
[2026-05-15T22:24:01.588+0000] {logging_mixin.py:188} INFO - [2026-05-15T22:24:01.587+0000] {dagbag.py:545} INFO - Filling up the DagBag from /home/airflow/.local/lib/python3.12/site-packages/airflow/example_dags/example_branch_labels.py
[2026-05-15T22:24:01.590+0000] {processor.py:840} INFO - DAG(s) 'example_branch_labels' retrieved from /home/airflow/.local/lib/python3.12/site-packages/airflow/example_dags/example_branch_labels.py
[2026-05-15T22:24:01.597+0000] {logging_mixin.py:188} INFO - [2026-05-15T22:24:01.597+0000] {dag.py:3089} INFO - Sync 1 DAGs
[2026-05-15T22:24:01.603+0000] {logging_mixin.py:188} INFO - [2026-05-15T22:24:01.603+0000] {dag.py:3947} INFO - Setting next_dagrun for example_branch_labels to 2026-05-14 00:00:00+00:00, run_after=2026-05-15 00:00:00+00:00
[2026-05-15T22:24:01.607+0000] {processor.py:183} INFO - Processing /home/airflow/.local/lib/python3.12/site-packages/airflow/example_dags/example_branch_labels.py took 0.023 seconds
[2026-05-15T22:24:32.088+0000] {processor.py:161} INFO - Started process (PID=407) to work on /home/airflow/.local/lib/python3.12/site-packages/airflow/example_dags/example_branch_labels.py
[2026-05-15T22:24:32.088+0000] {processor.py:830} INFO - Processing file /home/airflow/.local/lib/python3.12/site-packages/airflow/example_dags/example_branch_labels.py for tasks to queue
[2026-05-15T22:24:32.089+0000] {logging_mixin.py:188} INFO - [2026-05-15T22:24:32.089+0000] {dagbag.py:545} INFO - Filling up the DagBag from /home/airflow/.local/lib/python3.12/site-packages/airflow/example_dags/example_branch_labels.py
[2026-05-15T22:24:32.091+0000] {processor.py:840} INFO - DAG(s) 'example_branch_labels' retrieved from /home/airflow/.local/lib/python3.12/site-packages/airflow/example_dags/example_branch_labels.py
[2026-05-15T22:24:32.100+0000] {logging_mixin.py:188} INFO - [2026-05-15T22:24:32.100+0000] {dag.py:3089} INFO - Sync 1 DAGs
[2026-05-15T22:24:32.106+0000] {logging_mixin.py:188} INFO - [2026-05-15T22:24:32.106+0000] {dag.py:3947} INFO - Setting next_dagrun for example_branch_labels to 2026-05-14 00:00:00+00:00, run_after=2026-05-15 00:00:00+00:00
[2026-05-15T22:24:32.111+0000] {processor.py:183} INFO - Processing /home/airflow/.local/lib/python3.12/site-packages/airflow/example_dags/example_branch_labels.py took 0.025 seconds
[2026-05-15T23:22:11.071+0000] {processor.py:161} INFO - Started process (PID=464) to work on /home/airflow/.local/lib/python3.12/site-packages/airflow/example_dags/example_branch_labels.py
[2026-05-15T23:22:11.071+0000] {processor.py:830} INFO - Processing file /home/airflow/.local/lib/python3.12/site-packages/airflow/example_dags/example_branch_labels.py for tasks to queue
[2026-05-15T23:22:11.072+0000] {logging_mixin.py:188} INFO - [2026-05-15T23:22:11.072+0000] {dagbag.py:545} INFO - Filling up the DagBag from /home/airflow/.local/lib/python3.12/site-packages/airflow/example_dags/example_branch_labels.py
[2026-05-15T23:22:11.074+0000] {processor.py:840} INFO - DAG(s) 'example_branch_labels' retrieved from /home/airflow/.local/lib/python3.12/site-packages/airflow/example_dags/example_branch_labels.py
[2026-05-15T23:22:11.083+0000] {logging_mixin.py:188} INFO - [2026-05-15T23:22:11.083+0000] {dag.py:3089} INFO - Sync 1 DAGs
[2026-05-15T23:22:11.091+0000] {logging_mixin.py:188} INFO - [2026-05-15T23:22:11.091+0000] {dag.py:3947} INFO - Setting next_dagrun for example_branch_labels to 2026-05-14 00:00:00+00:00, run_after=2026-05-15 00:00:00+00:00
[2026-05-15T23:22:11.097+0000] {processor.py:183} INFO - Processing /home/airflow/.local/lib/python3.12/site-packages/airflow/example_dags/example_branch_labels.py took 0.028 seconds
[2026-05-15T23:22:43.064+0000] {processor.py:161} INFO - Started process (PID=516) to work on /home/airflow/.local/lib/python3.12/site-packages/airflow/example_dags/example_branch_labels.py
[2026-05-15T23:22:43.064+0000] {processor.py:830} INFO - Processing file /home/airflow/.local/lib/python3.12/site-packages/airflow/example_dags/example_branch_labels.py for tasks to queue
[2026-05-15T23:22:43.065+0000] {logging_mixin.py:188} INFO - [2026-05-15T23:22:43.065+0000] {dagbag.py:545} INFO - Filling up the DagBag from /home/airflow/.local/lib/python3.12/site-packages/airflow/example_dags/example_branch_labels.py
[2026-05-15T23:22:43.069+0000] {processor.py:840} INFO - DAG(s) 'example_branch_labels' retrieved from /home/airflow/.local/lib/python3.12/site-packages/airflow/example_dags/example_branch_labels.py
[2026-05-15T23:22:43.078+0000] {logging_mixin.py:188} INFO - [2026-05-15T23:22:43.078+0000] {dag.py:3089} INFO - Sync 1 DAGs
[2026-05-15T23:22:43.088+0000] {logging_mixin.py:188} INFO - [2026-05-15T23:22:43.088+0000] {dag.py:3947} INFO - Setting next_dagrun for example_branch_labels to 2026-05-14 00:00:00+00:00, run_after=2026-05-15 00:00:00+00:00
[2026-05-15T23:22:43.094+0000] {processor.py:183} INFO - Processing /home/airflow/.local/lib/python3.12/site-packages/airflow/example_dags/example_branch_labels.py took 0.033 seconds
[2026-05-15T23:23:13.193+0000] {processor.py:161} INFO - Started process (PID=572) to work on /home/airflow/.local/lib/python3.12/site-packages/airflow/example_dags/example_branch_labels.py
[2026-05-15T23:23:13.193+0000] {processor.py:830} INFO - Processing file /home/airflow/.local/lib/python3.12/site-packages/airflow/example_dags/example_branch_labels.py for tasks to queue
[2026-05-15T23:23:13.194+0000] {logging_mixin.py:188} INFO - [2026-05-15T23:23:13.194+0000] {dagbag.py:545} INFO - Filling up the DagBag from /home/airflow/.local/lib/python3.12/site-packages/airflow/example_dags/example_branch_labels.py
[2026-05-15T23:23:13.196+0000] {processor.py:840} INFO - DAG(s) 'example_branch_labels' retrieved from /home/airflow/.local/lib/python3.12/site-packages/airflow/example_dags/example_branch_labels.py
[2026-05-15T23:23:13.204+0000] {logging_mixin.py:188} INFO - [2026-05-15T23:23:13.204+0000] {dag.py:3089} INFO - Sync 1 DAGs
[2026-05-15T23:23:13.211+0000] {logging_mixin.py:188} INFO - [2026-05-15T23:23:13.211+0000] {dag.py:3947} INFO - Setting next_dagrun for example_branch_labels to 2026-05-14 00:00:00+00:00, run_after=2026-05-15 00:00:00+00:00
[2026-05-15T23:23:13.216+0000] {processor.py:183} INFO - Processing /home/airflow/.local/lib/python3.12/site-packages/airflow/example_dags/example_branch_labels.py took 0.025 seconds
[2026-05-15T23:24:02.036+0000] {processor.py:161} INFO - Started process (PID=631) to work on /home/airflow/.local/lib/python3.12/site-packages/airflow/example_dags/example_branch_labels.py
[2026-05-15T23:24:02.036+0000] {processor.py:830} INFO - Processing file /home/airflow/.local/lib/python3.12/site-packages/airflow/example_dags/example_branch_labels.py for tasks to queue
[2026-05-15T23:24:02.037+0000] {logging_mixin.py:188} INFO - [2026-05-15T23:24:02.037+0000] {dagbag.py:545} INFO - Filling up the DagBag from /home/airflow/.local/lib/python3.12/site-packages/airflow/example_dags/example_branch_labels.py
[2026-05-15T23:24:02.039+0000] {processor.py:840} INFO - DAG(s) 'example_branch_labels' retrieved from /home/airflow/.local/lib/python3.12/site-packages/airflow/example_dags/example_branch_labels.py
[2026-05-15T23:24:02.046+0000] {logging_mixin.py:188} INFO - [2026-05-15T23:24:02.046+0000] {dag.py:3089} INFO - Sync 1 DAGs
[2026-05-15T23:24:02.053+0000] {logging_mixin.py:188} INFO - [2026-05-15T23:24:02.053+0000] {dag.py:3947} INFO - Setting next_dagrun for example_branch_labels to 2026-05-14 00:00:00+00:00, run_after=2026-05-15 00:00:00+00:00
[2026-05-15T23:24:02.057+0000] {processor.py:183} INFO - Processing /home/airflow/.local/lib/python3.12/site-packages/airflow/example_dags/example_branch_labels.py took 0.023 seconds
[2026-05-15T23:41:54.597+0000] {processor.py:161} INFO - Started process (PID=683) to work on /home/airflow/.local/lib/python3.12/site-packages/airflow/example_dags/example_branch_labels.py
[2026-05-15T23:41:54.597+0000] {processor.py:830} INFO - Processing file /home/airflow/.local/lib/python3.12/site-packages/airflow/example_dags/example_branch_labels.py for tasks to queue
[2026-05-15T23:41:54.598+0000] {logging_mixin.py:188} INFO - [2026-05-15T23:41:54.598+0000] {dagbag.py:545} INFO - Filling up the DagBag from /home/airflow/.local/lib/python3.12/site-packages/airflow/example_dags/example_branch_labels.py
[2026-05-15T23:41:54.601+0000] {processor.py:840} INFO - DAG(s) 'example_branch_labels' retrieved from /home/airflow/.local/lib/python3.12/site-packages/airflow/example_dags/example_branch_labels.py
[2026-05-15T23:41:54.610+0000] {logging_mixin.py:188} INFO - [2026-05-15T23:41:54.610+0000] {dag.py:3089} INFO - Sync 1 DAGs
[2026-05-15T23:41:54.617+0000] {logging_mixin.py:188} INFO - [2026-05-15T23:41:54.617+0000] {dag.py:3947} INFO - Setting next_dagrun for example_branch_labels to 2026-05-14 00:00:00+00:00, run_after=2026-05-15 00:00:00+00:00
[2026-05-15T23:41:54.621+0000] {processor.py:183} INFO - Processing /home/airflow/.local/lib/python3.12/site-packages/airflow/example_dags/example_branch_labels.py took 0.026 seconds
