[2026-05-15T22:20:25.472+0000] {processor.py:161} INFO - Started process (PID=82) to work on /home/airflow/.local/lib/python3.12/site-packages/airflow/example_dags/example_kubernetes_executor.py
[2026-05-15T22:20:25.472+0000] {processor.py:830} INFO - Processing file /home/airflow/.local/lib/python3.12/site-packages/airflow/example_dags/example_kubernetes_executor.py for tasks to queue
[2026-05-15T22:20:25.478+0000] {logging_mixin.py:188} INFO - [2026-05-15T22:20:25.478+0000] {dagbag.py:545} INFO - Filling up the DagBag from /home/airflow/.local/lib/python3.12/site-packages/airflow/example_dags/example_kubernetes_executor.py
[2026-05-15T22:20:25.499+0000] {processor.py:840} INFO - DAG(s) 'example_kubernetes_executor' retrieved from /home/airflow/.local/lib/python3.12/site-packages/airflow/example_dags/example_kubernetes_executor.py
[2026-05-15T22:20:25.534+0000] {logging_mixin.py:188} INFO - [2026-05-15T22:20:25.534+0000] {dag.py:3089} INFO - Sync 1 DAGs
[2026-05-15T22:20:25.566+0000] {logging_mixin.py:188} INFO - [2026-05-15T22:20:25.566+0000] {dag.py:3947} INFO - Setting next_dagrun for example_kubernetes_executor to None, run_after=None
[2026-05-15T22:20:25.596+0000] {processor.py:183} INFO - Processing /home/airflow/.local/lib/python3.12/site-packages/airflow/example_dags/example_kubernetes_executor.py took 0.133 seconds
[2026-05-15T22:20:55.942+0000] {processor.py:161} INFO - Started process (PID=140) to work on /home/airflow/.local/lib/python3.12/site-packages/airflow/example_dags/example_kubernetes_executor.py
[2026-05-15T22:20:55.943+0000] {processor.py:830} INFO - Processing file /home/airflow/.local/lib/python3.12/site-packages/airflow/example_dags/example_kubernetes_executor.py for tasks to queue
[2026-05-15T22:20:55.944+0000] {logging_mixin.py:188} INFO - [2026-05-15T22:20:55.944+0000] {dagbag.py:545} INFO - Filling up the DagBag from /home/airflow/.local/lib/python3.12/site-packages/airflow/example_dags/example_kubernetes_executor.py
[2026-05-15T22:20:55.948+0000] {processor.py:840} INFO - DAG(s) 'example_kubernetes_executor' retrieved from /home/airflow/.local/lib/python3.12/site-packages/airflow/example_dags/example_kubernetes_executor.py
[2026-05-15T22:20:55.990+0000] {logging_mixin.py:188} INFO - [2026-05-15T22:20:55.990+0000] {dag.py:3089} INFO - Sync 1 DAGs
[2026-05-15T22:20:55.993+0000] {logging_mixin.py:188} INFO - [2026-05-15T22:20:55.993+0000] {dag.py:3947} INFO - Setting next_dagrun for example_kubernetes_executor to None, run_after=None
[2026-05-15T22:20:55.998+0000] {processor.py:183} INFO - Processing /home/airflow/.local/lib/python3.12/site-packages/airflow/example_dags/example_kubernetes_executor.py took 0.057 seconds
[2026-05-15T22:21:26.688+0000] {processor.py:161} INFO - Started process (PID=198) to work on /home/airflow/.local/lib/python3.12/site-packages/airflow/example_dags/example_kubernetes_executor.py
[2026-05-15T22:21:26.688+0000] {processor.py:830} INFO - Processing file /home/airflow/.local/lib/python3.12/site-packages/airflow/example_dags/example_kubernetes_executor.py for tasks to queue
[2026-05-15T22:21:26.689+0000] {logging_mixin.py:188} INFO - [2026-05-15T22:21:26.689+0000] {dagbag.py:545} INFO - Filling up the DagBag from /home/airflow/.local/lib/python3.12/site-packages/airflow/example_dags/example_kubernetes_executor.py
[2026-05-15T22:21:26.693+0000] {processor.py:840} INFO - DAG(s) 'example_kubernetes_executor' retrieved from /home/airflow/.local/lib/python3.12/site-packages/airflow/example_dags/example_kubernetes_executor.py
[2026-05-15T22:21:26.709+0000] {logging_mixin.py:188} INFO - [2026-05-15T22:21:26.709+0000] {dag.py:3089} INFO - Sync 1 DAGs
[2026-05-15T22:21:26.714+0000] {logging_mixin.py:188} INFO - [2026-05-15T22:21:26.714+0000] {dag.py:3947} INFO - Setting next_dagrun for example_kubernetes_executor to None, run_after=None
[2026-05-15T22:21:26.720+0000] {processor.py:183} INFO - Processing /home/airflow/.local/lib/python3.12/site-packages/airflow/example_dags/example_kubernetes_executor.py took 0.034 seconds
[2026-05-15T22:21:57.173+0000] {processor.py:161} INFO - Started process (PID=256) to work on /home/airflow/.local/lib/python3.12/site-packages/airflow/example_dags/example_kubernetes_executor.py
[2026-05-15T22:21:57.173+0000] {processor.py:830} INFO - Processing file /home/airflow/.local/lib/python3.12/site-packages/airflow/example_dags/example_kubernetes_executor.py for tasks to queue
[2026-05-15T22:21:57.174+0000] {logging_mixin.py:188} INFO - [2026-05-15T22:21:57.174+0000] {dagbag.py:545} INFO - Filling up the DagBag from /home/airflow/.local/lib/python3.12/site-packages/airflow/example_dags/example_kubernetes_executor.py
[2026-05-15T22:21:57.179+0000] {processor.py:840} INFO - DAG(s) 'example_kubernetes_executor' retrieved from /home/airflow/.local/lib/python3.12/site-packages/airflow/example_dags/example_kubernetes_executor.py
[2026-05-15T22:21:57.193+0000] {logging_mixin.py:188} INFO - [2026-05-15T22:21:57.192+0000] {dag.py:3089} INFO - Sync 1 DAGs
[2026-05-15T22:21:57.197+0000] {logging_mixin.py:188} INFO - [2026-05-15T22:21:57.197+0000] {dag.py:3947} INFO - Setting next_dagrun for example_kubernetes_executor to None, run_after=None
[2026-05-15T22:21:57.202+0000] {processor.py:183} INFO - Processing /home/airflow/.local/lib/python3.12/site-packages/airflow/example_dags/example_kubernetes_executor.py took 0.031 seconds
[2026-05-15T22:23:01.353+0000] {processor.py:161} INFO - Started process (PID=308) to work on /home/airflow/.local/lib/python3.12/site-packages/airflow/example_dags/example_kubernetes_executor.py
[2026-05-15T22:23:01.353+0000] {processor.py:830} INFO - Processing file /home/airflow/.local/lib/python3.12/site-packages/airflow/example_dags/example_kubernetes_executor.py for tasks to queue
[2026-05-15T22:23:01.354+0000] {logging_mixin.py:188} INFO - [2026-05-15T22:23:01.354+0000] {dagbag.py:545} INFO - Filling up the DagBag from /home/airflow/.local/lib/python3.12/site-packages/airflow/example_dags/example_kubernetes_executor.py
[2026-05-15T22:23:01.362+0000] {processor.py:840} INFO - DAG(s) 'example_kubernetes_executor' retrieved from /home/airflow/.local/lib/python3.12/site-packages/airflow/example_dags/example_kubernetes_executor.py
[2026-05-15T22:23:01.378+0000] {logging_mixin.py:188} INFO - [2026-05-15T22:23:01.378+0000] {dag.py:3089} INFO - Sync 1 DAGs
[2026-05-15T22:23:01.384+0000] {logging_mixin.py:188} INFO - [2026-05-15T22:23:01.384+0000] {dag.py:3947} INFO - Setting next_dagrun for example_kubernetes_executor to None, run_after=None
[2026-05-15T22:23:01.392+0000] {processor.py:183} INFO - Processing /home/airflow/.local/lib/python3.12/site-packages/airflow/example_dags/example_kubernetes_executor.py took 0.043 seconds
[2026-05-15T22:24:01.825+0000] {processor.py:161} INFO - Started process (PID=365) to work on /home/airflow/.local/lib/python3.12/site-packages/airflow/example_dags/example_kubernetes_executor.py
[2026-05-15T22:24:01.825+0000] {processor.py:830} INFO - Processing file /home/airflow/.local/lib/python3.12/site-packages/airflow/example_dags/example_kubernetes_executor.py for tasks to queue
[2026-05-15T22:24:01.826+0000] {logging_mixin.py:188} INFO - [2026-05-15T22:24:01.826+0000] {dagbag.py:545} INFO - Filling up the DagBag from /home/airflow/.local/lib/python3.12/site-packages/airflow/example_dags/example_kubernetes_executor.py
[2026-05-15T22:24:01.830+0000] {processor.py:840} INFO - DAG(s) 'example_kubernetes_executor' retrieved from /home/airflow/.local/lib/python3.12/site-packages/airflow/example_dags/example_kubernetes_executor.py
[2026-05-15T22:24:01.847+0000] {logging_mixin.py:188} INFO - [2026-05-15T22:24:01.847+0000] {dag.py:3089} INFO - Sync 1 DAGs
[2026-05-15T22:24:01.851+0000] {logging_mixin.py:188} INFO - [2026-05-15T22:24:01.851+0000] {dag.py:3947} INFO - Setting next_dagrun for example_kubernetes_executor to None, run_after=None
[2026-05-15T22:24:01.857+0000] {processor.py:183} INFO - Processing /home/airflow/.local/lib/python3.12/site-packages/airflow/example_dags/example_kubernetes_executor.py took 0.034 seconds
[2026-05-15T22:24:32.303+0000] {processor.py:161} INFO - Started process (PID=417) to work on /home/airflow/.local/lib/python3.12/site-packages/airflow/example_dags/example_kubernetes_executor.py
[2026-05-15T22:24:32.303+0000] {processor.py:830} INFO - Processing file /home/airflow/.local/lib/python3.12/site-packages/airflow/example_dags/example_kubernetes_executor.py for tasks to queue
[2026-05-15T22:24:32.304+0000] {logging_mixin.py:188} INFO - [2026-05-15T22:24:32.304+0000] {dagbag.py:545} INFO - Filling up the DagBag from /home/airflow/.local/lib/python3.12/site-packages/airflow/example_dags/example_kubernetes_executor.py
[2026-05-15T22:24:32.308+0000] {processor.py:840} INFO - DAG(s) 'example_kubernetes_executor' retrieved from /home/airflow/.local/lib/python3.12/site-packages/airflow/example_dags/example_kubernetes_executor.py
[2026-05-15T22:24:32.320+0000] {logging_mixin.py:188} INFO - [2026-05-15T22:24:32.320+0000] {dag.py:3089} INFO - Sync 1 DAGs
[2026-05-15T22:24:32.324+0000] {logging_mixin.py:188} INFO - [2026-05-15T22:24:32.324+0000] {dag.py:3947} INFO - Setting next_dagrun for example_kubernetes_executor to None, run_after=None
[2026-05-15T22:24:32.329+0000] {processor.py:183} INFO - Processing /home/airflow/.local/lib/python3.12/site-packages/airflow/example_dags/example_kubernetes_executor.py took 0.028 seconds
[2026-05-15T23:22:11.284+0000] {processor.py:161} INFO - Started process (PID=474) to work on /home/airflow/.local/lib/python3.12/site-packages/airflow/example_dags/example_kubernetes_executor.py
[2026-05-15T23:22:11.285+0000] {processor.py:830} INFO - Processing file /home/airflow/.local/lib/python3.12/site-packages/airflow/example_dags/example_kubernetes_executor.py for tasks to queue
[2026-05-15T23:22:11.286+0000] {logging_mixin.py:188} INFO - [2026-05-15T23:22:11.285+0000] {dagbag.py:545} INFO - Filling up the DagBag from /home/airflow/.local/lib/python3.12/site-packages/airflow/example_dags/example_kubernetes_executor.py
[2026-05-15T23:22:11.291+0000] {processor.py:840} INFO - DAG(s) 'example_kubernetes_executor' retrieved from /home/airflow/.local/lib/python3.12/site-packages/airflow/example_dags/example_kubernetes_executor.py
[2026-05-15T23:22:11.306+0000] {logging_mixin.py:188} INFO - [2026-05-15T23:22:11.306+0000] {dag.py:3089} INFO - Sync 1 DAGs
[2026-05-15T23:22:11.311+0000] {logging_mixin.py:188} INFO - [2026-05-15T23:22:11.311+0000] {dag.py:3947} INFO - Setting next_dagrun for example_kubernetes_executor to None, run_after=None
[2026-05-15T23:22:11.318+0000] {processor.py:183} INFO - Processing /home/airflow/.local/lib/python3.12/site-packages/airflow/example_dags/example_kubernetes_executor.py took 0.038 seconds
[2026-05-15T23:22:43.472+0000] {processor.py:161} INFO - Started process (PID=526) to work on /home/airflow/.local/lib/python3.12/site-packages/airflow/example_dags/example_kubernetes_executor.py
[2026-05-15T23:22:43.473+0000] {processor.py:830} INFO - Processing file /home/airflow/.local/lib/python3.12/site-packages/airflow/example_dags/example_kubernetes_executor.py for tasks to queue
[2026-05-15T23:22:43.474+0000] {logging_mixin.py:188} INFO - [2026-05-15T23:22:43.474+0000] {dagbag.py:545} INFO - Filling up the DagBag from /home/airflow/.local/lib/python3.12/site-packages/airflow/example_dags/example_kubernetes_executor.py
[2026-05-15T23:22:43.482+0000] {processor.py:840} INFO - DAG(s) 'example_kubernetes_executor' retrieved from /home/airflow/.local/lib/python3.12/site-packages/airflow/example_dags/example_kubernetes_executor.py
[2026-05-15T23:22:43.506+0000] {logging_mixin.py:188} INFO - [2026-05-15T23:22:43.506+0000] {dag.py:3089} INFO - Sync 1 DAGs
[2026-05-15T23:22:43.512+0000] {logging_mixin.py:188} INFO - [2026-05-15T23:22:43.512+0000] {dag.py:3947} INFO - Setting next_dagrun for example_kubernetes_executor to None, run_after=None
[2026-05-15T23:22:43.520+0000] {processor.py:183} INFO - Processing /home/airflow/.local/lib/python3.12/site-packages/airflow/example_dags/example_kubernetes_executor.py took 0.052 seconds
[2026-05-15T23:23:14.475+0000] {processor.py:161} INFO - Started process (PID=583) to work on /home/airflow/.local/lib/python3.12/site-packages/airflow/example_dags/example_kubernetes_executor.py
[2026-05-15T23:23:14.475+0000] {processor.py:830} INFO - Processing file /home/airflow/.local/lib/python3.12/site-packages/airflow/example_dags/example_kubernetes_executor.py for tasks to queue
[2026-05-15T23:23:14.476+0000] {logging_mixin.py:188} INFO - [2026-05-15T23:23:14.476+0000] {dagbag.py:545} INFO - Filling up the DagBag from /home/airflow/.local/lib/python3.12/site-packages/airflow/example_dags/example_kubernetes_executor.py
[2026-05-15T23:23:14.483+0000] {processor.py:840} INFO - DAG(s) 'example_kubernetes_executor' retrieved from /home/airflow/.local/lib/python3.12/site-packages/airflow/example_dags/example_kubernetes_executor.py
[2026-05-15T23:23:14.495+0000] {logging_mixin.py:188} INFO - [2026-05-15T23:23:14.495+0000] {dag.py:3089} INFO - Sync 1 DAGs
[2026-05-15T23:23:14.499+0000] {logging_mixin.py:188} INFO - [2026-05-15T23:23:14.499+0000] {dag.py:3947} INFO - Setting next_dagrun for example_kubernetes_executor to None, run_after=None
[2026-05-15T23:23:14.504+0000] {processor.py:183} INFO - Processing /home/airflow/.local/lib/python3.12/site-packages/airflow/example_dags/example_kubernetes_executor.py took 0.031 seconds
[2026-05-15T23:24:02.248+0000] {processor.py:161} INFO - Started process (PID=641) to work on /home/airflow/.local/lib/python3.12/site-packages/airflow/example_dags/example_kubernetes_executor.py
[2026-05-15T23:24:02.248+0000] {processor.py:830} INFO - Processing file /home/airflow/.local/lib/python3.12/site-packages/airflow/example_dags/example_kubernetes_executor.py for tasks to queue
[2026-05-15T23:24:02.249+0000] {logging_mixin.py:188} INFO - [2026-05-15T23:24:02.249+0000] {dagbag.py:545} INFO - Filling up the DagBag from /home/airflow/.local/lib/python3.12/site-packages/airflow/example_dags/example_kubernetes_executor.py
[2026-05-15T23:24:02.253+0000] {processor.py:840} INFO - DAG(s) 'example_kubernetes_executor' retrieved from /home/airflow/.local/lib/python3.12/site-packages/airflow/example_dags/example_kubernetes_executor.py
[2026-05-15T23:24:02.265+0000] {logging_mixin.py:188} INFO - [2026-05-15T23:24:02.265+0000] {dag.py:3089} INFO - Sync 1 DAGs
[2026-05-15T23:24:02.270+0000] {logging_mixin.py:188} INFO - [2026-05-15T23:24:02.270+0000] {dag.py:3947} INFO - Setting next_dagrun for example_kubernetes_executor to None, run_after=None
[2026-05-15T23:24:02.278+0000] {processor.py:183} INFO - Processing /home/airflow/.local/lib/python3.12/site-packages/airflow/example_dags/example_kubernetes_executor.py took 0.032 seconds
[2026-05-15T23:41:54.801+0000] {processor.py:161} INFO - Started process (PID=693) to work on /home/airflow/.local/lib/python3.12/site-packages/airflow/example_dags/example_kubernetes_executor.py
[2026-05-15T23:41:54.802+0000] {processor.py:830} INFO - Processing file /home/airflow/.local/lib/python3.12/site-packages/airflow/example_dags/example_kubernetes_executor.py for tasks to queue
[2026-05-15T23:41:54.802+0000] {logging_mixin.py:188} INFO - [2026-05-15T23:41:54.802+0000] {dagbag.py:545} INFO - Filling up the DagBag from /home/airflow/.local/lib/python3.12/site-packages/airflow/example_dags/example_kubernetes_executor.py
[2026-05-15T23:41:54.807+0000] {processor.py:840} INFO - DAG(s) 'example_kubernetes_executor' retrieved from /home/airflow/.local/lib/python3.12/site-packages/airflow/example_dags/example_kubernetes_executor.py
[2026-05-15T23:41:54.823+0000] {logging_mixin.py:188} INFO - [2026-05-15T23:41:54.823+0000] {dag.py:3089} INFO - Sync 1 DAGs
[2026-05-15T23:41:54.828+0000] {logging_mixin.py:188} INFO - [2026-05-15T23:41:54.827+0000] {dag.py:3947} INFO - Setting next_dagrun for example_kubernetes_executor to None, run_after=None
[2026-05-15T23:41:54.834+0000] {processor.py:183} INFO - Processing /home/airflow/.local/lib/python3.12/site-packages/airflow/example_dags/example_kubernetes_executor.py took 0.035 seconds
