[2026-05-15T22:20:24.242+0000] {processor.py:161} INFO - Started process (PID=70) to work on /home/airflow/.local/lib/python3.12/site-packages/airflow/example_dags/example_setup_teardown.py
[2026-05-15T22:20:24.244+0000] {processor.py:830} INFO - Processing file /home/airflow/.local/lib/python3.12/site-packages/airflow/example_dags/example_setup_teardown.py for tasks to queue
[2026-05-15T22:20:24.246+0000] {logging_mixin.py:188} INFO - [2026-05-15T22:20:24.246+0000] {dagbag.py:545} INFO - Filling up the DagBag from /home/airflow/.local/lib/python3.12/site-packages/airflow/example_dags/example_setup_teardown.py
[2026-05-15T22:20:24.253+0000] {processor.py:840} INFO - DAG(s) 'example_setup_teardown' retrieved from /home/airflow/.local/lib/python3.12/site-packages/airflow/example_dags/example_setup_teardown.py
[2026-05-15T22:20:24.278+0000] {logging_mixin.py:188} INFO - [2026-05-15T22:20:24.278+0000] {dag.py:3089} INFO - Sync 1 DAGs
[2026-05-15T22:20:24.306+0000] {logging_mixin.py:188} INFO - [2026-05-15T22:20:24.306+0000] {dag.py:3947} INFO - Setting next_dagrun for example_setup_teardown to 2026-05-14 00:00:00+00:00, run_after=2026-05-15 00:00:00+00:00
[2026-05-15T22:20:24.337+0000] {processor.py:183} INFO - Processing /home/airflow/.local/lib/python3.12/site-packages/airflow/example_dags/example_setup_teardown.py took 0.105 seconds
[2026-05-15T22:20:54.482+0000] {processor.py:161} INFO - Started process (PID=128) to work on /home/airflow/.local/lib/python3.12/site-packages/airflow/example_dags/example_setup_teardown.py
[2026-05-15T22:20:54.482+0000] {processor.py:830} INFO - Processing file /home/airflow/.local/lib/python3.12/site-packages/airflow/example_dags/example_setup_teardown.py for tasks to queue
[2026-05-15T22:20:54.483+0000] {logging_mixin.py:188} INFO - [2026-05-15T22:20:54.483+0000] {dagbag.py:545} INFO - Filling up the DagBag from /home/airflow/.local/lib/python3.12/site-packages/airflow/example_dags/example_setup_teardown.py
[2026-05-15T22:20:54.486+0000] {processor.py:840} INFO - DAG(s) 'example_setup_teardown' retrieved from /home/airflow/.local/lib/python3.12/site-packages/airflow/example_dags/example_setup_teardown.py
[2026-05-15T22:20:54.528+0000] {logging_mixin.py:188} INFO - [2026-05-15T22:20:54.528+0000] {dag.py:3089} INFO - Sync 1 DAGs
[2026-05-15T22:20:54.537+0000] {logging_mixin.py:188} INFO - [2026-05-15T22:20:54.537+0000] {dag.py:3947} INFO - Setting next_dagrun for example_setup_teardown to 2026-05-14 00:00:00+00:00, run_after=2026-05-15 00:00:00+00:00
[2026-05-15T22:20:54.543+0000] {processor.py:183} INFO - Processing /home/airflow/.local/lib/python3.12/site-packages/airflow/example_dags/example_setup_teardown.py took 0.064 seconds
[2026-05-15T22:21:25.367+0000] {processor.py:161} INFO - Started process (PID=186) to work on /home/airflow/.local/lib/python3.12/site-packages/airflow/example_dags/example_setup_teardown.py
[2026-05-15T22:21:25.367+0000] {processor.py:830} INFO - Processing file /home/airflow/.local/lib/python3.12/site-packages/airflow/example_dags/example_setup_teardown.py for tasks to queue
[2026-05-15T22:21:25.368+0000] {logging_mixin.py:188} INFO - [2026-05-15T22:21:25.368+0000] {dagbag.py:545} INFO - Filling up the DagBag from /home/airflow/.local/lib/python3.12/site-packages/airflow/example_dags/example_setup_teardown.py
[2026-05-15T22:21:25.371+0000] {processor.py:840} INFO - DAG(s) 'example_setup_teardown' retrieved from /home/airflow/.local/lib/python3.12/site-packages/airflow/example_dags/example_setup_teardown.py
[2026-05-15T22:21:25.381+0000] {logging_mixin.py:188} INFO - [2026-05-15T22:21:25.381+0000] {dag.py:3089} INFO - Sync 1 DAGs
[2026-05-15T22:21:25.389+0000] {logging_mixin.py:188} INFO - [2026-05-15T22:21:25.389+0000] {dag.py:3947} INFO - Setting next_dagrun for example_setup_teardown to 2026-05-14 00:00:00+00:00, run_after=2026-05-15 00:00:00+00:00
[2026-05-15T22:21:25.397+0000] {processor.py:183} INFO - Processing /home/airflow/.local/lib/python3.12/site-packages/airflow/example_dags/example_setup_teardown.py took 0.033 seconds
[2026-05-15T22:21:55.882+0000] {processor.py:161} INFO - Started process (PID=244) to work on /home/airflow/.local/lib/python3.12/site-packages/airflow/example_dags/example_setup_teardown.py
[2026-05-15T22:21:55.883+0000] {processor.py:830} INFO - Processing file /home/airflow/.local/lib/python3.12/site-packages/airflow/example_dags/example_setup_teardown.py for tasks to queue
[2026-05-15T22:21:55.884+0000] {logging_mixin.py:188} INFO - [2026-05-15T22:21:55.884+0000] {dagbag.py:545} INFO - Filling up the DagBag from /home/airflow/.local/lib/python3.12/site-packages/airflow/example_dags/example_setup_teardown.py
[2026-05-15T22:21:55.887+0000] {processor.py:840} INFO - DAG(s) 'example_setup_teardown' retrieved from /home/airflow/.local/lib/python3.12/site-packages/airflow/example_dags/example_setup_teardown.py
[2026-05-15T22:21:55.896+0000] {logging_mixin.py:188} INFO - [2026-05-15T22:21:55.896+0000] {dag.py:3089} INFO - Sync 1 DAGs
[2026-05-15T22:21:55.904+0000] {logging_mixin.py:188} INFO - [2026-05-15T22:21:55.904+0000] {dag.py:3947} INFO - Setting next_dagrun for example_setup_teardown to 2026-05-14 00:00:00+00:00, run_after=2026-05-15 00:00:00+00:00
[2026-05-15T22:21:55.911+0000] {processor.py:183} INFO - Processing /home/airflow/.local/lib/python3.12/site-packages/airflow/example_dags/example_setup_teardown.py took 0.032 seconds
[2026-05-15T22:23:01.050+0000] {processor.py:161} INFO - Started process (PID=296) to work on /home/airflow/.local/lib/python3.12/site-packages/airflow/example_dags/example_setup_teardown.py
[2026-05-15T22:23:01.051+0000] {processor.py:830} INFO - Processing file /home/airflow/.local/lib/python3.12/site-packages/airflow/example_dags/example_setup_teardown.py for tasks to queue
[2026-05-15T22:23:01.051+0000] {logging_mixin.py:188} INFO - [2026-05-15T22:23:01.051+0000] {dagbag.py:545} INFO - Filling up the DagBag from /home/airflow/.local/lib/python3.12/site-packages/airflow/example_dags/example_setup_teardown.py
[2026-05-15T22:23:01.055+0000] {processor.py:840} INFO - DAG(s) 'example_setup_teardown' retrieved from /home/airflow/.local/lib/python3.12/site-packages/airflow/example_dags/example_setup_teardown.py
[2026-05-15T22:23:01.062+0000] {logging_mixin.py:188} INFO - [2026-05-15T22:23:01.062+0000] {dag.py:3089} INFO - Sync 1 DAGs
[2026-05-15T22:23:01.070+0000] {logging_mixin.py:188} INFO - [2026-05-15T22:23:01.070+0000] {dag.py:3947} INFO - Setting next_dagrun for example_setup_teardown to 2026-05-14 00:00:00+00:00, run_after=2026-05-15 00:00:00+00:00
[2026-05-15T22:23:01.075+0000] {processor.py:183} INFO - Processing /home/airflow/.local/lib/python3.12/site-packages/airflow/example_dags/example_setup_teardown.py took 0.027 seconds
[2026-05-15T22:24:01.552+0000] {processor.py:161} INFO - Started process (PID=353) to work on /home/airflow/.local/lib/python3.12/site-packages/airflow/example_dags/example_setup_teardown.py
[2026-05-15T22:24:01.552+0000] {processor.py:830} INFO - Processing file /home/airflow/.local/lib/python3.12/site-packages/airflow/example_dags/example_setup_teardown.py for tasks to queue
[2026-05-15T22:24:01.553+0000] {logging_mixin.py:188} INFO - [2026-05-15T22:24:01.552+0000] {dagbag.py:545} INFO - Filling up the DagBag from /home/airflow/.local/lib/python3.12/site-packages/airflow/example_dags/example_setup_teardown.py
[2026-05-15T22:24:01.556+0000] {processor.py:840} INFO - DAG(s) 'example_setup_teardown' retrieved from /home/airflow/.local/lib/python3.12/site-packages/airflow/example_dags/example_setup_teardown.py
[2026-05-15T22:24:01.565+0000] {logging_mixin.py:188} INFO - [2026-05-15T22:24:01.565+0000] {dag.py:3089} INFO - Sync 1 DAGs
[2026-05-15T22:24:01.573+0000] {logging_mixin.py:188} INFO - [2026-05-15T22:24:01.573+0000] {dag.py:3947} INFO - Setting next_dagrun for example_setup_teardown to 2026-05-14 00:00:00+00:00, run_after=2026-05-15 00:00:00+00:00
[2026-05-15T22:24:01.578+0000] {processor.py:183} INFO - Processing /home/airflow/.local/lib/python3.12/site-packages/airflow/example_dags/example_setup_teardown.py took 0.028 seconds
[2026-05-15T22:24:32.059+0000] {processor.py:161} INFO - Started process (PID=405) to work on /home/airflow/.local/lib/python3.12/site-packages/airflow/example_dags/example_setup_teardown.py
[2026-05-15T22:24:32.059+0000] {processor.py:830} INFO - Processing file /home/airflow/.local/lib/python3.12/site-packages/airflow/example_dags/example_setup_teardown.py for tasks to queue
[2026-05-15T22:24:32.059+0000] {logging_mixin.py:188} INFO - [2026-05-15T22:24:32.059+0000] {dagbag.py:545} INFO - Filling up the DagBag from /home/airflow/.local/lib/python3.12/site-packages/airflow/example_dags/example_setup_teardown.py
[2026-05-15T22:24:32.062+0000] {processor.py:840} INFO - DAG(s) 'example_setup_teardown' retrieved from /home/airflow/.local/lib/python3.12/site-packages/airflow/example_dags/example_setup_teardown.py
[2026-05-15T22:24:32.068+0000] {logging_mixin.py:188} INFO - [2026-05-15T22:24:32.068+0000] {dag.py:3089} INFO - Sync 1 DAGs
[2026-05-15T22:24:32.074+0000] {logging_mixin.py:188} INFO - [2026-05-15T22:24:32.074+0000] {dag.py:3947} INFO - Setting next_dagrun for example_setup_teardown to 2026-05-14 00:00:00+00:00, run_after=2026-05-15 00:00:00+00:00
[2026-05-15T22:24:32.079+0000] {processor.py:183} INFO - Processing /home/airflow/.local/lib/python3.12/site-packages/airflow/example_dags/example_setup_teardown.py took 0.022 seconds
[2026-05-15T23:22:10.964+0000] {processor.py:161} INFO - Started process (PID=462) to work on /home/airflow/.local/lib/python3.12/site-packages/airflow/example_dags/example_setup_teardown.py
[2026-05-15T23:22:10.965+0000] {processor.py:830} INFO - Processing file /home/airflow/.local/lib/python3.12/site-packages/airflow/example_dags/example_setup_teardown.py for tasks to queue
[2026-05-15T23:22:10.965+0000] {logging_mixin.py:188} INFO - [2026-05-15T23:22:10.965+0000] {dagbag.py:545} INFO - Filling up the DagBag from /home/airflow/.local/lib/python3.12/site-packages/airflow/example_dags/example_setup_teardown.py
[2026-05-15T23:22:10.967+0000] {processor.py:840} INFO - DAG(s) 'example_setup_teardown' retrieved from /home/airflow/.local/lib/python3.12/site-packages/airflow/example_dags/example_setup_teardown.py
[2026-05-15T23:22:10.976+0000] {logging_mixin.py:188} INFO - [2026-05-15T23:22:10.976+0000] {dag.py:3089} INFO - Sync 1 DAGs
[2026-05-15T23:22:10.982+0000] {logging_mixin.py:188} INFO - [2026-05-15T23:22:10.982+0000] {dag.py:3947} INFO - Setting next_dagrun for example_setup_teardown to 2026-05-14 00:00:00+00:00, run_after=2026-05-15 00:00:00+00:00
[2026-05-15T23:22:10.987+0000] {processor.py:183} INFO - Processing /home/airflow/.local/lib/python3.12/site-packages/airflow/example_dags/example_setup_teardown.py took 0.025 seconds
[2026-05-15T23:22:43.016+0000] {processor.py:161} INFO - Started process (PID=514) to work on /home/airflow/.local/lib/python3.12/site-packages/airflow/example_dags/example_setup_teardown.py
[2026-05-15T23:22:43.017+0000] {processor.py:830} INFO - Processing file /home/airflow/.local/lib/python3.12/site-packages/airflow/example_dags/example_setup_teardown.py for tasks to queue
[2026-05-15T23:22:43.018+0000] {logging_mixin.py:188} INFO - [2026-05-15T23:22:43.018+0000] {dagbag.py:545} INFO - Filling up the DagBag from /home/airflow/.local/lib/python3.12/site-packages/airflow/example_dags/example_setup_teardown.py
[2026-05-15T23:22:43.021+0000] {processor.py:840} INFO - DAG(s) 'example_setup_teardown' retrieved from /home/airflow/.local/lib/python3.12/site-packages/airflow/example_dags/example_setup_teardown.py
[2026-05-15T23:22:43.030+0000] {logging_mixin.py:188} INFO - [2026-05-15T23:22:43.030+0000] {dag.py:3089} INFO - Sync 1 DAGs
[2026-05-15T23:22:43.039+0000] {logging_mixin.py:188} INFO - [2026-05-15T23:22:43.039+0000] {dag.py:3947} INFO - Setting next_dagrun for example_setup_teardown to 2026-05-14 00:00:00+00:00, run_after=2026-05-15 00:00:00+00:00
[2026-05-15T23:22:43.051+0000] {processor.py:183} INFO - Processing /home/airflow/.local/lib/python3.12/site-packages/airflow/example_dags/example_setup_teardown.py took 0.038 seconds
[2026-05-15T23:23:13.163+0000] {processor.py:161} INFO - Started process (PID=571) to work on /home/airflow/.local/lib/python3.12/site-packages/airflow/example_dags/example_setup_teardown.py
[2026-05-15T23:23:13.164+0000] {processor.py:830} INFO - Processing file /home/airflow/.local/lib/python3.12/site-packages/airflow/example_dags/example_setup_teardown.py for tasks to queue
[2026-05-15T23:23:13.164+0000] {logging_mixin.py:188} INFO - [2026-05-15T23:23:13.164+0000] {dagbag.py:545} INFO - Filling up the DagBag from /home/airflow/.local/lib/python3.12/site-packages/airflow/example_dags/example_setup_teardown.py
[2026-05-15T23:23:13.167+0000] {processor.py:840} INFO - DAG(s) 'example_setup_teardown' retrieved from /home/airflow/.local/lib/python3.12/site-packages/airflow/example_dags/example_setup_teardown.py
[2026-05-15T23:23:13.174+0000] {logging_mixin.py:188} INFO - [2026-05-15T23:23:13.173+0000] {dag.py:3089} INFO - Sync 1 DAGs
[2026-05-15T23:23:13.180+0000] {logging_mixin.py:188} INFO - [2026-05-15T23:23:13.180+0000] {dag.py:3947} INFO - Setting next_dagrun for example_setup_teardown to 2026-05-14 00:00:00+00:00, run_after=2026-05-15 00:00:00+00:00
[2026-05-15T23:23:13.185+0000] {processor.py:183} INFO - Processing /home/airflow/.local/lib/python3.12/site-packages/airflow/example_dags/example_setup_teardown.py took 0.024 seconds
[2026-05-15T23:24:02.006+0000] {processor.py:161} INFO - Started process (PID=629) to work on /home/airflow/.local/lib/python3.12/site-packages/airflow/example_dags/example_setup_teardown.py
[2026-05-15T23:24:02.006+0000] {processor.py:830} INFO - Processing file /home/airflow/.local/lib/python3.12/site-packages/airflow/example_dags/example_setup_teardown.py for tasks to queue
[2026-05-15T23:24:02.007+0000] {logging_mixin.py:188} INFO - [2026-05-15T23:24:02.007+0000] {dagbag.py:545} INFO - Filling up the DagBag from /home/airflow/.local/lib/python3.12/site-packages/airflow/example_dags/example_setup_teardown.py
[2026-05-15T23:24:02.010+0000] {processor.py:840} INFO - DAG(s) 'example_setup_teardown' retrieved from /home/airflow/.local/lib/python3.12/site-packages/airflow/example_dags/example_setup_teardown.py
[2026-05-15T23:24:02.016+0000] {logging_mixin.py:188} INFO - [2026-05-15T23:24:02.016+0000] {dag.py:3089} INFO - Sync 1 DAGs
[2026-05-15T23:24:02.023+0000] {logging_mixin.py:188} INFO - [2026-05-15T23:24:02.023+0000] {dag.py:3947} INFO - Setting next_dagrun for example_setup_teardown to 2026-05-14 00:00:00+00:00, run_after=2026-05-15 00:00:00+00:00
[2026-05-15T23:24:02.027+0000] {processor.py:183} INFO - Processing /home/airflow/.local/lib/python3.12/site-packages/airflow/example_dags/example_setup_teardown.py took 0.024 seconds
[2026-05-15T23:41:54.431+0000] {processor.py:161} INFO - Started process (PID=681) to work on /home/airflow/.local/lib/python3.12/site-packages/airflow/example_dags/example_setup_teardown.py
[2026-05-15T23:41:54.431+0000] {processor.py:830} INFO - Processing file /home/airflow/.local/lib/python3.12/site-packages/airflow/example_dags/example_setup_teardown.py for tasks to queue
[2026-05-15T23:41:54.431+0000] {logging_mixin.py:188} INFO - [2026-05-15T23:41:54.431+0000] {dagbag.py:545} INFO - Filling up the DagBag from /home/airflow/.local/lib/python3.12/site-packages/airflow/example_dags/example_setup_teardown.py
[2026-05-15T23:41:54.433+0000] {processor.py:840} INFO - DAG(s) 'example_setup_teardown' retrieved from /home/airflow/.local/lib/python3.12/site-packages/airflow/example_dags/example_setup_teardown.py
[2026-05-15T23:41:54.441+0000] {logging_mixin.py:188} INFO - [2026-05-15T23:41:54.441+0000] {dag.py:3089} INFO - Sync 1 DAGs
[2026-05-15T23:41:54.447+0000] {logging_mixin.py:188} INFO - [2026-05-15T23:41:54.447+0000] {dag.py:3947} INFO - Setting next_dagrun for example_setup_teardown to 2026-05-14 00:00:00+00:00, run_after=2026-05-15 00:00:00+00:00
[2026-05-15T23:41:54.452+0000] {processor.py:183} INFO - Processing /home/airflow/.local/lib/python3.12/site-packages/airflow/example_dags/example_setup_teardown.py took 0.023 seconds
