[2026-05-15T22:20:23.310+0000] {processor.py:161} INFO - Started process (PID=48) to work on /home/airflow/.local/lib/python3.12/site-packages/airflow/example_dags/example_latest_only.py
[2026-05-15T22:20:23.313+0000] {processor.py:830} INFO - Processing file /home/airflow/.local/lib/python3.12/site-packages/airflow/example_dags/example_latest_only.py for tasks to queue
[2026-05-15T22:20:23.314+0000] {logging_mixin.py:188} INFO - [2026-05-15T22:20:23.314+0000] {dagbag.py:545} INFO - Filling up the DagBag from /home/airflow/.local/lib/python3.12/site-packages/airflow/example_dags/example_latest_only.py
[2026-05-15T22:20:23.323+0000] {processor.py:840} INFO - DAG(s) 'latest_only' retrieved from /home/airflow/.local/lib/python3.12/site-packages/airflow/example_dags/example_latest_only.py
[2026-05-15T22:20:23.336+0000] {logging_mixin.py:188} INFO - [2026-05-15T22:20:23.336+0000] {dag.py:3089} INFO - Sync 1 DAGs
[2026-05-15T22:20:23.382+0000] {logging_mixin.py:188} INFO - [2026-05-15T22:20:23.382+0000] {dag.py:3947} INFO - Setting next_dagrun for latest_only to 2026-05-15 16:00:00+00:00, run_after=2026-05-15 20:00:00+00:00
[2026-05-15T22:20:23.403+0000] {processor.py:183} INFO - Processing /home/airflow/.local/lib/python3.12/site-packages/airflow/example_dags/example_latest_only.py took 0.101 seconds
[2026-05-15T22:20:53.861+0000] {processor.py:161} INFO - Started process (PID=106) to work on /home/airflow/.local/lib/python3.12/site-packages/airflow/example_dags/example_latest_only.py
[2026-05-15T22:20:53.861+0000] {processor.py:830} INFO - Processing file /home/airflow/.local/lib/python3.12/site-packages/airflow/example_dags/example_latest_only.py for tasks to queue
[2026-05-15T22:20:53.862+0000] {logging_mixin.py:188} INFO - [2026-05-15T22:20:53.862+0000] {dagbag.py:545} INFO - Filling up the DagBag from /home/airflow/.local/lib/python3.12/site-packages/airflow/example_dags/example_latest_only.py
[2026-05-15T22:20:53.865+0000] {processor.py:840} INFO - DAG(s) 'latest_only' retrieved from /home/airflow/.local/lib/python3.12/site-packages/airflow/example_dags/example_latest_only.py
[2026-05-15T22:20:53.902+0000] {logging_mixin.py:188} INFO - [2026-05-15T22:20:53.902+0000] {dag.py:3089} INFO - Sync 1 DAGs
[2026-05-15T22:20:53.908+0000] {logging_mixin.py:188} INFO - [2026-05-15T22:20:53.908+0000] {dag.py:3947} INFO - Setting next_dagrun for latest_only to 2026-05-15 16:00:00+00:00, run_after=2026-05-15 20:00:00+00:00
[2026-05-15T22:20:53.915+0000] {processor.py:183} INFO - Processing /home/airflow/.local/lib/python3.12/site-packages/airflow/example_dags/example_latest_only.py took 0.056 seconds
[2026-05-15T22:21:24.901+0000] {processor.py:161} INFO - Started process (PID=170) to work on /home/airflow/.local/lib/python3.12/site-packages/airflow/example_dags/example_latest_only.py
[2026-05-15T22:21:24.904+0000] {processor.py:830} INFO - Processing file /home/airflow/.local/lib/python3.12/site-packages/airflow/example_dags/example_latest_only.py for tasks to queue
[2026-05-15T22:21:24.906+0000] {logging_mixin.py:188} INFO - [2026-05-15T22:21:24.906+0000] {dagbag.py:545} INFO - Filling up the DagBag from /home/airflow/.local/lib/python3.12/site-packages/airflow/example_dags/example_latest_only.py
[2026-05-15T22:21:24.917+0000] {processor.py:840} INFO - DAG(s) 'latest_only' retrieved from /home/airflow/.local/lib/python3.12/site-packages/airflow/example_dags/example_latest_only.py
[2026-05-15T22:21:24.936+0000] {logging_mixin.py:188} INFO - [2026-05-15T22:21:24.936+0000] {dag.py:3089} INFO - Sync 1 DAGs
[2026-05-15T22:21:24.948+0000] {logging_mixin.py:188} INFO - [2026-05-15T22:21:24.948+0000] {dag.py:3947} INFO - Setting next_dagrun for latest_only to 2026-05-15 16:00:00+00:00, run_after=2026-05-15 20:00:00+00:00
[2026-05-15T22:21:24.961+0000] {processor.py:183} INFO - Processing /home/airflow/.local/lib/python3.12/site-packages/airflow/example_dags/example_latest_only.py took 0.068 seconds
[2026-05-15T22:21:55.433+0000] {processor.py:161} INFO - Started process (PID=228) to work on /home/airflow/.local/lib/python3.12/site-packages/airflow/example_dags/example_latest_only.py
[2026-05-15T22:21:55.435+0000] {processor.py:830} INFO - Processing file /home/airflow/.local/lib/python3.12/site-packages/airflow/example_dags/example_latest_only.py for tasks to queue
[2026-05-15T22:21:55.441+0000] {logging_mixin.py:188} INFO - [2026-05-15T22:21:55.440+0000] {dagbag.py:545} INFO - Filling up the DagBag from /home/airflow/.local/lib/python3.12/site-packages/airflow/example_dags/example_latest_only.py
[2026-05-15T22:21:55.451+0000] {processor.py:840} INFO - DAG(s) 'latest_only' retrieved from /home/airflow/.local/lib/python3.12/site-packages/airflow/example_dags/example_latest_only.py
[2026-05-15T22:21:55.468+0000] {logging_mixin.py:188} INFO - [2026-05-15T22:21:55.468+0000] {dag.py:3089} INFO - Sync 1 DAGs
[2026-05-15T22:21:55.479+0000] {logging_mixin.py:188} INFO - [2026-05-15T22:21:55.479+0000] {dag.py:3947} INFO - Setting next_dagrun for latest_only to 2026-05-15 16:00:00+00:00, run_after=2026-05-15 20:00:00+00:00
[2026-05-15T22:21:55.486+0000] {processor.py:183} INFO - Processing /home/airflow/.local/lib/python3.12/site-packages/airflow/example_dags/example_latest_only.py took 0.064 seconds
[2026-05-15T22:23:00.683+0000] {processor.py:161} INFO - Started process (PID=280) to work on /home/airflow/.local/lib/python3.12/site-packages/airflow/example_dags/example_latest_only.py
[2026-05-15T22:23:00.683+0000] {processor.py:830} INFO - Processing file /home/airflow/.local/lib/python3.12/site-packages/airflow/example_dags/example_latest_only.py for tasks to queue
[2026-05-15T22:23:00.684+0000] {logging_mixin.py:188} INFO - [2026-05-15T22:23:00.684+0000] {dagbag.py:545} INFO - Filling up the DagBag from /home/airflow/.local/lib/python3.12/site-packages/airflow/example_dags/example_latest_only.py
[2026-05-15T22:23:00.686+0000] {processor.py:840} INFO - DAG(s) 'latest_only' retrieved from /home/airflow/.local/lib/python3.12/site-packages/airflow/example_dags/example_latest_only.py
[2026-05-15T22:23:00.695+0000] {logging_mixin.py:188} INFO - [2026-05-15T22:23:00.694+0000] {dag.py:3089} INFO - Sync 1 DAGs
[2026-05-15T22:23:00.702+0000] {logging_mixin.py:188} INFO - [2026-05-15T22:23:00.702+0000] {dag.py:3947} INFO - Setting next_dagrun for latest_only to 2026-05-15 16:00:00+00:00, run_after=2026-05-15 20:00:00+00:00
[2026-05-15T22:23:00.707+0000] {processor.py:183} INFO - Processing /home/airflow/.local/lib/python3.12/site-packages/airflow/example_dags/example_latest_only.py took 0.027 seconds
[2026-05-15T22:24:01.245+0000] {processor.py:161} INFO - Started process (PID=337) to work on /home/airflow/.local/lib/python3.12/site-packages/airflow/example_dags/example_latest_only.py
[2026-05-15T22:24:01.245+0000] {processor.py:830} INFO - Processing file /home/airflow/.local/lib/python3.12/site-packages/airflow/example_dags/example_latest_only.py for tasks to queue
[2026-05-15T22:24:01.245+0000] {logging_mixin.py:188} INFO - [2026-05-15T22:24:01.245+0000] {dagbag.py:545} INFO - Filling up the DagBag from /home/airflow/.local/lib/python3.12/site-packages/airflow/example_dags/example_latest_only.py
[2026-05-15T22:24:01.247+0000] {processor.py:840} INFO - DAG(s) 'latest_only' retrieved from /home/airflow/.local/lib/python3.12/site-packages/airflow/example_dags/example_latest_only.py
[2026-05-15T22:24:01.254+0000] {logging_mixin.py:188} INFO - [2026-05-15T22:24:01.254+0000] {dag.py:3089} INFO - Sync 1 DAGs
[2026-05-15T22:24:01.260+0000] {logging_mixin.py:188} INFO - [2026-05-15T22:24:01.260+0000] {dag.py:3947} INFO - Setting next_dagrun for latest_only to 2026-05-15 16:00:00+00:00, run_after=2026-05-15 20:00:00+00:00
[2026-05-15T22:24:01.267+0000] {processor.py:183} INFO - Processing /home/airflow/.local/lib/python3.12/site-packages/airflow/example_dags/example_latest_only.py took 0.024 seconds
[2026-05-15T22:24:31.755+0000] {processor.py:161} INFO - Started process (PID=389) to work on /home/airflow/.local/lib/python3.12/site-packages/airflow/example_dags/example_latest_only.py
[2026-05-15T22:24:31.756+0000] {processor.py:830} INFO - Processing file /home/airflow/.local/lib/python3.12/site-packages/airflow/example_dags/example_latest_only.py for tasks to queue
[2026-05-15T22:24:31.756+0000] {logging_mixin.py:188} INFO - [2026-05-15T22:24:31.756+0000] {dagbag.py:545} INFO - Filling up the DagBag from /home/airflow/.local/lib/python3.12/site-packages/airflow/example_dags/example_latest_only.py
[2026-05-15T22:24:31.757+0000] {processor.py:840} INFO - DAG(s) 'latest_only' retrieved from /home/airflow/.local/lib/python3.12/site-packages/airflow/example_dags/example_latest_only.py
[2026-05-15T22:24:31.764+0000] {logging_mixin.py:188} INFO - [2026-05-15T22:24:31.764+0000] {dag.py:3089} INFO - Sync 1 DAGs
[2026-05-15T22:24:31.771+0000] {logging_mixin.py:188} INFO - [2026-05-15T22:24:31.771+0000] {dag.py:3947} INFO - Setting next_dagrun for latest_only to 2026-05-15 16:00:00+00:00, run_after=2026-05-15 20:00:00+00:00
[2026-05-15T22:24:31.775+0000] {processor.py:183} INFO - Processing /home/airflow/.local/lib/python3.12/site-packages/airflow/example_dags/example_latest_only.py took 0.022 seconds
[2026-05-15T23:22:10.664+0000] {processor.py:161} INFO - Started process (PID=446) to work on /home/airflow/.local/lib/python3.12/site-packages/airflow/example_dags/example_latest_only.py
[2026-05-15T23:22:10.664+0000] {processor.py:830} INFO - Processing file /home/airflow/.local/lib/python3.12/site-packages/airflow/example_dags/example_latest_only.py for tasks to queue
[2026-05-15T23:22:10.665+0000] {logging_mixin.py:188} INFO - [2026-05-15T23:22:10.665+0000] {dagbag.py:545} INFO - Filling up the DagBag from /home/airflow/.local/lib/python3.12/site-packages/airflow/example_dags/example_latest_only.py
[2026-05-15T23:22:10.667+0000] {processor.py:840} INFO - DAG(s) 'latest_only' retrieved from /home/airflow/.local/lib/python3.12/site-packages/airflow/example_dags/example_latest_only.py
[2026-05-15T23:22:10.675+0000] {logging_mixin.py:188} INFO - [2026-05-15T23:22:10.675+0000] {dag.py:3089} INFO - Sync 1 DAGs
[2026-05-15T23:22:10.681+0000] {logging_mixin.py:188} INFO - [2026-05-15T23:22:10.681+0000] {dag.py:3947} INFO - Setting next_dagrun for latest_only to 2026-05-15 16:00:00+00:00, run_after=2026-05-15 20:00:00+00:00
[2026-05-15T23:22:10.687+0000] {processor.py:183} INFO - Processing /home/airflow/.local/lib/python3.12/site-packages/airflow/example_dags/example_latest_only.py took 0.026 seconds
[2026-05-15T23:22:42.622+0000] {processor.py:161} INFO - Started process (PID=498) to work on /home/airflow/.local/lib/python3.12/site-packages/airflow/example_dags/example_latest_only.py
[2026-05-15T23:22:42.623+0000] {processor.py:830} INFO - Processing file /home/airflow/.local/lib/python3.12/site-packages/airflow/example_dags/example_latest_only.py for tasks to queue
[2026-05-15T23:22:42.624+0000] {logging_mixin.py:188} INFO - [2026-05-15T23:22:42.624+0000] {dagbag.py:545} INFO - Filling up the DagBag from /home/airflow/.local/lib/python3.12/site-packages/airflow/example_dags/example_latest_only.py
[2026-05-15T23:22:42.628+0000] {processor.py:840} INFO - DAG(s) 'latest_only' retrieved from /home/airflow/.local/lib/python3.12/site-packages/airflow/example_dags/example_latest_only.py
[2026-05-15T23:22:42.638+0000] {logging_mixin.py:188} INFO - [2026-05-15T23:22:42.638+0000] {dag.py:3089} INFO - Sync 1 DAGs
[2026-05-15T23:22:42.647+0000] {logging_mixin.py:188} INFO - [2026-05-15T23:22:42.647+0000] {dag.py:3947} INFO - Setting next_dagrun for latest_only to 2026-05-15 16:00:00+00:00, run_after=2026-05-15 20:00:00+00:00
[2026-05-15T23:22:42.655+0000] {processor.py:183} INFO - Processing /home/airflow/.local/lib/python3.12/site-packages/airflow/example_dags/example_latest_only.py took 0.036 seconds
[2026-05-15T23:23:12.878+0000] {processor.py:161} INFO - Started process (PID=555) to work on /home/airflow/.local/lib/python3.12/site-packages/airflow/example_dags/example_latest_only.py
[2026-05-15T23:23:12.878+0000] {processor.py:830} INFO - Processing file /home/airflow/.local/lib/python3.12/site-packages/airflow/example_dags/example_latest_only.py for tasks to queue
[2026-05-15T23:23:12.879+0000] {logging_mixin.py:188} INFO - [2026-05-15T23:23:12.879+0000] {dagbag.py:545} INFO - Filling up the DagBag from /home/airflow/.local/lib/python3.12/site-packages/airflow/example_dags/example_latest_only.py
[2026-05-15T23:23:12.881+0000] {processor.py:840} INFO - DAG(s) 'latest_only' retrieved from /home/airflow/.local/lib/python3.12/site-packages/airflow/example_dags/example_latest_only.py
[2026-05-15T23:23:12.888+0000] {logging_mixin.py:188} INFO - [2026-05-15T23:23:12.888+0000] {dag.py:3089} INFO - Sync 1 DAGs
[2026-05-15T23:23:12.895+0000] {logging_mixin.py:188} INFO - [2026-05-15T23:23:12.894+0000] {dag.py:3947} INFO - Setting next_dagrun for latest_only to 2026-05-15 16:00:00+00:00, run_after=2026-05-15 20:00:00+00:00
[2026-05-15T23:23:12.900+0000] {processor.py:183} INFO - Processing /home/airflow/.local/lib/python3.12/site-packages/airflow/example_dags/example_latest_only.py took 0.024 seconds
[2026-05-15T23:24:01.699+0000] {processor.py:161} INFO - Started process (PID=613) to work on /home/airflow/.local/lib/python3.12/site-packages/airflow/example_dags/example_latest_only.py
[2026-05-15T23:24:01.699+0000] {processor.py:830} INFO - Processing file /home/airflow/.local/lib/python3.12/site-packages/airflow/example_dags/example_latest_only.py for tasks to queue
[2026-05-15T23:24:01.700+0000] {logging_mixin.py:188} INFO - [2026-05-15T23:24:01.700+0000] {dagbag.py:545} INFO - Filling up the DagBag from /home/airflow/.local/lib/python3.12/site-packages/airflow/example_dags/example_latest_only.py
[2026-05-15T23:24:01.702+0000] {processor.py:840} INFO - DAG(s) 'latest_only' retrieved from /home/airflow/.local/lib/python3.12/site-packages/airflow/example_dags/example_latest_only.py
[2026-05-15T23:24:01.708+0000] {logging_mixin.py:188} INFO - [2026-05-15T23:24:01.708+0000] {dag.py:3089} INFO - Sync 1 DAGs
[2026-05-15T23:24:01.715+0000] {logging_mixin.py:188} INFO - [2026-05-15T23:24:01.714+0000] {dag.py:3947} INFO - Setting next_dagrun for latest_only to 2026-05-15 16:00:00+00:00, run_after=2026-05-15 20:00:00+00:00
[2026-05-15T23:24:01.719+0000] {processor.py:183} INFO - Processing /home/airflow/.local/lib/python3.12/site-packages/airflow/example_dags/example_latest_only.py took 0.022 seconds
[2026-05-15T23:41:54.120+0000] {processor.py:161} INFO - Started process (PID=665) to work on /home/airflow/.local/lib/python3.12/site-packages/airflow/example_dags/example_latest_only.py
[2026-05-15T23:41:54.120+0000] {processor.py:830} INFO - Processing file /home/airflow/.local/lib/python3.12/site-packages/airflow/example_dags/example_latest_only.py for tasks to queue
[2026-05-15T23:41:54.121+0000] {logging_mixin.py:188} INFO - [2026-05-15T23:41:54.121+0000] {dagbag.py:545} INFO - Filling up the DagBag from /home/airflow/.local/lib/python3.12/site-packages/airflow/example_dags/example_latest_only.py
[2026-05-15T23:41:54.123+0000] {processor.py:840} INFO - DAG(s) 'latest_only' retrieved from /home/airflow/.local/lib/python3.12/site-packages/airflow/example_dags/example_latest_only.py
[2026-05-15T23:41:54.133+0000] {logging_mixin.py:188} INFO - [2026-05-15T23:41:54.133+0000] {dag.py:3089} INFO - Sync 1 DAGs
[2026-05-15T23:41:54.140+0000] {logging_mixin.py:188} INFO - [2026-05-15T23:41:54.140+0000] {dag.py:3947} INFO - Setting next_dagrun for latest_only to 2026-05-15 16:00:00+00:00, run_after=2026-05-15 20:00:00+00:00
[2026-05-15T23:41:54.145+0000] {processor.py:183} INFO - Processing /home/airflow/.local/lib/python3.12/site-packages/airflow/example_dags/example_latest_only.py took 0.027 seconds
