[2026-05-15T22:20:25.907+0000] {processor.py:161} INFO - Started process (PID=88) to work on /home/airflow/.local/lib/python3.12/site-packages/airflow/example_dags/example_sensors.py
[2026-05-15T22:20:25.907+0000] {processor.py:830} INFO - Processing file /home/airflow/.local/lib/python3.12/site-packages/airflow/example_dags/example_sensors.py for tasks to queue
[2026-05-15T22:20:25.910+0000] {logging_mixin.py:188} INFO - [2026-05-15T22:20:25.910+0000] {dagbag.py:545} INFO - Filling up the DagBag from /home/airflow/.local/lib/python3.12/site-packages/airflow/example_dags/example_sensors.py
[2026-05-15T22:20:25.927+0000] {processor.py:840} INFO - DAG(s) 'example_sensors' retrieved from /home/airflow/.local/lib/python3.12/site-packages/airflow/example_dags/example_sensors.py
[2026-05-15T22:20:25.953+0000] {logging_mixin.py:188} INFO - [2026-05-15T22:20:25.953+0000] {dag.py:3089} INFO - Sync 1 DAGs
[2026-05-15T22:20:25.973+0000] {logging_mixin.py:188} INFO - [2026-05-15T22:20:25.969+0000] {dag.py:3947} INFO - Setting next_dagrun for example_sensors to None, run_after=None
[2026-05-15T22:20:26.003+0000] {processor.py:183} INFO - Processing /home/airflow/.local/lib/python3.12/site-packages/airflow/example_dags/example_sensors.py took 0.104 seconds
[2026-05-15T22:20:56.123+0000] {processor.py:161} INFO - Started process (PID=146) to work on /home/airflow/.local/lib/python3.12/site-packages/airflow/example_dags/example_sensors.py
[2026-05-15T22:20:56.123+0000] {processor.py:830} INFO - Processing file /home/airflow/.local/lib/python3.12/site-packages/airflow/example_dags/example_sensors.py for tasks to queue
[2026-05-15T22:20:56.124+0000] {logging_mixin.py:188} INFO - [2026-05-15T22:20:56.124+0000] {dagbag.py:545} INFO - Filling up the DagBag from /home/airflow/.local/lib/python3.12/site-packages/airflow/example_dags/example_sensors.py
[2026-05-15T22:20:56.127+0000] {processor.py:840} INFO - DAG(s) 'example_sensors' retrieved from /home/airflow/.local/lib/python3.12/site-packages/airflow/example_dags/example_sensors.py
[2026-05-15T22:20:56.162+0000] {logging_mixin.py:188} INFO - [2026-05-15T22:20:56.162+0000] {dag.py:3089} INFO - Sync 1 DAGs
[2026-05-15T22:20:56.166+0000] {logging_mixin.py:188} INFO - [2026-05-15T22:20:56.166+0000] {dag.py:3947} INFO - Setting next_dagrun for example_sensors to None, run_after=None
[2026-05-15T22:20:56.171+0000] {processor.py:183} INFO - Processing /home/airflow/.local/lib/python3.12/site-packages/airflow/example_dags/example_sensors.py took 0.051 seconds
[2026-05-15T22:21:26.841+0000] {processor.py:161} INFO - Started process (PID=204) to work on /home/airflow/.local/lib/python3.12/site-packages/airflow/example_dags/example_sensors.py
[2026-05-15T22:21:26.841+0000] {processor.py:830} INFO - Processing file /home/airflow/.local/lib/python3.12/site-packages/airflow/example_dags/example_sensors.py for tasks to queue
[2026-05-15T22:21:26.842+0000] {logging_mixin.py:188} INFO - [2026-05-15T22:21:26.842+0000] {dagbag.py:545} INFO - Filling up the DagBag from /home/airflow/.local/lib/python3.12/site-packages/airflow/example_dags/example_sensors.py
[2026-05-15T22:21:26.845+0000] {processor.py:840} INFO - DAG(s) 'example_sensors' retrieved from /home/airflow/.local/lib/python3.12/site-packages/airflow/example_dags/example_sensors.py
[2026-05-15T22:21:26.854+0000] {logging_mixin.py:188} INFO - [2026-05-15T22:21:26.853+0000] {dag.py:3089} INFO - Sync 1 DAGs
[2026-05-15T22:21:26.857+0000] {logging_mixin.py:188} INFO - [2026-05-15T22:21:26.857+0000] {dag.py:3947} INFO - Setting next_dagrun for example_sensors to None, run_after=None
[2026-05-15T22:21:26.863+0000] {processor.py:183} INFO - Processing /home/airflow/.local/lib/python3.12/site-packages/airflow/example_dags/example_sensors.py took 0.024 seconds
[2026-05-15T22:21:57.312+0000] {processor.py:161} INFO - Started process (PID=262) to work on /home/airflow/.local/lib/python3.12/site-packages/airflow/example_dags/example_sensors.py
[2026-05-15T22:21:57.313+0000] {processor.py:830} INFO - Processing file /home/airflow/.local/lib/python3.12/site-packages/airflow/example_dags/example_sensors.py for tasks to queue
[2026-05-15T22:21:57.314+0000] {logging_mixin.py:188} INFO - [2026-05-15T22:21:57.314+0000] {dagbag.py:545} INFO - Filling up the DagBag from /home/airflow/.local/lib/python3.12/site-packages/airflow/example_dags/example_sensors.py
[2026-05-15T22:21:57.317+0000] {processor.py:840} INFO - DAG(s) 'example_sensors' retrieved from /home/airflow/.local/lib/python3.12/site-packages/airflow/example_dags/example_sensors.py
[2026-05-15T22:21:57.325+0000] {logging_mixin.py:188} INFO - [2026-05-15T22:21:57.325+0000] {dag.py:3089} INFO - Sync 1 DAGs
[2026-05-15T22:21:57.329+0000] {logging_mixin.py:188} INFO - [2026-05-15T22:21:57.329+0000] {dag.py:3947} INFO - Setting next_dagrun for example_sensors to None, run_after=None
[2026-05-15T22:21:57.334+0000] {processor.py:183} INFO - Processing /home/airflow/.local/lib/python3.12/site-packages/airflow/example_dags/example_sensors.py took 0.024 seconds
[2026-05-15T22:23:01.529+0000] {processor.py:161} INFO - Started process (PID=314) to work on /home/airflow/.local/lib/python3.12/site-packages/airflow/example_dags/example_sensors.py
[2026-05-15T22:23:01.530+0000] {processor.py:830} INFO - Processing file /home/airflow/.local/lib/python3.12/site-packages/airflow/example_dags/example_sensors.py for tasks to queue
[2026-05-15T22:23:01.531+0000] {logging_mixin.py:188} INFO - [2026-05-15T22:23:01.530+0000] {dagbag.py:545} INFO - Filling up the DagBag from /home/airflow/.local/lib/python3.12/site-packages/airflow/example_dags/example_sensors.py
[2026-05-15T22:23:01.534+0000] {processor.py:840} INFO - DAG(s) 'example_sensors' retrieved from /home/airflow/.local/lib/python3.12/site-packages/airflow/example_dags/example_sensors.py
[2026-05-15T22:23:01.544+0000] {logging_mixin.py:188} INFO - [2026-05-15T22:23:01.544+0000] {dag.py:3089} INFO - Sync 1 DAGs
[2026-05-15T22:23:01.549+0000] {logging_mixin.py:188} INFO - [2026-05-15T22:23:01.549+0000] {dag.py:3947} INFO - Setting next_dagrun for example_sensors to None, run_after=None
[2026-05-15T22:23:01.555+0000] {processor.py:183} INFO - Processing /home/airflow/.local/lib/python3.12/site-packages/airflow/example_dags/example_sensors.py took 0.028 seconds
[2026-05-15T22:24:01.966+0000] {processor.py:161} INFO - Started process (PID=371) to work on /home/airflow/.local/lib/python3.12/site-packages/airflow/example_dags/example_sensors.py
[2026-05-15T22:24:01.966+0000] {processor.py:830} INFO - Processing file /home/airflow/.local/lib/python3.12/site-packages/airflow/example_dags/example_sensors.py for tasks to queue
[2026-05-15T22:24:01.967+0000] {logging_mixin.py:188} INFO - [2026-05-15T22:24:01.967+0000] {dagbag.py:545} INFO - Filling up the DagBag from /home/airflow/.local/lib/python3.12/site-packages/airflow/example_dags/example_sensors.py
[2026-05-15T22:24:01.970+0000] {processor.py:840} INFO - DAG(s) 'example_sensors' retrieved from /home/airflow/.local/lib/python3.12/site-packages/airflow/example_dags/example_sensors.py
[2026-05-15T22:24:01.979+0000] {logging_mixin.py:188} INFO - [2026-05-15T22:24:01.979+0000] {dag.py:3089} INFO - Sync 1 DAGs
[2026-05-15T22:24:01.984+0000] {logging_mixin.py:188} INFO - [2026-05-15T22:24:01.984+0000] {dag.py:3947} INFO - Setting next_dagrun for example_sensors to None, run_after=None
[2026-05-15T22:24:01.989+0000] {processor.py:183} INFO - Processing /home/airflow/.local/lib/python3.12/site-packages/airflow/example_dags/example_sensors.py took 0.025 seconds
[2026-05-15T22:24:32.398+0000] {processor.py:161} INFO - Started process (PID=423) to work on /home/airflow/.local/lib/python3.12/site-packages/airflow/example_dags/example_sensors.py
[2026-05-15T22:24:32.399+0000] {processor.py:830} INFO - Processing file /home/airflow/.local/lib/python3.12/site-packages/airflow/example_dags/example_sensors.py for tasks to queue
[2026-05-15T22:24:32.399+0000] {logging_mixin.py:188} INFO - [2026-05-15T22:24:32.399+0000] {dagbag.py:545} INFO - Filling up the DagBag from /home/airflow/.local/lib/python3.12/site-packages/airflow/example_dags/example_sensors.py
[2026-05-15T22:24:32.402+0000] {processor.py:840} INFO - DAG(s) 'example_sensors' retrieved from /home/airflow/.local/lib/python3.12/site-packages/airflow/example_dags/example_sensors.py
[2026-05-15T22:24:32.410+0000] {logging_mixin.py:188} INFO - [2026-05-15T22:24:32.410+0000] {dag.py:3089} INFO - Sync 1 DAGs
[2026-05-15T22:24:32.413+0000] {logging_mixin.py:188} INFO - [2026-05-15T22:24:32.413+0000] {dag.py:3947} INFO - Setting next_dagrun for example_sensors to None, run_after=None
[2026-05-15T22:24:32.418+0000] {processor.py:183} INFO - Processing /home/airflow/.local/lib/python3.12/site-packages/airflow/example_dags/example_sensors.py took 0.022 seconds
[2026-05-15T23:22:11.442+0000] {processor.py:161} INFO - Started process (PID=480) to work on /home/airflow/.local/lib/python3.12/site-packages/airflow/example_dags/example_sensors.py
[2026-05-15T23:22:11.442+0000] {processor.py:830} INFO - Processing file /home/airflow/.local/lib/python3.12/site-packages/airflow/example_dags/example_sensors.py for tasks to queue
[2026-05-15T23:22:11.443+0000] {logging_mixin.py:188} INFO - [2026-05-15T23:22:11.443+0000] {dagbag.py:545} INFO - Filling up the DagBag from /home/airflow/.local/lib/python3.12/site-packages/airflow/example_dags/example_sensors.py
[2026-05-15T23:22:11.446+0000] {processor.py:840} INFO - DAG(s) 'example_sensors' retrieved from /home/airflow/.local/lib/python3.12/site-packages/airflow/example_dags/example_sensors.py
[2026-05-15T23:22:11.454+0000] {logging_mixin.py:188} INFO - [2026-05-15T23:22:11.454+0000] {dag.py:3089} INFO - Sync 1 DAGs
[2026-05-15T23:22:11.458+0000] {logging_mixin.py:188} INFO - [2026-05-15T23:22:11.458+0000] {dag.py:3947} INFO - Setting next_dagrun for example_sensors to None, run_after=None
[2026-05-15T23:22:11.465+0000] {processor.py:183} INFO - Processing /home/airflow/.local/lib/python3.12/site-packages/airflow/example_dags/example_sensors.py took 0.026 seconds
[2026-05-15T23:22:43.656+0000] {processor.py:161} INFO - Started process (PID=532) to work on /home/airflow/.local/lib/python3.12/site-packages/airflow/example_dags/example_sensors.py
[2026-05-15T23:22:43.656+0000] {processor.py:830} INFO - Processing file /home/airflow/.local/lib/python3.12/site-packages/airflow/example_dags/example_sensors.py for tasks to queue
[2026-05-15T23:22:43.657+0000] {logging_mixin.py:188} INFO - [2026-05-15T23:22:43.657+0000] {dagbag.py:545} INFO - Filling up the DagBag from /home/airflow/.local/lib/python3.12/site-packages/airflow/example_dags/example_sensors.py
[2026-05-15T23:22:43.662+0000] {processor.py:840} INFO - DAG(s) 'example_sensors' retrieved from /home/airflow/.local/lib/python3.12/site-packages/airflow/example_dags/example_sensors.py
[2026-05-15T23:22:43.680+0000] {logging_mixin.py:188} INFO - [2026-05-15T23:22:43.680+0000] {dag.py:3089} INFO - Sync 1 DAGs
[2026-05-15T23:22:43.687+0000] {logging_mixin.py:188} INFO - [2026-05-15T23:22:43.687+0000] {dag.py:3947} INFO - Setting next_dagrun for example_sensors to None, run_after=None
[2026-05-15T23:22:43.695+0000] {processor.py:183} INFO - Processing /home/airflow/.local/lib/python3.12/site-packages/airflow/example_dags/example_sensors.py took 0.042 seconds
[2026-05-15T23:23:14.580+0000] {processor.py:161} INFO - Started process (PID=589) to work on /home/airflow/.local/lib/python3.12/site-packages/airflow/example_dags/example_sensors.py
[2026-05-15T23:23:14.581+0000] {processor.py:830} INFO - Processing file /home/airflow/.local/lib/python3.12/site-packages/airflow/example_dags/example_sensors.py for tasks to queue
[2026-05-15T23:23:14.581+0000] {logging_mixin.py:188} INFO - [2026-05-15T23:23:14.581+0000] {dagbag.py:545} INFO - Filling up the DagBag from /home/airflow/.local/lib/python3.12/site-packages/airflow/example_dags/example_sensors.py
[2026-05-15T23:23:14.584+0000] {processor.py:840} INFO - DAG(s) 'example_sensors' retrieved from /home/airflow/.local/lib/python3.12/site-packages/airflow/example_dags/example_sensors.py
[2026-05-15T23:23:14.592+0000] {logging_mixin.py:188} INFO - [2026-05-15T23:23:14.592+0000] {dag.py:3089} INFO - Sync 1 DAGs
[2026-05-15T23:23:14.597+0000] {logging_mixin.py:188} INFO - [2026-05-15T23:23:14.597+0000] {dag.py:3947} INFO - Setting next_dagrun for example_sensors to None, run_after=None
[2026-05-15T23:23:14.602+0000] {processor.py:183} INFO - Processing /home/airflow/.local/lib/python3.12/site-packages/airflow/example_dags/example_sensors.py took 0.024 seconds
[2026-05-15T23:24:02.349+0000] {processor.py:161} INFO - Started process (PID=647) to work on /home/airflow/.local/lib/python3.12/site-packages/airflow/example_dags/example_sensors.py
[2026-05-15T23:24:02.350+0000] {processor.py:830} INFO - Processing file /home/airflow/.local/lib/python3.12/site-packages/airflow/example_dags/example_sensors.py for tasks to queue
[2026-05-15T23:24:02.350+0000] {logging_mixin.py:188} INFO - [2026-05-15T23:24:02.350+0000] {dagbag.py:545} INFO - Filling up the DagBag from /home/airflow/.local/lib/python3.12/site-packages/airflow/example_dags/example_sensors.py
[2026-05-15T23:24:02.353+0000] {processor.py:840} INFO - DAG(s) 'example_sensors' retrieved from /home/airflow/.local/lib/python3.12/site-packages/airflow/example_dags/example_sensors.py
[2026-05-15T23:24:02.361+0000] {logging_mixin.py:188} INFO - [2026-05-15T23:24:02.361+0000] {dag.py:3089} INFO - Sync 1 DAGs
[2026-05-15T23:24:02.364+0000] {logging_mixin.py:188} INFO - [2026-05-15T23:24:02.364+0000] {dag.py:3947} INFO - Setting next_dagrun for example_sensors to None, run_after=None
[2026-05-15T23:24:02.369+0000] {processor.py:183} INFO - Processing /home/airflow/.local/lib/python3.12/site-packages/airflow/example_dags/example_sensors.py took 0.022 seconds
[2026-05-15T23:41:54.916+0000] {processor.py:161} INFO - Started process (PID=699) to work on /home/airflow/.local/lib/python3.12/site-packages/airflow/example_dags/example_sensors.py
[2026-05-15T23:41:54.917+0000] {processor.py:830} INFO - Processing file /home/airflow/.local/lib/python3.12/site-packages/airflow/example_dags/example_sensors.py for tasks to queue
[2026-05-15T23:41:54.917+0000] {logging_mixin.py:188} INFO - [2026-05-15T23:41:54.917+0000] {dagbag.py:545} INFO - Filling up the DagBag from /home/airflow/.local/lib/python3.12/site-packages/airflow/example_dags/example_sensors.py
[2026-05-15T23:41:54.920+0000] {processor.py:840} INFO - DAG(s) 'example_sensors' retrieved from /home/airflow/.local/lib/python3.12/site-packages/airflow/example_dags/example_sensors.py
[2026-05-15T23:41:54.928+0000] {logging_mixin.py:188} INFO - [2026-05-15T23:41:54.928+0000] {dag.py:3089} INFO - Sync 1 DAGs
[2026-05-15T23:41:54.932+0000] {logging_mixin.py:188} INFO - [2026-05-15T23:41:54.932+0000] {dag.py:3947} INFO - Setting next_dagrun for example_sensors to None, run_after=None
[2026-05-15T23:41:54.937+0000] {processor.py:183} INFO - Processing /home/airflow/.local/lib/python3.12/site-packages/airflow/example_dags/example_sensors.py took 0.023 seconds
