[2026-05-15T22:20:22.669+0000] {processor.py:161} INFO - Started process (PID=38) to work on /home/airflow/.local/lib/python3.12/site-packages/airflow/example_dags/example_short_circuit_decorator.py
[2026-05-15T22:20:22.676+0000] {processor.py:830} INFO - Processing file /home/airflow/.local/lib/python3.12/site-packages/airflow/example_dags/example_short_circuit_decorator.py for tasks to queue
[2026-05-15T22:20:22.681+0000] {logging_mixin.py:188} INFO - [2026-05-15T22:20:22.678+0000] {dagbag.py:545} INFO - Filling up the DagBag from /home/airflow/.local/lib/python3.12/site-packages/airflow/example_dags/example_short_circuit_decorator.py
[2026-05-15T22:20:22.707+0000] {processor.py:840} INFO - DAG(s) 'example_short_circuit_decorator' retrieved from /home/airflow/.local/lib/python3.12/site-packages/airflow/example_dags/example_short_circuit_decorator.py
[2026-05-15T22:20:22.757+0000] {logging_mixin.py:188} INFO - [2026-05-15T22:20:22.757+0000] {dag.py:3089} INFO - Sync 1 DAGs
[2026-05-15T22:20:22.791+0000] {logging_mixin.py:188} INFO - [2026-05-15T22:20:22.790+0000] {dag.py:3947} INFO - Setting next_dagrun for example_short_circuit_decorator to 2026-05-14 00:00:00+00:00, run_after=2026-05-15 00:00:00+00:00
[2026-05-15T22:20:22.810+0000] {processor.py:183} INFO - Processing /home/airflow/.local/lib/python3.12/site-packages/airflow/example_dags/example_short_circuit_decorator.py took 0.151 seconds
[2026-05-15T22:20:53.369+0000] {processor.py:161} INFO - Started process (PID=96) to work on /home/airflow/.local/lib/python3.12/site-packages/airflow/example_dags/example_short_circuit_decorator.py
[2026-05-15T22:20:53.370+0000] {processor.py:830} INFO - Processing file /home/airflow/.local/lib/python3.12/site-packages/airflow/example_dags/example_short_circuit_decorator.py for tasks to queue
[2026-05-15T22:20:53.371+0000] {logging_mixin.py:188} INFO - [2026-05-15T22:20:53.371+0000] {dagbag.py:545} INFO - Filling up the DagBag from /home/airflow/.local/lib/python3.12/site-packages/airflow/example_dags/example_short_circuit_decorator.py
[2026-05-15T22:20:53.377+0000] {processor.py:840} INFO - DAG(s) 'example_short_circuit_decorator' retrieved from /home/airflow/.local/lib/python3.12/site-packages/airflow/example_dags/example_short_circuit_decorator.py
[2026-05-15T22:20:53.460+0000] {logging_mixin.py:188} INFO - [2026-05-15T22:20:53.460+0000] {dag.py:3089} INFO - Sync 1 DAGs
[2026-05-15T22:20:53.466+0000] {logging_mixin.py:188} INFO - [2026-05-15T22:20:53.466+0000] {dag.py:3947} INFO - Setting next_dagrun for example_short_circuit_decorator to 2026-05-14 00:00:00+00:00, run_after=2026-05-15 00:00:00+00:00
[2026-05-15T22:20:53.471+0000] {processor.py:183} INFO - Processing /home/airflow/.local/lib/python3.12/site-packages/airflow/example_dags/example_short_circuit_decorator.py took 0.108 seconds
[2026-05-15T22:21:23.666+0000] {processor.py:161} INFO - Started process (PID=154) to work on /home/airflow/.local/lib/python3.12/site-packages/airflow/example_dags/example_short_circuit_decorator.py
[2026-05-15T22:21:23.666+0000] {processor.py:830} INFO - Processing file /home/airflow/.local/lib/python3.12/site-packages/airflow/example_dags/example_short_circuit_decorator.py for tasks to queue
[2026-05-15T22:21:23.667+0000] {logging_mixin.py:188} INFO - [2026-05-15T22:21:23.667+0000] {dagbag.py:545} INFO - Filling up the DagBag from /home/airflow/.local/lib/python3.12/site-packages/airflow/example_dags/example_short_circuit_decorator.py
[2026-05-15T22:21:23.672+0000] {processor.py:840} INFO - DAG(s) 'example_short_circuit_decorator' retrieved from /home/airflow/.local/lib/python3.12/site-packages/airflow/example_dags/example_short_circuit_decorator.py
[2026-05-15T22:21:23.684+0000] {logging_mixin.py:188} INFO - [2026-05-15T22:21:23.684+0000] {dag.py:3089} INFO - Sync 1 DAGs
[2026-05-15T22:21:23.693+0000] {logging_mixin.py:188} INFO - [2026-05-15T22:21:23.693+0000] {dag.py:3947} INFO - Setting next_dagrun for example_short_circuit_decorator to 2026-05-14 00:00:00+00:00, run_after=2026-05-15 00:00:00+00:00
[2026-05-15T22:21:23.699+0000] {processor.py:183} INFO - Processing /home/airflow/.local/lib/python3.12/site-packages/airflow/example_dags/example_short_circuit_decorator.py took 0.038 seconds
[2026-05-15T22:21:54.154+0000] {processor.py:161} INFO - Started process (PID=212) to work on /home/airflow/.local/lib/python3.12/site-packages/airflow/example_dags/example_short_circuit_decorator.py
[2026-05-15T22:21:54.155+0000] {processor.py:830} INFO - Processing file /home/airflow/.local/lib/python3.12/site-packages/airflow/example_dags/example_short_circuit_decorator.py for tasks to queue
[2026-05-15T22:21:54.156+0000] {logging_mixin.py:188} INFO - [2026-05-15T22:21:54.156+0000] {dagbag.py:545} INFO - Filling up the DagBag from /home/airflow/.local/lib/python3.12/site-packages/airflow/example_dags/example_short_circuit_decorator.py
[2026-05-15T22:21:54.163+0000] {processor.py:840} INFO - DAG(s) 'example_short_circuit_decorator' retrieved from /home/airflow/.local/lib/python3.12/site-packages/airflow/example_dags/example_short_circuit_decorator.py
[2026-05-15T22:21:54.175+0000] {logging_mixin.py:188} INFO - [2026-05-15T22:21:54.175+0000] {dag.py:3089} INFO - Sync 1 DAGs
[2026-05-15T22:21:54.185+0000] {logging_mixin.py:188} INFO - [2026-05-15T22:21:54.185+0000] {dag.py:3947} INFO - Setting next_dagrun for example_short_circuit_decorator to 2026-05-14 00:00:00+00:00, run_after=2026-05-15 00:00:00+00:00
[2026-05-15T22:21:54.191+0000] {processor.py:183} INFO - Processing /home/airflow/.local/lib/python3.12/site-packages/airflow/example_dags/example_short_circuit_decorator.py took 0.046 seconds
[2026-05-15T22:23:00.453+0000] {processor.py:161} INFO - Started process (PID=270) to work on /home/airflow/.local/lib/python3.12/site-packages/airflow/example_dags/example_short_circuit_decorator.py
[2026-05-15T22:23:00.454+0000] {processor.py:830} INFO - Processing file /home/airflow/.local/lib/python3.12/site-packages/airflow/example_dags/example_short_circuit_decorator.py for tasks to queue
[2026-05-15T22:23:00.455+0000] {logging_mixin.py:188} INFO - [2026-05-15T22:23:00.455+0000] {dagbag.py:545} INFO - Filling up the DagBag from /home/airflow/.local/lib/python3.12/site-packages/airflow/example_dags/example_short_circuit_decorator.py
[2026-05-15T22:23:00.461+0000] {processor.py:840} INFO - DAG(s) 'example_short_circuit_decorator' retrieved from /home/airflow/.local/lib/python3.12/site-packages/airflow/example_dags/example_short_circuit_decorator.py
[2026-05-15T22:23:00.479+0000] {logging_mixin.py:188} INFO - [2026-05-15T22:23:00.479+0000] {dag.py:3089} INFO - Sync 1 DAGs
[2026-05-15T22:23:00.489+0000] {logging_mixin.py:188} INFO - [2026-05-15T22:23:00.489+0000] {dag.py:3947} INFO - Setting next_dagrun for example_short_circuit_decorator to 2026-05-14 00:00:00+00:00, run_after=2026-05-15 00:00:00+00:00
[2026-05-15T22:23:00.495+0000] {processor.py:183} INFO - Processing /home/airflow/.local/lib/python3.12/site-packages/airflow/example_dags/example_short_circuit_decorator.py took 0.046 seconds
[2026-05-15T22:24:01.044+0000] {processor.py:161} INFO - Started process (PID=327) to work on /home/airflow/.local/lib/python3.12/site-packages/airflow/example_dags/example_short_circuit_decorator.py
[2026-05-15T22:24:01.044+0000] {processor.py:830} INFO - Processing file /home/airflow/.local/lib/python3.12/site-packages/airflow/example_dags/example_short_circuit_decorator.py for tasks to queue
[2026-05-15T22:24:01.046+0000] {logging_mixin.py:188} INFO - [2026-05-15T22:24:01.046+0000] {dagbag.py:545} INFO - Filling up the DagBag from /home/airflow/.local/lib/python3.12/site-packages/airflow/example_dags/example_short_circuit_decorator.py
[2026-05-15T22:24:01.051+0000] {processor.py:840} INFO - DAG(s) 'example_short_circuit_decorator' retrieved from /home/airflow/.local/lib/python3.12/site-packages/airflow/example_dags/example_short_circuit_decorator.py
[2026-05-15T22:24:01.061+0000] {logging_mixin.py:188} INFO - [2026-05-15T22:24:01.061+0000] {dag.py:3089} INFO - Sync 1 DAGs
[2026-05-15T22:24:01.070+0000] {logging_mixin.py:188} INFO - [2026-05-15T22:24:01.070+0000] {dag.py:3947} INFO - Setting next_dagrun for example_short_circuit_decorator to 2026-05-14 00:00:00+00:00, run_after=2026-05-15 00:00:00+00:00
[2026-05-15T22:24:01.076+0000] {processor.py:183} INFO - Processing /home/airflow/.local/lib/python3.12/site-packages/airflow/example_dags/example_short_circuit_decorator.py took 0.040 seconds
[2026-05-15T22:24:31.553+0000] {processor.py:161} INFO - Started process (PID=379) to work on /home/airflow/.local/lib/python3.12/site-packages/airflow/example_dags/example_short_circuit_decorator.py
[2026-05-15T22:24:31.554+0000] {processor.py:830} INFO - Processing file /home/airflow/.local/lib/python3.12/site-packages/airflow/example_dags/example_short_circuit_decorator.py for tasks to queue
[2026-05-15T22:24:31.556+0000] {logging_mixin.py:188} INFO - [2026-05-15T22:24:31.556+0000] {dagbag.py:545} INFO - Filling up the DagBag from /home/airflow/.local/lib/python3.12/site-packages/airflow/example_dags/example_short_circuit_decorator.py
[2026-05-15T22:24:31.561+0000] {processor.py:840} INFO - DAG(s) 'example_short_circuit_decorator' retrieved from /home/airflow/.local/lib/python3.12/site-packages/airflow/example_dags/example_short_circuit_decorator.py
[2026-05-15T22:24:31.572+0000] {logging_mixin.py:188} INFO - [2026-05-15T22:24:31.572+0000] {dag.py:3089} INFO - Sync 1 DAGs
[2026-05-15T22:24:31.581+0000] {logging_mixin.py:188} INFO - [2026-05-15T22:24:31.581+0000] {dag.py:3947} INFO - Setting next_dagrun for example_short_circuit_decorator to 2026-05-14 00:00:00+00:00, run_after=2026-05-15 00:00:00+00:00
[2026-05-15T22:24:31.589+0000] {processor.py:183} INFO - Processing /home/airflow/.local/lib/python3.12/site-packages/airflow/example_dags/example_short_circuit_decorator.py took 0.040 seconds
[2026-05-15T23:22:10.419+0000] {processor.py:161} INFO - Started process (PID=436) to work on /home/airflow/.local/lib/python3.12/site-packages/airflow/example_dags/example_short_circuit_decorator.py
[2026-05-15T23:22:10.422+0000] {processor.py:830} INFO - Processing file /home/airflow/.local/lib/python3.12/site-packages/airflow/example_dags/example_short_circuit_decorator.py for tasks to queue
[2026-05-15T23:22:10.423+0000] {logging_mixin.py:188} INFO - [2026-05-15T23:22:10.423+0000] {dagbag.py:545} INFO - Filling up the DagBag from /home/airflow/.local/lib/python3.12/site-packages/airflow/example_dags/example_short_circuit_decorator.py
[2026-05-15T23:22:10.428+0000] {processor.py:840} INFO - DAG(s) 'example_short_circuit_decorator' retrieved from /home/airflow/.local/lib/python3.12/site-packages/airflow/example_dags/example_short_circuit_decorator.py
[2026-05-15T23:22:10.436+0000] {logging_mixin.py:188} INFO - [2026-05-15T23:22:10.436+0000] {dag.py:3089} INFO - Sync 1 DAGs
[2026-05-15T23:22:10.444+0000] {logging_mixin.py:188} INFO - [2026-05-15T23:22:10.444+0000] {dag.py:3947} INFO - Setting next_dagrun for example_short_circuit_decorator to 2026-05-14 00:00:00+00:00, run_after=2026-05-15 00:00:00+00:00
[2026-05-15T23:22:10.449+0000] {processor.py:183} INFO - Processing /home/airflow/.local/lib/python3.12/site-packages/airflow/example_dags/example_short_circuit_decorator.py took 0.037 seconds
[2026-05-15T23:22:42.316+0000] {processor.py:161} INFO - Started process (PID=488) to work on /home/airflow/.local/lib/python3.12/site-packages/airflow/example_dags/example_short_circuit_decorator.py
[2026-05-15T23:22:42.317+0000] {processor.py:830} INFO - Processing file /home/airflow/.local/lib/python3.12/site-packages/airflow/example_dags/example_short_circuit_decorator.py for tasks to queue
[2026-05-15T23:22:42.318+0000] {logging_mixin.py:188} INFO - [2026-05-15T23:22:42.317+0000] {dagbag.py:545} INFO - Filling up the DagBag from /home/airflow/.local/lib/python3.12/site-packages/airflow/example_dags/example_short_circuit_decorator.py
[2026-05-15T23:22:42.322+0000] {processor.py:840} INFO - DAG(s) 'example_short_circuit_decorator' retrieved from /home/airflow/.local/lib/python3.12/site-packages/airflow/example_dags/example_short_circuit_decorator.py
[2026-05-15T23:22:42.330+0000] {logging_mixin.py:188} INFO - [2026-05-15T23:22:42.330+0000] {dag.py:3089} INFO - Sync 1 DAGs
[2026-05-15T23:22:42.339+0000] {logging_mixin.py:188} INFO - [2026-05-15T23:22:42.339+0000] {dag.py:3947} INFO - Setting next_dagrun for example_short_circuit_decorator to 2026-05-14 00:00:00+00:00, run_after=2026-05-15 00:00:00+00:00
[2026-05-15T23:22:42.345+0000] {processor.py:183} INFO - Processing /home/airflow/.local/lib/python3.12/site-packages/airflow/example_dags/example_short_circuit_decorator.py took 0.034 seconds
[2026-05-15T23:23:12.640+0000] {processor.py:161} INFO - Started process (PID=545) to work on /home/airflow/.local/lib/python3.12/site-packages/airflow/example_dags/example_short_circuit_decorator.py
[2026-05-15T23:23:12.641+0000] {processor.py:830} INFO - Processing file /home/airflow/.local/lib/python3.12/site-packages/airflow/example_dags/example_short_circuit_decorator.py for tasks to queue
[2026-05-15T23:23:12.642+0000] {logging_mixin.py:188} INFO - [2026-05-15T23:23:12.642+0000] {dagbag.py:545} INFO - Filling up the DagBag from /home/airflow/.local/lib/python3.12/site-packages/airflow/example_dags/example_short_circuit_decorator.py
[2026-05-15T23:23:12.648+0000] {processor.py:840} INFO - DAG(s) 'example_short_circuit_decorator' retrieved from /home/airflow/.local/lib/python3.12/site-packages/airflow/example_dags/example_short_circuit_decorator.py
[2026-05-15T23:23:12.660+0000] {logging_mixin.py:188} INFO - [2026-05-15T23:23:12.660+0000] {dag.py:3089} INFO - Sync 1 DAGs
[2026-05-15T23:23:12.670+0000] {logging_mixin.py:188} INFO - [2026-05-15T23:23:12.670+0000] {dag.py:3947} INFO - Setting next_dagrun for example_short_circuit_decorator to 2026-05-14 00:00:00+00:00, run_after=2026-05-15 00:00:00+00:00
[2026-05-15T23:23:12.677+0000] {processor.py:183} INFO - Processing /home/airflow/.local/lib/python3.12/site-packages/airflow/example_dags/example_short_circuit_decorator.py took 0.042 seconds
[2026-05-15T23:24:01.487+0000] {processor.py:161} INFO - Started process (PID=603) to work on /home/airflow/.local/lib/python3.12/site-packages/airflow/example_dags/example_short_circuit_decorator.py
[2026-05-15T23:24:01.488+0000] {processor.py:830} INFO - Processing file /home/airflow/.local/lib/python3.12/site-packages/airflow/example_dags/example_short_circuit_decorator.py for tasks to queue
[2026-05-15T23:24:01.489+0000] {logging_mixin.py:188} INFO - [2026-05-15T23:24:01.489+0000] {dagbag.py:545} INFO - Filling up the DagBag from /home/airflow/.local/lib/python3.12/site-packages/airflow/example_dags/example_short_circuit_decorator.py
[2026-05-15T23:24:01.496+0000] {processor.py:840} INFO - DAG(s) 'example_short_circuit_decorator' retrieved from /home/airflow/.local/lib/python3.12/site-packages/airflow/example_dags/example_short_circuit_decorator.py
[2026-05-15T23:24:01.509+0000] {logging_mixin.py:188} INFO - [2026-05-15T23:24:01.508+0000] {dag.py:3089} INFO - Sync 1 DAGs
[2026-05-15T23:24:01.518+0000] {logging_mixin.py:188} INFO - [2026-05-15T23:24:01.517+0000] {dag.py:3947} INFO - Setting next_dagrun for example_short_circuit_decorator to 2026-05-14 00:00:00+00:00, run_after=2026-05-15 00:00:00+00:00
[2026-05-15T23:24:01.524+0000] {processor.py:183} INFO - Processing /home/airflow/.local/lib/python3.12/site-packages/airflow/example_dags/example_short_circuit_decorator.py took 0.042 seconds
[2026-05-15T23:41:53.887+0000] {processor.py:161} INFO - Started process (PID=655) to work on /home/airflow/.local/lib/python3.12/site-packages/airflow/example_dags/example_short_circuit_decorator.py
[2026-05-15T23:41:53.887+0000] {processor.py:830} INFO - Processing file /home/airflow/.local/lib/python3.12/site-packages/airflow/example_dags/example_short_circuit_decorator.py for tasks to queue
[2026-05-15T23:41:53.888+0000] {logging_mixin.py:188} INFO - [2026-05-15T23:41:53.888+0000] {dagbag.py:545} INFO - Filling up the DagBag from /home/airflow/.local/lib/python3.12/site-packages/airflow/example_dags/example_short_circuit_decorator.py
[2026-05-15T23:41:53.893+0000] {processor.py:840} INFO - DAG(s) 'example_short_circuit_decorator' retrieved from /home/airflow/.local/lib/python3.12/site-packages/airflow/example_dags/example_short_circuit_decorator.py
[2026-05-15T23:41:53.903+0000] {logging_mixin.py:188} INFO - [2026-05-15T23:41:53.902+0000] {dag.py:3089} INFO - Sync 1 DAGs
[2026-05-15T23:41:53.911+0000] {logging_mixin.py:188} INFO - [2026-05-15T23:41:53.911+0000] {dag.py:3947} INFO - Setting next_dagrun for example_short_circuit_decorator to 2026-05-14 00:00:00+00:00, run_after=2026-05-15 00:00:00+00:00
[2026-05-15T23:41:53.917+0000] {processor.py:183} INFO - Processing /home/airflow/.local/lib/python3.12/site-packages/airflow/example_dags/example_short_circuit_decorator.py took 0.033 seconds
