[2026-05-15T22:20:23.914+0000] {processor.py:161} INFO - Started process (PID=59) to work on /home/airflow/.local/lib/python3.12/site-packages/airflow/example_dags/example_python_decorator.py
[2026-05-15T22:20:23.914+0000] {processor.py:830} INFO - Processing file /home/airflow/.local/lib/python3.12/site-packages/airflow/example_dags/example_python_decorator.py for tasks to queue
[2026-05-15T22:20:23.915+0000] {logging_mixin.py:188} INFO - [2026-05-15T22:20:23.915+0000] {dagbag.py:545} INFO - Filling up the DagBag from /home/airflow/.local/lib/python3.12/site-packages/airflow/example_dags/example_python_decorator.py
[2026-05-15T22:20:23.928+0000] {processor.py:840} INFO - DAG(s) 'example_python_decorator' retrieved from /home/airflow/.local/lib/python3.12/site-packages/airflow/example_dags/example_python_decorator.py
[2026-05-15T22:20:23.938+0000] {logging_mixin.py:188} INFO - [2026-05-15T22:20:23.938+0000] {dag.py:3089} INFO - Sync 1 DAGs
[2026-05-15T22:20:23.947+0000] {logging_mixin.py:188} INFO - [2026-05-15T22:20:23.947+0000] {dag.py:3947} INFO - Setting next_dagrun for example_python_decorator to None, run_after=None
[2026-05-15T22:20:23.959+0000] {processor.py:183} INFO - Processing /home/airflow/.local/lib/python3.12/site-packages/airflow/example_dags/example_python_decorator.py took 0.050 seconds
[2026-05-15T22:20:54.332+0000] {processor.py:161} INFO - Started process (PID=123) to work on /home/airflow/.local/lib/python3.12/site-packages/airflow/example_dags/example_python_decorator.py
[2026-05-15T22:20:54.333+0000] {processor.py:830} INFO - Processing file /home/airflow/.local/lib/python3.12/site-packages/airflow/example_dags/example_python_decorator.py for tasks to queue
[2026-05-15T22:20:54.334+0000] {logging_mixin.py:188} INFO - [2026-05-15T22:20:54.334+0000] {dagbag.py:545} INFO - Filling up the DagBag from /home/airflow/.local/lib/python3.12/site-packages/airflow/example_dags/example_python_decorator.py
[2026-05-15T22:20:54.338+0000] {processor.py:840} INFO - DAG(s) 'example_python_decorator' retrieved from /home/airflow/.local/lib/python3.12/site-packages/airflow/example_dags/example_python_decorator.py
[2026-05-15T22:20:54.373+0000] {logging_mixin.py:188} INFO - [2026-05-15T22:20:54.373+0000] {dag.py:3089} INFO - Sync 1 DAGs
[2026-05-15T22:20:54.377+0000] {logging_mixin.py:188} INFO - [2026-05-15T22:20:54.377+0000] {dag.py:3947} INFO - Setting next_dagrun for example_python_decorator to None, run_after=None
[2026-05-15T22:20:54.383+0000] {processor.py:183} INFO - Processing /home/airflow/.local/lib/python3.12/site-packages/airflow/example_dags/example_python_decorator.py took 0.053 seconds
[2026-05-15T22:21:25.187+0000] {processor.py:161} INFO - Started process (PID=181) to work on /home/airflow/.local/lib/python3.12/site-packages/airflow/example_dags/example_python_decorator.py
[2026-05-15T22:21:25.187+0000] {processor.py:830} INFO - Processing file /home/airflow/.local/lib/python3.12/site-packages/airflow/example_dags/example_python_decorator.py for tasks to queue
[2026-05-15T22:21:25.188+0000] {logging_mixin.py:188} INFO - [2026-05-15T22:21:25.188+0000] {dagbag.py:545} INFO - Filling up the DagBag from /home/airflow/.local/lib/python3.12/site-packages/airflow/example_dags/example_python_decorator.py
[2026-05-15T22:21:25.194+0000] {processor.py:840} INFO - DAG(s) 'example_python_decorator' retrieved from /home/airflow/.local/lib/python3.12/site-packages/airflow/example_dags/example_python_decorator.py
[2026-05-15T22:21:25.202+0000] {logging_mixin.py:188} INFO - [2026-05-15T22:21:25.202+0000] {dag.py:3089} INFO - Sync 1 DAGs
[2026-05-15T22:21:25.210+0000] {logging_mixin.py:188} INFO - [2026-05-15T22:21:25.210+0000] {dag.py:3947} INFO - Setting next_dagrun for example_python_decorator to None, run_after=None
[2026-05-15T22:21:25.217+0000] {processor.py:183} INFO - Processing /home/airflow/.local/lib/python3.12/site-packages/airflow/example_dags/example_python_decorator.py took 0.033 seconds
[2026-05-15T22:21:55.736+0000] {processor.py:161} INFO - Started process (PID=239) to work on /home/airflow/.local/lib/python3.12/site-packages/airflow/example_dags/example_python_decorator.py
[2026-05-15T22:21:55.736+0000] {processor.py:830} INFO - Processing file /home/airflow/.local/lib/python3.12/site-packages/airflow/example_dags/example_python_decorator.py for tasks to queue
[2026-05-15T22:21:55.737+0000] {logging_mixin.py:188} INFO - [2026-05-15T22:21:55.737+0000] {dagbag.py:545} INFO - Filling up the DagBag from /home/airflow/.local/lib/python3.12/site-packages/airflow/example_dags/example_python_decorator.py
[2026-05-15T22:21:55.743+0000] {processor.py:840} INFO - DAG(s) 'example_python_decorator' retrieved from /home/airflow/.local/lib/python3.12/site-packages/airflow/example_dags/example_python_decorator.py
[2026-05-15T22:21:55.752+0000] {logging_mixin.py:188} INFO - [2026-05-15T22:21:55.752+0000] {dag.py:3089} INFO - Sync 1 DAGs
[2026-05-15T22:21:55.757+0000] {logging_mixin.py:188} INFO - [2026-05-15T22:21:55.757+0000] {dag.py:3947} INFO - Setting next_dagrun for example_python_decorator to None, run_after=None
[2026-05-15T22:21:55.762+0000] {processor.py:183} INFO - Processing /home/airflow/.local/lib/python3.12/site-packages/airflow/example_dags/example_python_decorator.py took 0.029 seconds
[2026-05-15T22:23:00.963+0000] {processor.py:161} INFO - Started process (PID=291) to work on /home/airflow/.local/lib/python3.12/site-packages/airflow/example_dags/example_python_decorator.py
[2026-05-15T22:23:00.963+0000] {processor.py:830} INFO - Processing file /home/airflow/.local/lib/python3.12/site-packages/airflow/example_dags/example_python_decorator.py for tasks to queue
[2026-05-15T22:23:00.964+0000] {logging_mixin.py:188} INFO - [2026-05-15T22:23:00.964+0000] {dagbag.py:545} INFO - Filling up the DagBag from /home/airflow/.local/lib/python3.12/site-packages/airflow/example_dags/example_python_decorator.py
[2026-05-15T22:23:00.970+0000] {processor.py:840} INFO - DAG(s) 'example_python_decorator' retrieved from /home/airflow/.local/lib/python3.12/site-packages/airflow/example_dags/example_python_decorator.py
[2026-05-15T22:23:00.978+0000] {logging_mixin.py:188} INFO - [2026-05-15T22:23:00.978+0000] {dag.py:3089} INFO - Sync 1 DAGs
[2026-05-15T22:23:00.982+0000] {logging_mixin.py:188} INFO - [2026-05-15T22:23:00.982+0000] {dag.py:3947} INFO - Setting next_dagrun for example_python_decorator to None, run_after=None
[2026-05-15T22:23:00.988+0000] {processor.py:183} INFO - Processing /home/airflow/.local/lib/python3.12/site-packages/airflow/example_dags/example_python_decorator.py took 0.028 seconds
[2026-05-15T22:24:01.445+0000] {processor.py:161} INFO - Started process (PID=348) to work on /home/airflow/.local/lib/python3.12/site-packages/airflow/example_dags/example_python_decorator.py
[2026-05-15T22:24:01.445+0000] {processor.py:830} INFO - Processing file /home/airflow/.local/lib/python3.12/site-packages/airflow/example_dags/example_python_decorator.py for tasks to queue
[2026-05-15T22:24:01.446+0000] {logging_mixin.py:188} INFO - [2026-05-15T22:24:01.446+0000] {dagbag.py:545} INFO - Filling up the DagBag from /home/airflow/.local/lib/python3.12/site-packages/airflow/example_dags/example_python_decorator.py
[2026-05-15T22:24:01.450+0000] {processor.py:840} INFO - DAG(s) 'example_python_decorator' retrieved from /home/airflow/.local/lib/python3.12/site-packages/airflow/example_dags/example_python_decorator.py
[2026-05-15T22:24:01.457+0000] {logging_mixin.py:188} INFO - [2026-05-15T22:24:01.457+0000] {dag.py:3089} INFO - Sync 1 DAGs
[2026-05-15T22:24:01.460+0000] {logging_mixin.py:188} INFO - [2026-05-15T22:24:01.460+0000] {dag.py:3947} INFO - Setting next_dagrun for example_python_decorator to None, run_after=None
[2026-05-15T22:24:01.466+0000] {processor.py:183} INFO - Processing /home/airflow/.local/lib/python3.12/site-packages/airflow/example_dags/example_python_decorator.py took 0.023 seconds
[2026-05-15T22:24:31.961+0000] {processor.py:161} INFO - Started process (PID=400) to work on /home/airflow/.local/lib/python3.12/site-packages/airflow/example_dags/example_python_decorator.py
[2026-05-15T22:24:31.961+0000] {processor.py:830} INFO - Processing file /home/airflow/.local/lib/python3.12/site-packages/airflow/example_dags/example_python_decorator.py for tasks to queue
[2026-05-15T22:24:31.962+0000] {logging_mixin.py:188} INFO - [2026-05-15T22:24:31.962+0000] {dagbag.py:545} INFO - Filling up the DagBag from /home/airflow/.local/lib/python3.12/site-packages/airflow/example_dags/example_python_decorator.py
[2026-05-15T22:24:31.966+0000] {processor.py:840} INFO - DAG(s) 'example_python_decorator' retrieved from /home/airflow/.local/lib/python3.12/site-packages/airflow/example_dags/example_python_decorator.py
[2026-05-15T22:24:31.973+0000] {logging_mixin.py:188} INFO - [2026-05-15T22:24:31.973+0000] {dag.py:3089} INFO - Sync 1 DAGs
[2026-05-15T22:24:31.976+0000] {logging_mixin.py:188} INFO - [2026-05-15T22:24:31.976+0000] {dag.py:3947} INFO - Setting next_dagrun for example_python_decorator to None, run_after=None
[2026-05-15T22:24:31.981+0000] {processor.py:183} INFO - Processing /home/airflow/.local/lib/python3.12/site-packages/airflow/example_dags/example_python_decorator.py took 0.022 seconds
[2026-05-15T23:22:10.870+0000] {processor.py:161} INFO - Started process (PID=457) to work on /home/airflow/.local/lib/python3.12/site-packages/airflow/example_dags/example_python_decorator.py
[2026-05-15T23:22:10.870+0000] {processor.py:830} INFO - Processing file /home/airflow/.local/lib/python3.12/site-packages/airflow/example_dags/example_python_decorator.py for tasks to queue
[2026-05-15T23:22:10.871+0000] {logging_mixin.py:188} INFO - [2026-05-15T23:22:10.870+0000] {dagbag.py:545} INFO - Filling up the DagBag from /home/airflow/.local/lib/python3.12/site-packages/airflow/example_dags/example_python_decorator.py
[2026-05-15T23:22:10.875+0000] {processor.py:840} INFO - DAG(s) 'example_python_decorator' retrieved from /home/airflow/.local/lib/python3.12/site-packages/airflow/example_dags/example_python_decorator.py
[2026-05-15T23:22:10.882+0000] {logging_mixin.py:188} INFO - [2026-05-15T23:22:10.882+0000] {dag.py:3089} INFO - Sync 1 DAGs
[2026-05-15T23:22:10.886+0000] {logging_mixin.py:188} INFO - [2026-05-15T23:22:10.886+0000] {dag.py:3947} INFO - Setting next_dagrun for example_python_decorator to None, run_after=None
[2026-05-15T23:22:10.891+0000] {processor.py:183} INFO - Processing /home/airflow/.local/lib/python3.12/site-packages/airflow/example_dags/example_python_decorator.py took 0.024 seconds
[2026-05-15T23:22:42.878+0000] {processor.py:161} INFO - Started process (PID=509) to work on /home/airflow/.local/lib/python3.12/site-packages/airflow/example_dags/example_python_decorator.py
[2026-05-15T23:22:42.879+0000] {processor.py:830} INFO - Processing file /home/airflow/.local/lib/python3.12/site-packages/airflow/example_dags/example_python_decorator.py for tasks to queue
[2026-05-15T23:22:42.879+0000] {logging_mixin.py:188} INFO - [2026-05-15T23:22:42.879+0000] {dagbag.py:545} INFO - Filling up the DagBag from /home/airflow/.local/lib/python3.12/site-packages/airflow/example_dags/example_python_decorator.py
[2026-05-15T23:22:42.886+0000] {processor.py:840} INFO - DAG(s) 'example_python_decorator' retrieved from /home/airflow/.local/lib/python3.12/site-packages/airflow/example_dags/example_python_decorator.py
[2026-05-15T23:22:42.896+0000] {logging_mixin.py:188} INFO - [2026-05-15T23:22:42.896+0000] {dag.py:3089} INFO - Sync 1 DAGs
[2026-05-15T23:22:42.902+0000] {logging_mixin.py:188} INFO - [2026-05-15T23:22:42.901+0000] {dag.py:3947} INFO - Setting next_dagrun for example_python_decorator to None, run_after=None
[2026-05-15T23:22:42.908+0000] {processor.py:183} INFO - Processing /home/airflow/.local/lib/python3.12/site-packages/airflow/example_dags/example_python_decorator.py took 0.033 seconds
[2026-05-15T23:23:13.066+0000] {processor.py:161} INFO - Started process (PID=566) to work on /home/airflow/.local/lib/python3.12/site-packages/airflow/example_dags/example_python_decorator.py
[2026-05-15T23:23:13.066+0000] {processor.py:830} INFO - Processing file /home/airflow/.local/lib/python3.12/site-packages/airflow/example_dags/example_python_decorator.py for tasks to queue
[2026-05-15T23:23:13.067+0000] {logging_mixin.py:188} INFO - [2026-05-15T23:23:13.067+0000] {dagbag.py:545} INFO - Filling up the DagBag from /home/airflow/.local/lib/python3.12/site-packages/airflow/example_dags/example_python_decorator.py
[2026-05-15T23:23:13.072+0000] {processor.py:840} INFO - DAG(s) 'example_python_decorator' retrieved from /home/airflow/.local/lib/python3.12/site-packages/airflow/example_dags/example_python_decorator.py
[2026-05-15T23:23:13.084+0000] {logging_mixin.py:188} INFO - [2026-05-15T23:23:13.084+0000] {dag.py:3089} INFO - Sync 1 DAGs
[2026-05-15T23:23:13.088+0000] {logging_mixin.py:188} INFO - [2026-05-15T23:23:13.088+0000] {dag.py:3947} INFO - Setting next_dagrun for example_python_decorator to None, run_after=None
[2026-05-15T23:23:13.093+0000] {processor.py:183} INFO - Processing /home/airflow/.local/lib/python3.12/site-packages/airflow/example_dags/example_python_decorator.py took 0.031 seconds
[2026-05-15T23:24:01.913+0000] {processor.py:161} INFO - Started process (PID=624) to work on /home/airflow/.local/lib/python3.12/site-packages/airflow/example_dags/example_python_decorator.py
[2026-05-15T23:24:01.913+0000] {processor.py:830} INFO - Processing file /home/airflow/.local/lib/python3.12/site-packages/airflow/example_dags/example_python_decorator.py for tasks to queue
[2026-05-15T23:24:01.914+0000] {logging_mixin.py:188} INFO - [2026-05-15T23:24:01.913+0000] {dagbag.py:545} INFO - Filling up the DagBag from /home/airflow/.local/lib/python3.12/site-packages/airflow/example_dags/example_python_decorator.py
[2026-05-15T23:24:01.918+0000] {processor.py:840} INFO - DAG(s) 'example_python_decorator' retrieved from /home/airflow/.local/lib/python3.12/site-packages/airflow/example_dags/example_python_decorator.py
[2026-05-15T23:24:01.926+0000] {logging_mixin.py:188} INFO - [2026-05-15T23:24:01.926+0000] {dag.py:3089} INFO - Sync 1 DAGs
[2026-05-15T23:24:01.930+0000] {logging_mixin.py:188} INFO - [2026-05-15T23:24:01.930+0000] {dag.py:3947} INFO - Setting next_dagrun for example_python_decorator to None, run_after=None
[2026-05-15T23:24:01.936+0000] {processor.py:183} INFO - Processing /home/airflow/.local/lib/python3.12/site-packages/airflow/example_dags/example_python_decorator.py took 0.025 seconds
[2026-05-15T23:41:54.336+0000] {processor.py:161} INFO - Started process (PID=676) to work on /home/airflow/.local/lib/python3.12/site-packages/airflow/example_dags/example_python_decorator.py
[2026-05-15T23:41:54.336+0000] {processor.py:830} INFO - Processing file /home/airflow/.local/lib/python3.12/site-packages/airflow/example_dags/example_python_decorator.py for tasks to queue
[2026-05-15T23:41:54.337+0000] {logging_mixin.py:188} INFO - [2026-05-15T23:41:54.337+0000] {dagbag.py:545} INFO - Filling up the DagBag from /home/airflow/.local/lib/python3.12/site-packages/airflow/example_dags/example_python_decorator.py
[2026-05-15T23:41:54.341+0000] {processor.py:840} INFO - DAG(s) 'example_python_decorator' retrieved from /home/airflow/.local/lib/python3.12/site-packages/airflow/example_dags/example_python_decorator.py
[2026-05-15T23:41:54.349+0000] {logging_mixin.py:188} INFO - [2026-05-15T23:41:54.349+0000] {dag.py:3089} INFO - Sync 1 DAGs
[2026-05-15T23:41:54.352+0000] {logging_mixin.py:188} INFO - [2026-05-15T23:41:54.352+0000] {dag.py:3947} INFO - Setting next_dagrun for example_python_decorator to None, run_after=None
[2026-05-15T23:41:54.357+0000] {processor.py:183} INFO - Processing /home/airflow/.local/lib/python3.12/site-packages/airflow/example_dags/example_python_decorator.py took 0.023 seconds
