[2026-05-15T22:20:25.240+0000] {processor.py:161} INFO - Started process (PID=80) to work on /home/airflow/.local/lib/python3.12/site-packages/airflow/example_dags/example_datasets.py
[2026-05-15T22:20:25.241+0000] {processor.py:830} INFO - Processing file /home/airflow/.local/lib/python3.12/site-packages/airflow/example_dags/example_datasets.py for tasks to queue
[2026-05-15T22:20:25.244+0000] {logging_mixin.py:188} INFO - [2026-05-15T22:20:25.244+0000] {dagbag.py:545} INFO - Filling up the DagBag from /home/airflow/.local/lib/python3.12/site-packages/airflow/example_dags/example_datasets.py
[2026-05-15T22:20:25.263+0000] {processor.py:840} INFO - DAG(s) 'dataset_produces_2', 'consume_1_or_both_2_and_3_with_dataset_expressions', 'conditional_dataset_and_time_based_timetable', 'dataset_consumes_1_and_2', 'dataset_consumes_unknown_never_scheduled', 'consume_1_or_2_with_dataset_expressions', 'dataset_consumes_1_never_scheduled', 'dataset_produces_1', 'dataset_consumes_1', 'consume_1_and_2_with_dataset_expressions' retrieved from /home/airflow/.local/lib/python3.12/site-packages/airflow/example_dags/example_datasets.py
[2026-05-15T22:20:25.301+0000] {logging_mixin.py:188} INFO - [2026-05-15T22:20:25.301+0000] {dag.py:3089} INFO - Sync 10 DAGs
[2026-05-15T22:20:25.339+0000] {logging_mixin.py:188} INFO - [2026-05-15T22:20:25.339+0000] {dag.py:3947} INFO - Setting next_dagrun for conditional_dataset_and_time_based_timetable to 2026-05-13 01:00:00+00:00, run_after=2026-05-13 01:00:00+00:00
[2026-05-15T22:20:25.345+0000] {logging_mixin.py:188} INFO - [2026-05-15T22:20:25.345+0000] {dag.py:3947} INFO - Setting next_dagrun for consume_1_and_2_with_dataset_expressions to None, run_after=None
[2026-05-15T22:20:25.349+0000] {logging_mixin.py:188} INFO - [2026-05-15T22:20:25.349+0000] {dag.py:3947} INFO - Setting next_dagrun for consume_1_or_2_with_dataset_expressions to None, run_after=None
[2026-05-15T22:20:25.349+0000] {logging_mixin.py:188} INFO - [2026-05-15T22:20:25.349+0000] {dag.py:3947} INFO - Setting next_dagrun for consume_1_or_both_2_and_3_with_dataset_expressions to None, run_after=None
[2026-05-15T22:20:25.354+0000] {logging_mixin.py:188} INFO - [2026-05-15T22:20:25.354+0000] {dag.py:3947} INFO - Setting next_dagrun for dataset_consumes_1 to None, run_after=None
[2026-05-15T22:20:25.354+0000] {logging_mixin.py:188} INFO - [2026-05-15T22:20:25.354+0000] {dag.py:3947} INFO - Setting next_dagrun for dataset_consumes_1_and_2 to None, run_after=None
[2026-05-15T22:20:25.354+0000] {logging_mixin.py:188} INFO - [2026-05-15T22:20:25.354+0000] {dag.py:3947} INFO - Setting next_dagrun for dataset_consumes_1_never_scheduled to None, run_after=None
[2026-05-15T22:20:25.359+0000] {logging_mixin.py:188} INFO - [2026-05-15T22:20:25.359+0000] {dag.py:3947} INFO - Setting next_dagrun for dataset_consumes_unknown_never_scheduled to None, run_after=None
[2026-05-15T22:20:25.361+0000] {logging_mixin.py:188} INFO - [2026-05-15T22:20:25.361+0000] {dag.py:3947} INFO - Setting next_dagrun for dataset_produces_1 to 2026-05-14 00:00:00+00:00, run_after=2026-05-15 00:00:00+00:00
[2026-05-15T22:20:25.361+0000] {logging_mixin.py:188} INFO - [2026-05-15T22:20:25.361+0000] {dag.py:3947} INFO - Setting next_dagrun for dataset_produces_2 to None, run_after=None
[2026-05-15T22:20:25.416+0000] {processor.py:183} INFO - Processing /home/airflow/.local/lib/python3.12/site-packages/airflow/example_dags/example_datasets.py took 0.186 seconds
[2026-05-15T22:20:55.857+0000] {processor.py:161} INFO - Started process (PID=138) to work on /home/airflow/.local/lib/python3.12/site-packages/airflow/example_dags/example_datasets.py
[2026-05-15T22:20:55.857+0000] {processor.py:830} INFO - Processing file /home/airflow/.local/lib/python3.12/site-packages/airflow/example_dags/example_datasets.py for tasks to queue
[2026-05-15T22:20:55.858+0000] {logging_mixin.py:188} INFO - [2026-05-15T22:20:55.858+0000] {dagbag.py:545} INFO - Filling up the DagBag from /home/airflow/.local/lib/python3.12/site-packages/airflow/example_dags/example_datasets.py
[2026-05-15T22:20:55.863+0000] {processor.py:840} INFO - DAG(s) 'dataset_consumes_1_and_2', 'dataset_produces_1', 'consume_1_and_2_with_dataset_expressions', 'dataset_produces_2', 'consume_1_or_2_with_dataset_expressions', 'consume_1_or_both_2_and_3_with_dataset_expressions', 'dataset_consumes_unknown_never_scheduled', 'dataset_consumes_1_never_scheduled', 'conditional_dataset_and_time_based_timetable', 'dataset_consumes_1' retrieved from /home/airflow/.local/lib/python3.12/site-packages/airflow/example_dags/example_datasets.py
[2026-05-15T22:20:55.913+0000] {logging_mixin.py:188} INFO - [2026-05-15T22:20:55.912+0000] {dag.py:3089} INFO - Sync 10 DAGs
[2026-05-15T22:20:55.920+0000] {logging_mixin.py:188} INFO - [2026-05-15T22:20:55.920+0000] {dag.py:3947} INFO - Setting next_dagrun for conditional_dataset_and_time_based_timetable to 2026-05-13 01:00:00+00:00, run_after=2026-05-13 01:00:00+00:00
[2026-05-15T22:20:55.920+0000] {logging_mixin.py:188} INFO - [2026-05-15T22:20:55.920+0000] {dag.py:3947} INFO - Setting next_dagrun for consume_1_and_2_with_dataset_expressions to None, run_after=None
[2026-05-15T22:20:55.921+0000] {logging_mixin.py:188} INFO - [2026-05-15T22:20:55.921+0000] {dag.py:3947} INFO - Setting next_dagrun for consume_1_or_2_with_dataset_expressions to None, run_after=None
[2026-05-15T22:20:55.921+0000] {logging_mixin.py:188} INFO - [2026-05-15T22:20:55.921+0000] {dag.py:3947} INFO - Setting next_dagrun for consume_1_or_both_2_and_3_with_dataset_expressions to None, run_after=None
[2026-05-15T22:20:55.921+0000] {logging_mixin.py:188} INFO - [2026-05-15T22:20:55.921+0000] {dag.py:3947} INFO - Setting next_dagrun for dataset_consumes_1 to None, run_after=None
[2026-05-15T22:20:55.922+0000] {logging_mixin.py:188} INFO - [2026-05-15T22:20:55.922+0000] {dag.py:3947} INFO - Setting next_dagrun for dataset_consumes_1_and_2 to None, run_after=None
[2026-05-15T22:20:55.922+0000] {logging_mixin.py:188} INFO - [2026-05-15T22:20:55.922+0000] {dag.py:3947} INFO - Setting next_dagrun for dataset_consumes_1_never_scheduled to None, run_after=None
[2026-05-15T22:20:55.922+0000] {logging_mixin.py:188} INFO - [2026-05-15T22:20:55.922+0000] {dag.py:3947} INFO - Setting next_dagrun for dataset_consumes_unknown_never_scheduled to None, run_after=None
[2026-05-15T22:20:55.923+0000] {logging_mixin.py:188} INFO - [2026-05-15T22:20:55.923+0000] {dag.py:3947} INFO - Setting next_dagrun for dataset_produces_1 to 2026-05-14 00:00:00+00:00, run_after=2026-05-15 00:00:00+00:00
[2026-05-15T22:20:55.923+0000] {logging_mixin.py:188} INFO - [2026-05-15T22:20:55.923+0000] {dag.py:3947} INFO - Setting next_dagrun for dataset_produces_2 to None, run_after=None
[2026-05-15T22:20:55.932+0000] {processor.py:183} INFO - Processing /home/airflow/.local/lib/python3.12/site-packages/airflow/example_dags/example_datasets.py took 0.077 seconds
[2026-05-15T22:21:26.641+0000] {processor.py:161} INFO - Started process (PID=196) to work on /home/airflow/.local/lib/python3.12/site-packages/airflow/example_dags/example_datasets.py
[2026-05-15T22:21:26.641+0000] {processor.py:830} INFO - Processing file /home/airflow/.local/lib/python3.12/site-packages/airflow/example_dags/example_datasets.py for tasks to queue
[2026-05-15T22:21:26.642+0000] {logging_mixin.py:188} INFO - [2026-05-15T22:21:26.641+0000] {dagbag.py:545} INFO - Filling up the DagBag from /home/airflow/.local/lib/python3.12/site-packages/airflow/example_dags/example_datasets.py
[2026-05-15T22:21:26.648+0000] {processor.py:840} INFO - DAG(s) 'dataset_consumes_1', 'consume_1_and_2_with_dataset_expressions', 'consume_1_or_both_2_and_3_with_dataset_expressions', 'dataset_consumes_1_never_scheduled', 'consume_1_or_2_with_dataset_expressions', 'conditional_dataset_and_time_based_timetable', 'dataset_produces_1', 'dataset_consumes_1_and_2', 'dataset_consumes_unknown_never_scheduled', 'dataset_produces_2' retrieved from /home/airflow/.local/lib/python3.12/site-packages/airflow/example_dags/example_datasets.py
[2026-05-15T22:21:26.661+0000] {logging_mixin.py:188} INFO - [2026-05-15T22:21:26.661+0000] {dag.py:3089} INFO - Sync 10 DAGs
[2026-05-15T22:21:26.669+0000] {logging_mixin.py:188} INFO - [2026-05-15T22:21:26.669+0000] {dag.py:3947} INFO - Setting next_dagrun for conditional_dataset_and_time_based_timetable to 2026-05-13 01:00:00+00:00, run_after=2026-05-13 01:00:00+00:00
[2026-05-15T22:21:26.670+0000] {logging_mixin.py:188} INFO - [2026-05-15T22:21:26.670+0000] {dag.py:3947} INFO - Setting next_dagrun for consume_1_and_2_with_dataset_expressions to None, run_after=None
[2026-05-15T22:21:26.670+0000] {logging_mixin.py:188} INFO - [2026-05-15T22:21:26.670+0000] {dag.py:3947} INFO - Setting next_dagrun for consume_1_or_2_with_dataset_expressions to None, run_after=None
[2026-05-15T22:21:26.671+0000] {logging_mixin.py:188} INFO - [2026-05-15T22:21:26.671+0000] {dag.py:3947} INFO - Setting next_dagrun for consume_1_or_both_2_and_3_with_dataset_expressions to None, run_after=None
[2026-05-15T22:21:26.671+0000] {logging_mixin.py:188} INFO - [2026-05-15T22:21:26.671+0000] {dag.py:3947} INFO - Setting next_dagrun for dataset_consumes_1 to None, run_after=None
[2026-05-15T22:21:26.671+0000] {logging_mixin.py:188} INFO - [2026-05-15T22:21:26.671+0000] {dag.py:3947} INFO - Setting next_dagrun for dataset_consumes_1_and_2 to None, run_after=None
[2026-05-15T22:21:26.671+0000] {logging_mixin.py:188} INFO - [2026-05-15T22:21:26.671+0000] {dag.py:3947} INFO - Setting next_dagrun for dataset_consumes_1_never_scheduled to None, run_after=None
[2026-05-15T22:21:26.672+0000] {logging_mixin.py:188} INFO - [2026-05-15T22:21:26.672+0000] {dag.py:3947} INFO - Setting next_dagrun for dataset_consumes_unknown_never_scheduled to None, run_after=None
[2026-05-15T22:21:26.672+0000] {logging_mixin.py:188} INFO - [2026-05-15T22:21:26.672+0000] {dag.py:3947} INFO - Setting next_dagrun for dataset_produces_1 to 2026-05-14 00:00:00+00:00, run_after=2026-05-15 00:00:00+00:00
[2026-05-15T22:21:26.672+0000] {logging_mixin.py:188} INFO - [2026-05-15T22:21:26.672+0000] {dag.py:3947} INFO - Setting next_dagrun for dataset_produces_2 to None, run_after=None
[2026-05-15T22:21:26.680+0000] {processor.py:183} INFO - Processing /home/airflow/.local/lib/python3.12/site-packages/airflow/example_dags/example_datasets.py took 0.045 seconds
[2026-05-15T22:21:57.122+0000] {processor.py:161} INFO - Started process (PID=254) to work on /home/airflow/.local/lib/python3.12/site-packages/airflow/example_dags/example_datasets.py
[2026-05-15T22:21:57.122+0000] {processor.py:830} INFO - Processing file /home/airflow/.local/lib/python3.12/site-packages/airflow/example_dags/example_datasets.py for tasks to queue
[2026-05-15T22:21:57.123+0000] {logging_mixin.py:188} INFO - [2026-05-15T22:21:57.123+0000] {dagbag.py:545} INFO - Filling up the DagBag from /home/airflow/.local/lib/python3.12/site-packages/airflow/example_dags/example_datasets.py
[2026-05-15T22:21:57.129+0000] {processor.py:840} INFO - DAG(s) 'dataset_produces_1', 'consume_1_and_2_with_dataset_expressions', 'dataset_consumes_unknown_never_scheduled', 'consume_1_or_2_with_dataset_expressions', 'dataset_consumes_1_never_scheduled', 'dataset_consumes_1', 'consume_1_or_both_2_and_3_with_dataset_expressions', 'conditional_dataset_and_time_based_timetable', 'dataset_consumes_1_and_2', 'dataset_produces_2' retrieved from /home/airflow/.local/lib/python3.12/site-packages/airflow/example_dags/example_datasets.py
[2026-05-15T22:21:57.142+0000] {logging_mixin.py:188} INFO - [2026-05-15T22:21:57.141+0000] {dag.py:3089} INFO - Sync 10 DAGs
[2026-05-15T22:21:57.150+0000] {logging_mixin.py:188} INFO - [2026-05-15T22:21:57.149+0000] {dag.py:3947} INFO - Setting next_dagrun for conditional_dataset_and_time_based_timetable to 2026-05-13 01:00:00+00:00, run_after=2026-05-13 01:00:00+00:00
[2026-05-15T22:21:57.151+0000] {logging_mixin.py:188} INFO - [2026-05-15T22:21:57.151+0000] {dag.py:3947} INFO - Setting next_dagrun for consume_1_and_2_with_dataset_expressions to None, run_after=None
[2026-05-15T22:21:57.151+0000] {logging_mixin.py:188} INFO - [2026-05-15T22:21:57.151+0000] {dag.py:3947} INFO - Setting next_dagrun for consume_1_or_2_with_dataset_expressions to None, run_after=None
[2026-05-15T22:21:57.152+0000] {logging_mixin.py:188} INFO - [2026-05-15T22:21:57.152+0000] {dag.py:3947} INFO - Setting next_dagrun for consume_1_or_both_2_and_3_with_dataset_expressions to None, run_after=None
[2026-05-15T22:21:57.152+0000] {logging_mixin.py:188} INFO - [2026-05-15T22:21:57.152+0000] {dag.py:3947} INFO - Setting next_dagrun for dataset_consumes_1 to None, run_after=None
[2026-05-15T22:21:57.152+0000] {logging_mixin.py:188} INFO - [2026-05-15T22:21:57.152+0000] {dag.py:3947} INFO - Setting next_dagrun for dataset_consumes_1_and_2 to None, run_after=None
[2026-05-15T22:21:57.153+0000] {logging_mixin.py:188} INFO - [2026-05-15T22:21:57.153+0000] {dag.py:3947} INFO - Setting next_dagrun for dataset_consumes_1_never_scheduled to None, run_after=None
[2026-05-15T22:21:57.153+0000] {logging_mixin.py:188} INFO - [2026-05-15T22:21:57.153+0000] {dag.py:3947} INFO - Setting next_dagrun for dataset_consumes_unknown_never_scheduled to None, run_after=None
[2026-05-15T22:21:57.153+0000] {logging_mixin.py:188} INFO - [2026-05-15T22:21:57.153+0000] {dag.py:3947} INFO - Setting next_dagrun for dataset_produces_1 to 2026-05-14 00:00:00+00:00, run_after=2026-05-15 00:00:00+00:00
[2026-05-15T22:21:57.154+0000] {logging_mixin.py:188} INFO - [2026-05-15T22:21:57.154+0000] {dag.py:3947} INFO - Setting next_dagrun for dataset_produces_2 to None, run_after=None
[2026-05-15T22:21:57.162+0000] {processor.py:183} INFO - Processing /home/airflow/.local/lib/python3.12/site-packages/airflow/example_dags/example_datasets.py took 0.043 seconds
[2026-05-15T22:23:01.298+0000] {processor.py:161} INFO - Started process (PID=306) to work on /home/airflow/.local/lib/python3.12/site-packages/airflow/example_dags/example_datasets.py
[2026-05-15T22:23:01.298+0000] {processor.py:830} INFO - Processing file /home/airflow/.local/lib/python3.12/site-packages/airflow/example_dags/example_datasets.py for tasks to queue
[2026-05-15T22:23:01.299+0000] {logging_mixin.py:188} INFO - [2026-05-15T22:23:01.299+0000] {dagbag.py:545} INFO - Filling up the DagBag from /home/airflow/.local/lib/python3.12/site-packages/airflow/example_dags/example_datasets.py
[2026-05-15T22:23:01.306+0000] {processor.py:840} INFO - DAG(s) 'conditional_dataset_and_time_based_timetable', 'dataset_consumes_unknown_never_scheduled', 'dataset_produces_1', 'consume_1_or_both_2_and_3_with_dataset_expressions', 'dataset_consumes_1', 'consume_1_or_2_with_dataset_expressions', 'dataset_consumes_1_and_2', 'dataset_consumes_1_never_scheduled', 'dataset_produces_2', 'consume_1_and_2_with_dataset_expressions' retrieved from /home/airflow/.local/lib/python3.12/site-packages/airflow/example_dags/example_datasets.py
[2026-05-15T22:23:01.328+0000] {logging_mixin.py:188} INFO - [2026-05-15T22:23:01.327+0000] {dag.py:3089} INFO - Sync 10 DAGs
[2026-05-15T22:23:01.337+0000] {logging_mixin.py:188} INFO - [2026-05-15T22:23:01.337+0000] {dag.py:3947} INFO - Setting next_dagrun for conditional_dataset_and_time_based_timetable to 2026-05-13 01:00:00+00:00, run_after=2026-05-13 01:00:00+00:00
[2026-05-15T22:23:01.338+0000] {logging_mixin.py:188} INFO - [2026-05-15T22:23:01.338+0000] {dag.py:3947} INFO - Setting next_dagrun for consume_1_and_2_with_dataset_expressions to None, run_after=None
[2026-05-15T22:23:01.339+0000] {logging_mixin.py:188} INFO - [2026-05-15T22:23:01.339+0000] {dag.py:3947} INFO - Setting next_dagrun for consume_1_or_2_with_dataset_expressions to None, run_after=None
[2026-05-15T22:23:01.339+0000] {logging_mixin.py:188} INFO - [2026-05-15T22:23:01.339+0000] {dag.py:3947} INFO - Setting next_dagrun for consume_1_or_both_2_and_3_with_dataset_expressions to None, run_after=None
[2026-05-15T22:23:01.339+0000] {logging_mixin.py:188} INFO - [2026-05-15T22:23:01.339+0000] {dag.py:3947} INFO - Setting next_dagrun for dataset_consumes_1 to None, run_after=None
[2026-05-15T22:23:01.340+0000] {logging_mixin.py:188} INFO - [2026-05-15T22:23:01.340+0000] {dag.py:3947} INFO - Setting next_dagrun for dataset_consumes_1_and_2 to None, run_after=None
[2026-05-15T22:23:01.340+0000] {logging_mixin.py:188} INFO - [2026-05-15T22:23:01.340+0000] {dag.py:3947} INFO - Setting next_dagrun for dataset_consumes_1_never_scheduled to None, run_after=None
[2026-05-15T22:23:01.340+0000] {logging_mixin.py:188} INFO - [2026-05-15T22:23:01.340+0000] {dag.py:3947} INFO - Setting next_dagrun for dataset_consumes_unknown_never_scheduled to None, run_after=None
[2026-05-15T22:23:01.341+0000] {logging_mixin.py:188} INFO - [2026-05-15T22:23:01.341+0000] {dag.py:3947} INFO - Setting next_dagrun for dataset_produces_1 to 2026-05-14 00:00:00+00:00, run_after=2026-05-15 00:00:00+00:00
[2026-05-15T22:23:01.341+0000] {logging_mixin.py:188} INFO - [2026-05-15T22:23:01.341+0000] {dag.py:3947} INFO - Setting next_dagrun for dataset_produces_2 to None, run_after=None
[2026-05-15T22:23:01.351+0000] {processor.py:183} INFO - Processing /home/airflow/.local/lib/python3.12/site-packages/airflow/example_dags/example_datasets.py took 0.056 seconds
[2026-05-15T22:24:01.773+0000] {processor.py:161} INFO - Started process (PID=363) to work on /home/airflow/.local/lib/python3.12/site-packages/airflow/example_dags/example_datasets.py
[2026-05-15T22:24:01.773+0000] {processor.py:830} INFO - Processing file /home/airflow/.local/lib/python3.12/site-packages/airflow/example_dags/example_datasets.py for tasks to queue
[2026-05-15T22:24:01.774+0000] {logging_mixin.py:188} INFO - [2026-05-15T22:24:01.774+0000] {dagbag.py:545} INFO - Filling up the DagBag from /home/airflow/.local/lib/python3.12/site-packages/airflow/example_dags/example_datasets.py
[2026-05-15T22:24:01.779+0000] {processor.py:840} INFO - DAG(s) 'consume_1_or_both_2_and_3_with_dataset_expressions', 'dataset_consumes_1_never_scheduled', 'consume_1_and_2_with_dataset_expressions', 'dataset_consumes_1_and_2', 'dataset_produces_2', 'consume_1_or_2_with_dataset_expressions', 'dataset_produces_1', 'dataset_consumes_unknown_never_scheduled', 'conditional_dataset_and_time_based_timetable', 'dataset_consumes_1' retrieved from /home/airflow/.local/lib/python3.12/site-packages/airflow/example_dags/example_datasets.py
[2026-05-15T22:24:01.793+0000] {logging_mixin.py:188} INFO - [2026-05-15T22:24:01.793+0000] {dag.py:3089} INFO - Sync 10 DAGs
[2026-05-15T22:24:01.801+0000] {logging_mixin.py:188} INFO - [2026-05-15T22:24:01.801+0000] {dag.py:3947} INFO - Setting next_dagrun for conditional_dataset_and_time_based_timetable to 2026-05-13 01:00:00+00:00, run_after=2026-05-13 01:00:00+00:00
[2026-05-15T22:24:01.802+0000] {logging_mixin.py:188} INFO - [2026-05-15T22:24:01.802+0000] {dag.py:3947} INFO - Setting next_dagrun for consume_1_and_2_with_dataset_expressions to None, run_after=None
[2026-05-15T22:24:01.802+0000] {logging_mixin.py:188} INFO - [2026-05-15T22:24:01.802+0000] {dag.py:3947} INFO - Setting next_dagrun for consume_1_or_2_with_dataset_expressions to None, run_after=None
[2026-05-15T22:24:01.803+0000] {logging_mixin.py:188} INFO - [2026-05-15T22:24:01.803+0000] {dag.py:3947} INFO - Setting next_dagrun for consume_1_or_both_2_and_3_with_dataset_expressions to None, run_after=None
[2026-05-15T22:24:01.803+0000] {logging_mixin.py:188} INFO - [2026-05-15T22:24:01.803+0000] {dag.py:3947} INFO - Setting next_dagrun for dataset_consumes_1 to None, run_after=None
[2026-05-15T22:24:01.803+0000] {logging_mixin.py:188} INFO - [2026-05-15T22:24:01.803+0000] {dag.py:3947} INFO - Setting next_dagrun for dataset_consumes_1_and_2 to None, run_after=None
[2026-05-15T22:24:01.804+0000] {logging_mixin.py:188} INFO - [2026-05-15T22:24:01.804+0000] {dag.py:3947} INFO - Setting next_dagrun for dataset_consumes_1_never_scheduled to None, run_after=None
[2026-05-15T22:24:01.804+0000] {logging_mixin.py:188} INFO - [2026-05-15T22:24:01.804+0000] {dag.py:3947} INFO - Setting next_dagrun for dataset_consumes_unknown_never_scheduled to None, run_after=None
[2026-05-15T22:24:01.805+0000] {logging_mixin.py:188} INFO - [2026-05-15T22:24:01.805+0000] {dag.py:3947} INFO - Setting next_dagrun for dataset_produces_1 to 2026-05-14 00:00:00+00:00, run_after=2026-05-15 00:00:00+00:00
[2026-05-15T22:24:01.805+0000] {logging_mixin.py:188} INFO - [2026-05-15T22:24:01.805+0000] {dag.py:3947} INFO - Setting next_dagrun for dataset_produces_2 to None, run_after=None
[2026-05-15T22:24:01.814+0000] {processor.py:183} INFO - Processing /home/airflow/.local/lib/python3.12/site-packages/airflow/example_dags/example_datasets.py took 0.043 seconds
[2026-05-15T22:24:32.254+0000] {processor.py:161} INFO - Started process (PID=415) to work on /home/airflow/.local/lib/python3.12/site-packages/airflow/example_dags/example_datasets.py
[2026-05-15T22:24:32.254+0000] {processor.py:830} INFO - Processing file /home/airflow/.local/lib/python3.12/site-packages/airflow/example_dags/example_datasets.py for tasks to queue
[2026-05-15T22:24:32.255+0000] {logging_mixin.py:188} INFO - [2026-05-15T22:24:32.255+0000] {dagbag.py:545} INFO - Filling up the DagBag from /home/airflow/.local/lib/python3.12/site-packages/airflow/example_dags/example_datasets.py
[2026-05-15T22:24:32.261+0000] {processor.py:840} INFO - DAG(s) 'consume_1_or_both_2_and_3_with_dataset_expressions', 'dataset_produces_1', 'dataset_consumes_1_and_2', 'dataset_consumes_1_never_scheduled', 'dataset_produces_2', 'consume_1_or_2_with_dataset_expressions', 'dataset_consumes_1', 'conditional_dataset_and_time_based_timetable', 'consume_1_and_2_with_dataset_expressions', 'dataset_consumes_unknown_never_scheduled' retrieved from /home/airflow/.local/lib/python3.12/site-packages/airflow/example_dags/example_datasets.py
[2026-05-15T22:24:32.273+0000] {logging_mixin.py:188} INFO - [2026-05-15T22:24:32.273+0000] {dag.py:3089} INFO - Sync 10 DAGs
[2026-05-15T22:24:32.280+0000] {logging_mixin.py:188} INFO - [2026-05-15T22:24:32.280+0000] {dag.py:3947} INFO - Setting next_dagrun for conditional_dataset_and_time_based_timetable to 2026-05-13 01:00:00+00:00, run_after=2026-05-13 01:00:00+00:00
[2026-05-15T22:24:32.281+0000] {logging_mixin.py:188} INFO - [2026-05-15T22:24:32.281+0000] {dag.py:3947} INFO - Setting next_dagrun for consume_1_and_2_with_dataset_expressions to None, run_after=None
[2026-05-15T22:24:32.282+0000] {logging_mixin.py:188} INFO - [2026-05-15T22:24:32.282+0000] {dag.py:3947} INFO - Setting next_dagrun for consume_1_or_2_with_dataset_expressions to None, run_after=None
[2026-05-15T22:24:32.282+0000] {logging_mixin.py:188} INFO - [2026-05-15T22:24:32.282+0000] {dag.py:3947} INFO - Setting next_dagrun for consume_1_or_both_2_and_3_with_dataset_expressions to None, run_after=None
[2026-05-15T22:24:32.282+0000] {logging_mixin.py:188} INFO - [2026-05-15T22:24:32.282+0000] {dag.py:3947} INFO - Setting next_dagrun for dataset_consumes_1 to None, run_after=None
[2026-05-15T22:24:32.283+0000] {logging_mixin.py:188} INFO - [2026-05-15T22:24:32.283+0000] {dag.py:3947} INFO - Setting next_dagrun for dataset_consumes_1_and_2 to None, run_after=None
[2026-05-15T22:24:32.283+0000] {logging_mixin.py:188} INFO - [2026-05-15T22:24:32.283+0000] {dag.py:3947} INFO - Setting next_dagrun for dataset_consumes_1_never_scheduled to None, run_after=None
[2026-05-15T22:24:32.283+0000] {logging_mixin.py:188} INFO - [2026-05-15T22:24:32.283+0000] {dag.py:3947} INFO - Setting next_dagrun for dataset_consumes_unknown_never_scheduled to None, run_after=None
[2026-05-15T22:24:32.284+0000] {logging_mixin.py:188} INFO - [2026-05-15T22:24:32.284+0000] {dag.py:3947} INFO - Setting next_dagrun for dataset_produces_1 to 2026-05-14 00:00:00+00:00, run_after=2026-05-15 00:00:00+00:00
[2026-05-15T22:24:32.284+0000] {logging_mixin.py:188} INFO - [2026-05-15T22:24:32.284+0000] {dag.py:3947} INFO - Setting next_dagrun for dataset_produces_2 to None, run_after=None
[2026-05-15T22:24:32.292+0000] {processor.py:183} INFO - Processing /home/airflow/.local/lib/python3.12/site-packages/airflow/example_dags/example_datasets.py took 0.040 seconds
[2026-05-15T23:22:11.227+0000] {processor.py:161} INFO - Started process (PID=472) to work on /home/airflow/.local/lib/python3.12/site-packages/airflow/example_dags/example_datasets.py
[2026-05-15T23:22:11.227+0000] {processor.py:830} INFO - Processing file /home/airflow/.local/lib/python3.12/site-packages/airflow/example_dags/example_datasets.py for tasks to queue
[2026-05-15T23:22:11.228+0000] {logging_mixin.py:188} INFO - [2026-05-15T23:22:11.228+0000] {dagbag.py:545} INFO - Filling up the DagBag from /home/airflow/.local/lib/python3.12/site-packages/airflow/example_dags/example_datasets.py
[2026-05-15T23:22:11.233+0000] {processor.py:840} INFO - DAG(s) 'dataset_consumes_1_never_scheduled', 'dataset_consumes_1', 'consume_1_or_both_2_and_3_with_dataset_expressions', 'dataset_consumes_1_and_2', 'dataset_produces_1', 'consume_1_and_2_with_dataset_expressions', 'dataset_consumes_unknown_never_scheduled', 'conditional_dataset_and_time_based_timetable', 'dataset_produces_2', 'consume_1_or_2_with_dataset_expressions' retrieved from /home/airflow/.local/lib/python3.12/site-packages/airflow/example_dags/example_datasets.py
[2026-05-15T23:22:11.247+0000] {logging_mixin.py:188} INFO - [2026-05-15T23:22:11.247+0000] {dag.py:3089} INFO - Sync 10 DAGs
[2026-05-15T23:22:11.256+0000] {logging_mixin.py:188} INFO - [2026-05-15T23:22:11.255+0000] {dag.py:3947} INFO - Setting next_dagrun for conditional_dataset_and_time_based_timetable to 2026-05-13 01:00:00+00:00, run_after=2026-05-13 01:00:00+00:00
[2026-05-15T23:22:11.257+0000] {logging_mixin.py:188} INFO - [2026-05-15T23:22:11.257+0000] {dag.py:3947} INFO - Setting next_dagrun for consume_1_and_2_with_dataset_expressions to None, run_after=None
[2026-05-15T23:22:11.258+0000] {logging_mixin.py:188} INFO - [2026-05-15T23:22:11.257+0000] {dag.py:3947} INFO - Setting next_dagrun for consume_1_or_2_with_dataset_expressions to None, run_after=None
[2026-05-15T23:22:11.258+0000] {logging_mixin.py:188} INFO - [2026-05-15T23:22:11.258+0000] {dag.py:3947} INFO - Setting next_dagrun for consume_1_or_both_2_and_3_with_dataset_expressions to None, run_after=None
[2026-05-15T23:22:11.258+0000] {logging_mixin.py:188} INFO - [2026-05-15T23:22:11.258+0000] {dag.py:3947} INFO - Setting next_dagrun for dataset_consumes_1 to None, run_after=None
[2026-05-15T23:22:11.258+0000] {logging_mixin.py:188} INFO - [2026-05-15T23:22:11.258+0000] {dag.py:3947} INFO - Setting next_dagrun for dataset_consumes_1_and_2 to None, run_after=None
[2026-05-15T23:22:11.259+0000] {logging_mixin.py:188} INFO - [2026-05-15T23:22:11.259+0000] {dag.py:3947} INFO - Setting next_dagrun for dataset_consumes_1_never_scheduled to None, run_after=None
[2026-05-15T23:22:11.259+0000] {logging_mixin.py:188} INFO - [2026-05-15T23:22:11.259+0000] {dag.py:3947} INFO - Setting next_dagrun for dataset_consumes_unknown_never_scheduled to None, run_after=None
[2026-05-15T23:22:11.260+0000] {logging_mixin.py:188} INFO - [2026-05-15T23:22:11.259+0000] {dag.py:3947} INFO - Setting next_dagrun for dataset_produces_1 to 2026-05-14 00:00:00+00:00, run_after=2026-05-15 00:00:00+00:00
[2026-05-15T23:22:11.260+0000] {logging_mixin.py:188} INFO - [2026-05-15T23:22:11.260+0000] {dag.py:3947} INFO - Setting next_dagrun for dataset_produces_2 to None, run_after=None
[2026-05-15T23:22:11.268+0000] {processor.py:183} INFO - Processing /home/airflow/.local/lib/python3.12/site-packages/airflow/example_dags/example_datasets.py took 0.043 seconds
[2026-05-15T23:22:43.409+0000] {processor.py:161} INFO - Started process (PID=524) to work on /home/airflow/.local/lib/python3.12/site-packages/airflow/example_dags/example_datasets.py
[2026-05-15T23:22:43.409+0000] {processor.py:830} INFO - Processing file /home/airflow/.local/lib/python3.12/site-packages/airflow/example_dags/example_datasets.py for tasks to queue
[2026-05-15T23:22:43.410+0000] {logging_mixin.py:188} INFO - [2026-05-15T23:22:43.410+0000] {dagbag.py:545} INFO - Filling up the DagBag from /home/airflow/.local/lib/python3.12/site-packages/airflow/example_dags/example_datasets.py
[2026-05-15T23:22:43.417+0000] {processor.py:840} INFO - DAG(s) 'dataset_consumes_1_never_scheduled', 'dataset_consumes_1_and_2', 'consume_1_or_both_2_and_3_with_dataset_expressions', 'consume_1_or_2_with_dataset_expressions', 'conditional_dataset_and_time_based_timetable', 'dataset_produces_2', 'dataset_produces_1', 'dataset_consumes_unknown_never_scheduled', 'dataset_consumes_1', 'consume_1_and_2_with_dataset_expressions' retrieved from /home/airflow/.local/lib/python3.12/site-packages/airflow/example_dags/example_datasets.py
[2026-05-15T23:22:43.438+0000] {logging_mixin.py:188} INFO - [2026-05-15T23:22:43.437+0000] {dag.py:3089} INFO - Sync 10 DAGs
[2026-05-15T23:22:43.449+0000] {logging_mixin.py:188} INFO - [2026-05-15T23:22:43.449+0000] {dag.py:3947} INFO - Setting next_dagrun for conditional_dataset_and_time_based_timetable to 2026-05-13 01:00:00+00:00, run_after=2026-05-13 01:00:00+00:00
[2026-05-15T23:22:43.451+0000] {logging_mixin.py:188} INFO - [2026-05-15T23:22:43.451+0000] {dag.py:3947} INFO - Setting next_dagrun for consume_1_and_2_with_dataset_expressions to None, run_after=None
[2026-05-15T23:22:43.451+0000] {logging_mixin.py:188} INFO - [2026-05-15T23:22:43.451+0000] {dag.py:3947} INFO - Setting next_dagrun for consume_1_or_2_with_dataset_expressions to None, run_after=None
[2026-05-15T23:22:43.452+0000] {logging_mixin.py:188} INFO - [2026-05-15T23:22:43.452+0000] {dag.py:3947} INFO - Setting next_dagrun for consume_1_or_both_2_and_3_with_dataset_expressions to None, run_after=None
[2026-05-15T23:22:43.452+0000] {logging_mixin.py:188} INFO - [2026-05-15T23:22:43.452+0000] {dag.py:3947} INFO - Setting next_dagrun for dataset_consumes_1 to None, run_after=None
[2026-05-15T23:22:43.453+0000] {logging_mixin.py:188} INFO - [2026-05-15T23:22:43.452+0000] {dag.py:3947} INFO - Setting next_dagrun for dataset_consumes_1_and_2 to None, run_after=None
[2026-05-15T23:22:43.453+0000] {logging_mixin.py:188} INFO - [2026-05-15T23:22:43.453+0000] {dag.py:3947} INFO - Setting next_dagrun for dataset_consumes_1_never_scheduled to None, run_after=None
[2026-05-15T23:22:43.453+0000] {logging_mixin.py:188} INFO - [2026-05-15T23:22:43.453+0000] {dag.py:3947} INFO - Setting next_dagrun for dataset_consumes_unknown_never_scheduled to None, run_after=None
[2026-05-15T23:22:43.454+0000] {logging_mixin.py:188} INFO - [2026-05-15T23:22:43.454+0000] {dag.py:3947} INFO - Setting next_dagrun for dataset_produces_1 to 2026-05-14 00:00:00+00:00, run_after=2026-05-15 00:00:00+00:00
[2026-05-15T23:22:43.455+0000] {logging_mixin.py:188} INFO - [2026-05-15T23:22:43.455+0000] {dag.py:3947} INFO - Setting next_dagrun for dataset_produces_2 to None, run_after=None
[2026-05-15T23:22:43.472+0000] {processor.py:183} INFO - Processing /home/airflow/.local/lib/python3.12/site-packages/airflow/example_dags/example_datasets.py took 0.067 seconds
[2026-05-15T23:23:14.426+0000] {processor.py:161} INFO - Started process (PID=581) to work on /home/airflow/.local/lib/python3.12/site-packages/airflow/example_dags/example_datasets.py
[2026-05-15T23:23:14.427+0000] {processor.py:830} INFO - Processing file /home/airflow/.local/lib/python3.12/site-packages/airflow/example_dags/example_datasets.py for tasks to queue
[2026-05-15T23:23:14.427+0000] {logging_mixin.py:188} INFO - [2026-05-15T23:23:14.427+0000] {dagbag.py:545} INFO - Filling up the DagBag from /home/airflow/.local/lib/python3.12/site-packages/airflow/example_dags/example_datasets.py
[2026-05-15T23:23:14.432+0000] {processor.py:840} INFO - DAG(s) 'dataset_produces_1', 'conditional_dataset_and_time_based_timetable', 'dataset_consumes_1_and_2', 'consume_1_or_2_with_dataset_expressions', 'dataset_consumes_1', 'consume_1_and_2_with_dataset_expressions', 'dataset_consumes_1_never_scheduled', 'dataset_consumes_unknown_never_scheduled', 'dataset_produces_2', 'consume_1_or_both_2_and_3_with_dataset_expressions' retrieved from /home/airflow/.local/lib/python3.12/site-packages/airflow/example_dags/example_datasets.py
[2026-05-15T23:23:14.444+0000] {logging_mixin.py:188} INFO - [2026-05-15T23:23:14.444+0000] {dag.py:3089} INFO - Sync 10 DAGs
[2026-05-15T23:23:14.452+0000] {logging_mixin.py:188} INFO - [2026-05-15T23:23:14.452+0000] {dag.py:3947} INFO - Setting next_dagrun for conditional_dataset_and_time_based_timetable to 2026-05-13 01:00:00+00:00, run_after=2026-05-13 01:00:00+00:00
[2026-05-15T23:23:14.453+0000] {logging_mixin.py:188} INFO - [2026-05-15T23:23:14.453+0000] {dag.py:3947} INFO - Setting next_dagrun for consume_1_and_2_with_dataset_expressions to None, run_after=None
[2026-05-15T23:23:14.453+0000] {logging_mixin.py:188} INFO - [2026-05-15T23:23:14.453+0000] {dag.py:3947} INFO - Setting next_dagrun for consume_1_or_2_with_dataset_expressions to None, run_after=None
[2026-05-15T23:23:14.453+0000] {logging_mixin.py:188} INFO - [2026-05-15T23:23:14.453+0000] {dag.py:3947} INFO - Setting next_dagrun for consume_1_or_both_2_and_3_with_dataset_expressions to None, run_after=None
[2026-05-15T23:23:14.454+0000] {logging_mixin.py:188} INFO - [2026-05-15T23:23:14.454+0000] {dag.py:3947} INFO - Setting next_dagrun for dataset_consumes_1 to None, run_after=None
[2026-05-15T23:23:14.454+0000] {logging_mixin.py:188} INFO - [2026-05-15T23:23:14.454+0000] {dag.py:3947} INFO - Setting next_dagrun for dataset_consumes_1_and_2 to None, run_after=None
[2026-05-15T23:23:14.454+0000] {logging_mixin.py:188} INFO - [2026-05-15T23:23:14.454+0000] {dag.py:3947} INFO - Setting next_dagrun for dataset_consumes_1_never_scheduled to None, run_after=None
[2026-05-15T23:23:14.454+0000] {logging_mixin.py:188} INFO - [2026-05-15T23:23:14.454+0000] {dag.py:3947} INFO - Setting next_dagrun for dataset_consumes_unknown_never_scheduled to None, run_after=None
[2026-05-15T23:23:14.455+0000] {logging_mixin.py:188} INFO - [2026-05-15T23:23:14.455+0000] {dag.py:3947} INFO - Setting next_dagrun for dataset_produces_1 to 2026-05-14 00:00:00+00:00, run_after=2026-05-15 00:00:00+00:00
[2026-05-15T23:23:14.455+0000] {logging_mixin.py:188} INFO - [2026-05-15T23:23:14.455+0000] {dag.py:3947} INFO - Setting next_dagrun for dataset_produces_2 to None, run_after=None
[2026-05-15T23:23:14.462+0000] {processor.py:183} INFO - Processing /home/airflow/.local/lib/python3.12/site-packages/airflow/example_dags/example_datasets.py took 0.038 seconds
[2026-05-15T23:24:02.196+0000] {processor.py:161} INFO - Started process (PID=639) to work on /home/airflow/.local/lib/python3.12/site-packages/airflow/example_dags/example_datasets.py
[2026-05-15T23:24:02.197+0000] {processor.py:830} INFO - Processing file /home/airflow/.local/lib/python3.12/site-packages/airflow/example_dags/example_datasets.py for tasks to queue
[2026-05-15T23:24:02.198+0000] {logging_mixin.py:188} INFO - [2026-05-15T23:24:02.198+0000] {dagbag.py:545} INFO - Filling up the DagBag from /home/airflow/.local/lib/python3.12/site-packages/airflow/example_dags/example_datasets.py
[2026-05-15T23:24:02.204+0000] {processor.py:840} INFO - DAG(s) 'consume_1_and_2_with_dataset_expressions', 'dataset_produces_2', 'consume_1_or_2_with_dataset_expressions', 'dataset_consumes_1_never_scheduled', 'dataset_produces_1', 'conditional_dataset_and_time_based_timetable', 'dataset_consumes_unknown_never_scheduled', 'dataset_consumes_1_and_2', 'dataset_consumes_1', 'consume_1_or_both_2_and_3_with_dataset_expressions' retrieved from /home/airflow/.local/lib/python3.12/site-packages/airflow/example_dags/example_datasets.py
[2026-05-15T23:24:02.219+0000] {logging_mixin.py:188} INFO - [2026-05-15T23:24:02.219+0000] {dag.py:3089} INFO - Sync 10 DAGs
[2026-05-15T23:24:02.227+0000] {logging_mixin.py:188} INFO - [2026-05-15T23:24:02.227+0000] {dag.py:3947} INFO - Setting next_dagrun for conditional_dataset_and_time_based_timetable to 2026-05-13 01:00:00+00:00, run_after=2026-05-13 01:00:00+00:00
[2026-05-15T23:24:02.228+0000] {logging_mixin.py:188} INFO - [2026-05-15T23:24:02.228+0000] {dag.py:3947} INFO - Setting next_dagrun for consume_1_and_2_with_dataset_expressions to None, run_after=None
[2026-05-15T23:24:02.228+0000] {logging_mixin.py:188} INFO - [2026-05-15T23:24:02.228+0000] {dag.py:3947} INFO - Setting next_dagrun for consume_1_or_2_with_dataset_expressions to None, run_after=None
[2026-05-15T23:24:02.229+0000] {logging_mixin.py:188} INFO - [2026-05-15T23:24:02.228+0000] {dag.py:3947} INFO - Setting next_dagrun for consume_1_or_both_2_and_3_with_dataset_expressions to None, run_after=None
[2026-05-15T23:24:02.229+0000] {logging_mixin.py:188} INFO - [2026-05-15T23:24:02.229+0000] {dag.py:3947} INFO - Setting next_dagrun for dataset_consumes_1 to None, run_after=None
[2026-05-15T23:24:02.229+0000] {logging_mixin.py:188} INFO - [2026-05-15T23:24:02.229+0000] {dag.py:3947} INFO - Setting next_dagrun for dataset_consumes_1_and_2 to None, run_after=None
[2026-05-15T23:24:02.229+0000] {logging_mixin.py:188} INFO - [2026-05-15T23:24:02.229+0000] {dag.py:3947} INFO - Setting next_dagrun for dataset_consumes_1_never_scheduled to None, run_after=None
[2026-05-15T23:24:02.230+0000] {logging_mixin.py:188} INFO - [2026-05-15T23:24:02.230+0000] {dag.py:3947} INFO - Setting next_dagrun for dataset_consumes_unknown_never_scheduled to None, run_after=None
[2026-05-15T23:24:02.230+0000] {logging_mixin.py:188} INFO - [2026-05-15T23:24:02.230+0000] {dag.py:3947} INFO - Setting next_dagrun for dataset_produces_1 to 2026-05-14 00:00:00+00:00, run_after=2026-05-15 00:00:00+00:00
[2026-05-15T23:24:02.230+0000] {logging_mixin.py:188} INFO - [2026-05-15T23:24:02.230+0000] {dag.py:3947} INFO - Setting next_dagrun for dataset_produces_2 to None, run_after=None
[2026-05-15T23:24:02.238+0000] {processor.py:183} INFO - Processing /home/airflow/.local/lib/python3.12/site-packages/airflow/example_dags/example_datasets.py took 0.044 seconds
[2026-05-15T23:41:54.757+0000] {processor.py:161} INFO - Started process (PID=691) to work on /home/airflow/.local/lib/python3.12/site-packages/airflow/example_dags/example_datasets.py
[2026-05-15T23:41:54.757+0000] {processor.py:830} INFO - Processing file /home/airflow/.local/lib/python3.12/site-packages/airflow/example_dags/example_datasets.py for tasks to queue
[2026-05-15T23:41:54.758+0000] {logging_mixin.py:188} INFO - [2026-05-15T23:41:54.758+0000] {dagbag.py:545} INFO - Filling up the DagBag from /home/airflow/.local/lib/python3.12/site-packages/airflow/example_dags/example_datasets.py
[2026-05-15T23:41:54.763+0000] {processor.py:840} INFO - DAG(s) 'consume_1_and_2_with_dataset_expressions', 'dataset_consumes_1_and_2', 'conditional_dataset_and_time_based_timetable', 'dataset_consumes_1', 'consume_1_or_both_2_and_3_with_dataset_expressions', 'dataset_consumes_1_never_scheduled', 'dataset_consumes_unknown_never_scheduled', 'dataset_produces_1', 'consume_1_or_2_with_dataset_expressions', 'dataset_produces_2' retrieved from /home/airflow/.local/lib/python3.12/site-packages/airflow/example_dags/example_datasets.py
[2026-05-15T23:41:54.779+0000] {logging_mixin.py:188} INFO - [2026-05-15T23:41:54.779+0000] {dag.py:3089} INFO - Sync 10 DAGs
[2026-05-15T23:41:54.787+0000] {logging_mixin.py:188} INFO - [2026-05-15T23:41:54.787+0000] {dag.py:3947} INFO - Setting next_dagrun for conditional_dataset_and_time_based_timetable to 2026-05-13 01:00:00+00:00, run_after=2026-05-13 01:00:00+00:00
[2026-05-15T23:41:54.789+0000] {logging_mixin.py:188} INFO - [2026-05-15T23:41:54.789+0000] {dag.py:3947} INFO - Setting next_dagrun for consume_1_and_2_with_dataset_expressions to None, run_after=None
[2026-05-15T23:41:54.789+0000] {logging_mixin.py:188} INFO - [2026-05-15T23:41:54.789+0000] {dag.py:3947} INFO - Setting next_dagrun for consume_1_or_2_with_dataset_expressions to None, run_after=None
[2026-05-15T23:41:54.789+0000] {logging_mixin.py:188} INFO - [2026-05-15T23:41:54.789+0000] {dag.py:3947} INFO - Setting next_dagrun for consume_1_or_both_2_and_3_with_dataset_expressions to None, run_after=None
[2026-05-15T23:41:54.790+0000] {logging_mixin.py:188} INFO - [2026-05-15T23:41:54.790+0000] {dag.py:3947} INFO - Setting next_dagrun for dataset_consumes_1 to None, run_after=None
[2026-05-15T23:41:54.790+0000] {logging_mixin.py:188} INFO - [2026-05-15T23:41:54.790+0000] {dag.py:3947} INFO - Setting next_dagrun for dataset_consumes_1_and_2 to None, run_after=None
[2026-05-15T23:41:54.790+0000] {logging_mixin.py:188} INFO - [2026-05-15T23:41:54.790+0000] {dag.py:3947} INFO - Setting next_dagrun for dataset_consumes_1_never_scheduled to None, run_after=None
[2026-05-15T23:41:54.791+0000] {logging_mixin.py:188} INFO - [2026-05-15T23:41:54.791+0000] {dag.py:3947} INFO - Setting next_dagrun for dataset_consumes_unknown_never_scheduled to None, run_after=None
[2026-05-15T23:41:54.791+0000] {logging_mixin.py:188} INFO - [2026-05-15T23:41:54.791+0000] {dag.py:3947} INFO - Setting next_dagrun for dataset_produces_1 to 2026-05-14 00:00:00+00:00, run_after=2026-05-15 00:00:00+00:00
[2026-05-15T23:41:54.791+0000] {logging_mixin.py:188} INFO - [2026-05-15T23:41:54.791+0000] {dag.py:3947} INFO - Setting next_dagrun for dataset_produces_2 to None, run_after=None
[2026-05-15T23:41:54.800+0000] {processor.py:183} INFO - Processing /home/airflow/.local/lib/python3.12/site-packages/airflow/example_dags/example_datasets.py took 0.045 seconds
