[2026-05-15T22:20:23.901+0000] {processor.py:161} INFO - Started process (PID=58) to work on /home/airflow/.local/lib/python3.12/site-packages/airflow/example_dags/example_branch_day_of_week_operator.py
[2026-05-15T22:20:23.902+0000] {processor.py:830} INFO - Processing file /home/airflow/.local/lib/python3.12/site-packages/airflow/example_dags/example_branch_day_of_week_operator.py for tasks to queue
[2026-05-15T22:20:23.903+0000] {logging_mixin.py:188} INFO - [2026-05-15T22:20:23.902+0000] {dagbag.py:545} INFO - Filling up the DagBag from /home/airflow/.local/lib/python3.12/site-packages/airflow/example_dags/example_branch_day_of_week_operator.py
[2026-05-15T22:20:23.911+0000] {processor.py:840} INFO - DAG(s) 'example_weekday_branch_operator' retrieved from /home/airflow/.local/lib/python3.12/site-packages/airflow/example_dags/example_branch_day_of_week_operator.py
[2026-05-15T22:20:23.921+0000] {logging_mixin.py:188} INFO - [2026-05-15T22:20:23.921+0000] {dag.py:3089} INFO - Sync 1 DAGs
[2026-05-15T22:20:23.935+0000] {logging_mixin.py:188} INFO - [2026-05-15T22:20:23.935+0000] {dag.py:3947} INFO - Setting next_dagrun for example_weekday_branch_operator to 2026-05-14 00:00:00+00:00, run_after=2026-05-15 00:00:00+00:00
[2026-05-15T22:20:23.951+0000] {processor.py:183} INFO - Processing /home/airflow/.local/lib/python3.12/site-packages/airflow/example_dags/example_branch_day_of_week_operator.py took 0.058 seconds
[2026-05-15T22:20:54.268+0000] {processor.py:161} INFO - Started process (PID=122) to work on /home/airflow/.local/lib/python3.12/site-packages/airflow/example_dags/example_branch_day_of_week_operator.py
[2026-05-15T22:20:54.268+0000] {processor.py:830} INFO - Processing file /home/airflow/.local/lib/python3.12/site-packages/airflow/example_dags/example_branch_day_of_week_operator.py for tasks to queue
[2026-05-15T22:20:54.269+0000] {logging_mixin.py:188} INFO - [2026-05-15T22:20:54.269+0000] {dagbag.py:545} INFO - Filling up the DagBag from /home/airflow/.local/lib/python3.12/site-packages/airflow/example_dags/example_branch_day_of_week_operator.py
[2026-05-15T22:20:54.272+0000] {processor.py:840} INFO - DAG(s) 'example_weekday_branch_operator' retrieved from /home/airflow/.local/lib/python3.12/site-packages/airflow/example_dags/example_branch_day_of_week_operator.py
[2026-05-15T22:20:54.311+0000] {logging_mixin.py:188} INFO - [2026-05-15T22:20:54.311+0000] {dag.py:3089} INFO - Sync 1 DAGs
[2026-05-15T22:20:54.317+0000] {logging_mixin.py:188} INFO - [2026-05-15T22:20:54.317+0000] {dag.py:3947} INFO - Setting next_dagrun for example_weekday_branch_operator to 2026-05-14 00:00:00+00:00, run_after=2026-05-15 00:00:00+00:00
[2026-05-15T22:20:54.324+0000] {processor.py:183} INFO - Processing /home/airflow/.local/lib/python3.12/site-packages/airflow/example_dags/example_branch_day_of_week_operator.py took 0.058 seconds
[2026-05-15T22:21:25.169+0000] {processor.py:161} INFO - Started process (PID=180) to work on /home/airflow/.local/lib/python3.12/site-packages/airflow/example_dags/example_branch_day_of_week_operator.py
[2026-05-15T22:21:25.170+0000] {processor.py:830} INFO - Processing file /home/airflow/.local/lib/python3.12/site-packages/airflow/example_dags/example_branch_day_of_week_operator.py for tasks to queue
[2026-05-15T22:21:25.170+0000] {logging_mixin.py:188} INFO - [2026-05-15T22:21:25.170+0000] {dagbag.py:545} INFO - Filling up the DagBag from /home/airflow/.local/lib/python3.12/site-packages/airflow/example_dags/example_branch_day_of_week_operator.py
[2026-05-15T22:21:25.174+0000] {processor.py:840} INFO - DAG(s) 'example_weekday_branch_operator' retrieved from /home/airflow/.local/lib/python3.12/site-packages/airflow/example_dags/example_branch_day_of_week_operator.py
[2026-05-15T22:21:25.183+0000] {logging_mixin.py:188} INFO - [2026-05-15T22:21:25.183+0000] {dag.py:3089} INFO - Sync 1 DAGs
[2026-05-15T22:21:25.193+0000] {logging_mixin.py:188} INFO - [2026-05-15T22:21:25.193+0000] {dag.py:3947} INFO - Setting next_dagrun for example_weekday_branch_operator to 2026-05-14 00:00:00+00:00, run_after=2026-05-15 00:00:00+00:00
[2026-05-15T22:21:25.199+0000] {processor.py:183} INFO - Processing /home/airflow/.local/lib/python3.12/site-packages/airflow/example_dags/example_branch_day_of_week_operator.py took 0.032 seconds
[2026-05-15T22:21:55.700+0000] {processor.py:161} INFO - Started process (PID=238) to work on /home/airflow/.local/lib/python3.12/site-packages/airflow/example_dags/example_branch_day_of_week_operator.py
[2026-05-15T22:21:55.701+0000] {processor.py:830} INFO - Processing file /home/airflow/.local/lib/python3.12/site-packages/airflow/example_dags/example_branch_day_of_week_operator.py for tasks to queue
[2026-05-15T22:21:55.702+0000] {logging_mixin.py:188} INFO - [2026-05-15T22:21:55.702+0000] {dagbag.py:545} INFO - Filling up the DagBag from /home/airflow/.local/lib/python3.12/site-packages/airflow/example_dags/example_branch_day_of_week_operator.py
[2026-05-15T22:21:55.707+0000] {processor.py:840} INFO - DAG(s) 'example_weekday_branch_operator' retrieved from /home/airflow/.local/lib/python3.12/site-packages/airflow/example_dags/example_branch_day_of_week_operator.py
[2026-05-15T22:21:55.714+0000] {logging_mixin.py:188} INFO - [2026-05-15T22:21:55.714+0000] {dag.py:3089} INFO - Sync 1 DAGs
[2026-05-15T22:21:55.722+0000] {logging_mixin.py:188} INFO - [2026-05-15T22:21:55.722+0000] {dag.py:3947} INFO - Setting next_dagrun for example_weekday_branch_operator to 2026-05-14 00:00:00+00:00, run_after=2026-05-15 00:00:00+00:00
[2026-05-15T22:21:55.727+0000] {processor.py:183} INFO - Processing /home/airflow/.local/lib/python3.12/site-packages/airflow/example_dags/example_branch_day_of_week_operator.py took 0.029 seconds
[2026-05-15T22:23:00.928+0000] {processor.py:161} INFO - Started process (PID=290) to work on /home/airflow/.local/lib/python3.12/site-packages/airflow/example_dags/example_branch_day_of_week_operator.py
[2026-05-15T22:23:00.928+0000] {processor.py:830} INFO - Processing file /home/airflow/.local/lib/python3.12/site-packages/airflow/example_dags/example_branch_day_of_week_operator.py for tasks to queue
[2026-05-15T22:23:00.929+0000] {logging_mixin.py:188} INFO - [2026-05-15T22:23:00.929+0000] {dagbag.py:545} INFO - Filling up the DagBag from /home/airflow/.local/lib/python3.12/site-packages/airflow/example_dags/example_branch_day_of_week_operator.py
[2026-05-15T22:23:00.932+0000] {processor.py:840} INFO - DAG(s) 'example_weekday_branch_operator' retrieved from /home/airflow/.local/lib/python3.12/site-packages/airflow/example_dags/example_branch_day_of_week_operator.py
[2026-05-15T22:23:00.940+0000] {logging_mixin.py:188} INFO - [2026-05-15T22:23:00.940+0000] {dag.py:3089} INFO - Sync 1 DAGs
[2026-05-15T22:23:00.947+0000] {logging_mixin.py:188} INFO - [2026-05-15T22:23:00.947+0000] {dag.py:3947} INFO - Setting next_dagrun for example_weekday_branch_operator to 2026-05-14 00:00:00+00:00, run_after=2026-05-15 00:00:00+00:00
[2026-05-15T22:23:00.953+0000] {processor.py:183} INFO - Processing /home/airflow/.local/lib/python3.12/site-packages/airflow/example_dags/example_branch_day_of_week_operator.py took 0.028 seconds
[2026-05-15T22:24:01.443+0000] {processor.py:161} INFO - Started process (PID=347) to work on /home/airflow/.local/lib/python3.12/site-packages/airflow/example_dags/example_branch_day_of_week_operator.py
[2026-05-15T22:24:01.443+0000] {processor.py:830} INFO - Processing file /home/airflow/.local/lib/python3.12/site-packages/airflow/example_dags/example_branch_day_of_week_operator.py for tasks to queue
[2026-05-15T22:24:01.444+0000] {logging_mixin.py:188} INFO - [2026-05-15T22:24:01.444+0000] {dagbag.py:545} INFO - Filling up the DagBag from /home/airflow/.local/lib/python3.12/site-packages/airflow/example_dags/example_branch_day_of_week_operator.py
[2026-05-15T22:24:01.446+0000] {processor.py:840} INFO - DAG(s) 'example_weekday_branch_operator' retrieved from /home/airflow/.local/lib/python3.12/site-packages/airflow/example_dags/example_branch_day_of_week_operator.py
[2026-05-15T22:24:01.454+0000] {logging_mixin.py:188} INFO - [2026-05-15T22:24:01.454+0000] {dag.py:3089} INFO - Sync 1 DAGs
[2026-05-15T22:24:01.461+0000] {logging_mixin.py:188} INFO - [2026-05-15T22:24:01.461+0000] {dag.py:3947} INFO - Setting next_dagrun for example_weekday_branch_operator to 2026-05-14 00:00:00+00:00, run_after=2026-05-15 00:00:00+00:00
[2026-05-15T22:24:01.466+0000] {processor.py:183} INFO - Processing /home/airflow/.local/lib/python3.12/site-packages/airflow/example_dags/example_branch_day_of_week_operator.py took 0.025 seconds
[2026-05-15T22:24:31.958+0000] {processor.py:161} INFO - Started process (PID=399) to work on /home/airflow/.local/lib/python3.12/site-packages/airflow/example_dags/example_branch_day_of_week_operator.py
[2026-05-15T22:24:31.959+0000] {processor.py:830} INFO - Processing file /home/airflow/.local/lib/python3.12/site-packages/airflow/example_dags/example_branch_day_of_week_operator.py for tasks to queue
[2026-05-15T22:24:31.960+0000] {logging_mixin.py:188} INFO - [2026-05-15T22:24:31.960+0000] {dagbag.py:545} INFO - Filling up the DagBag from /home/airflow/.local/lib/python3.12/site-packages/airflow/example_dags/example_branch_day_of_week_operator.py
[2026-05-15T22:24:31.963+0000] {processor.py:840} INFO - DAG(s) 'example_weekday_branch_operator' retrieved from /home/airflow/.local/lib/python3.12/site-packages/airflow/example_dags/example_branch_day_of_week_operator.py
[2026-05-15T22:24:31.970+0000] {logging_mixin.py:188} INFO - [2026-05-15T22:24:31.970+0000] {dag.py:3089} INFO - Sync 1 DAGs
[2026-05-15T22:24:31.976+0000] {logging_mixin.py:188} INFO - [2026-05-15T22:24:31.976+0000] {dag.py:3947} INFO - Setting next_dagrun for example_weekday_branch_operator to 2026-05-14 00:00:00+00:00, run_after=2026-05-15 00:00:00+00:00
[2026-05-15T22:24:31.981+0000] {processor.py:183} INFO - Processing /home/airflow/.local/lib/python3.12/site-packages/airflow/example_dags/example_branch_day_of_week_operator.py took 0.024 seconds
[2026-05-15T23:22:10.843+0000] {processor.py:161} INFO - Started process (PID=456) to work on /home/airflow/.local/lib/python3.12/site-packages/airflow/example_dags/example_branch_day_of_week_operator.py
[2026-05-15T23:22:10.843+0000] {processor.py:830} INFO - Processing file /home/airflow/.local/lib/python3.12/site-packages/airflow/example_dags/example_branch_day_of_week_operator.py for tasks to queue
[2026-05-15T23:22:10.844+0000] {logging_mixin.py:188} INFO - [2026-05-15T23:22:10.844+0000] {dagbag.py:545} INFO - Filling up the DagBag from /home/airflow/.local/lib/python3.12/site-packages/airflow/example_dags/example_branch_day_of_week_operator.py
[2026-05-15T23:22:10.847+0000] {processor.py:840} INFO - DAG(s) 'example_weekday_branch_operator' retrieved from /home/airflow/.local/lib/python3.12/site-packages/airflow/example_dags/example_branch_day_of_week_operator.py
[2026-05-15T23:22:10.852+0000] {logging_mixin.py:188} INFO - [2026-05-15T23:22:10.852+0000] {dag.py:3089} INFO - Sync 1 DAGs
[2026-05-15T23:22:10.859+0000] {logging_mixin.py:188} INFO - [2026-05-15T23:22:10.859+0000] {dag.py:3947} INFO - Setting next_dagrun for example_weekday_branch_operator to 2026-05-14 00:00:00+00:00, run_after=2026-05-15 00:00:00+00:00
[2026-05-15T23:22:10.863+0000] {processor.py:183} INFO - Processing /home/airflow/.local/lib/python3.12/site-packages/airflow/example_dags/example_branch_day_of_week_operator.py took 0.022 seconds
[2026-05-15T23:22:42.875+0000] {processor.py:161} INFO - Started process (PID=508) to work on /home/airflow/.local/lib/python3.12/site-packages/airflow/example_dags/example_branch_day_of_week_operator.py
[2026-05-15T23:22:42.875+0000] {processor.py:830} INFO - Processing file /home/airflow/.local/lib/python3.12/site-packages/airflow/example_dags/example_branch_day_of_week_operator.py for tasks to queue
[2026-05-15T23:22:42.876+0000] {logging_mixin.py:188} INFO - [2026-05-15T23:22:42.876+0000] {dagbag.py:545} INFO - Filling up the DagBag from /home/airflow/.local/lib/python3.12/site-packages/airflow/example_dags/example_branch_day_of_week_operator.py
[2026-05-15T23:22:42.880+0000] {processor.py:840} INFO - DAG(s) 'example_weekday_branch_operator' retrieved from /home/airflow/.local/lib/python3.12/site-packages/airflow/example_dags/example_branch_day_of_week_operator.py
[2026-05-15T23:22:42.890+0000] {logging_mixin.py:188} INFO - [2026-05-15T23:22:42.890+0000] {dag.py:3089} INFO - Sync 1 DAGs
[2026-05-15T23:22:42.901+0000] {logging_mixin.py:188} INFO - [2026-05-15T23:22:42.901+0000] {dag.py:3947} INFO - Setting next_dagrun for example_weekday_branch_operator to 2026-05-14 00:00:00+00:00, run_after=2026-05-15 00:00:00+00:00
[2026-05-15T23:22:42.907+0000] {processor.py:183} INFO - Processing /home/airflow/.local/lib/python3.12/site-packages/airflow/example_dags/example_branch_day_of_week_operator.py took 0.035 seconds
[2026-05-15T23:23:13.058+0000] {processor.py:161} INFO - Started process (PID=565) to work on /home/airflow/.local/lib/python3.12/site-packages/airflow/example_dags/example_branch_day_of_week_operator.py
[2026-05-15T23:23:13.058+0000] {processor.py:830} INFO - Processing file /home/airflow/.local/lib/python3.12/site-packages/airflow/example_dags/example_branch_day_of_week_operator.py for tasks to queue
[2026-05-15T23:23:13.059+0000] {logging_mixin.py:188} INFO - [2026-05-15T23:23:13.059+0000] {dagbag.py:545} INFO - Filling up the DagBag from /home/airflow/.local/lib/python3.12/site-packages/airflow/example_dags/example_branch_day_of_week_operator.py
[2026-05-15T23:23:13.062+0000] {processor.py:840} INFO - DAG(s) 'example_weekday_branch_operator' retrieved from /home/airflow/.local/lib/python3.12/site-packages/airflow/example_dags/example_branch_day_of_week_operator.py
[2026-05-15T23:23:13.069+0000] {logging_mixin.py:188} INFO - [2026-05-15T23:23:13.069+0000] {dag.py:3089} INFO - Sync 1 DAGs
[2026-05-15T23:23:13.077+0000] {logging_mixin.py:188} INFO - [2026-05-15T23:23:13.077+0000] {dag.py:3947} INFO - Setting next_dagrun for example_weekday_branch_operator to 2026-05-14 00:00:00+00:00, run_after=2026-05-15 00:00:00+00:00
[2026-05-15T23:23:13.083+0000] {processor.py:183} INFO - Processing /home/airflow/.local/lib/python3.12/site-packages/airflow/example_dags/example_branch_day_of_week_operator.py took 0.027 seconds
[2026-05-15T23:24:01.883+0000] {processor.py:161} INFO - Started process (PID=623) to work on /home/airflow/.local/lib/python3.12/site-packages/airflow/example_dags/example_branch_day_of_week_operator.py
[2026-05-15T23:24:01.883+0000] {processor.py:830} INFO - Processing file /home/airflow/.local/lib/python3.12/site-packages/airflow/example_dags/example_branch_day_of_week_operator.py for tasks to queue
[2026-05-15T23:24:01.884+0000] {logging_mixin.py:188} INFO - [2026-05-15T23:24:01.884+0000] {dagbag.py:545} INFO - Filling up the DagBag from /home/airflow/.local/lib/python3.12/site-packages/airflow/example_dags/example_branch_day_of_week_operator.py
[2026-05-15T23:24:01.887+0000] {processor.py:840} INFO - DAG(s) 'example_weekday_branch_operator' retrieved from /home/airflow/.local/lib/python3.12/site-packages/airflow/example_dags/example_branch_day_of_week_operator.py
[2026-05-15T23:24:01.894+0000] {logging_mixin.py:188} INFO - [2026-05-15T23:24:01.894+0000] {dag.py:3089} INFO - Sync 1 DAGs
[2026-05-15T23:24:01.900+0000] {logging_mixin.py:188} INFO - [2026-05-15T23:24:01.900+0000] {dag.py:3947} INFO - Setting next_dagrun for example_weekday_branch_operator to 2026-05-14 00:00:00+00:00, run_after=2026-05-15 00:00:00+00:00
[2026-05-15T23:24:01.905+0000] {processor.py:183} INFO - Processing /home/airflow/.local/lib/python3.12/site-packages/airflow/example_dags/example_branch_day_of_week_operator.py took 0.024 seconds
[2026-05-15T23:41:54.308+0000] {processor.py:161} INFO - Started process (PID=675) to work on /home/airflow/.local/lib/python3.12/site-packages/airflow/example_dags/example_branch_day_of_week_operator.py
[2026-05-15T23:41:54.308+0000] {processor.py:830} INFO - Processing file /home/airflow/.local/lib/python3.12/site-packages/airflow/example_dags/example_branch_day_of_week_operator.py for tasks to queue
[2026-05-15T23:41:54.309+0000] {logging_mixin.py:188} INFO - [2026-05-15T23:41:54.309+0000] {dagbag.py:545} INFO - Filling up the DagBag from /home/airflow/.local/lib/python3.12/site-packages/airflow/example_dags/example_branch_day_of_week_operator.py
[2026-05-15T23:41:54.311+0000] {processor.py:840} INFO - DAG(s) 'example_weekday_branch_operator' retrieved from /home/airflow/.local/lib/python3.12/site-packages/airflow/example_dags/example_branch_day_of_week_operator.py
[2026-05-15T23:41:54.318+0000] {logging_mixin.py:188} INFO - [2026-05-15T23:41:54.318+0000] {dag.py:3089} INFO - Sync 1 DAGs
[2026-05-15T23:41:54.324+0000] {logging_mixin.py:188} INFO - [2026-05-15T23:41:54.324+0000] {dag.py:3947} INFO - Setting next_dagrun for example_weekday_branch_operator to 2026-05-14 00:00:00+00:00, run_after=2026-05-15 00:00:00+00:00
[2026-05-15T23:41:54.329+0000] {processor.py:183} INFO - Processing /home/airflow/.local/lib/python3.12/site-packages/airflow/example_dags/example_branch_day_of_week_operator.py took 0.023 seconds
