[2026-05-15T22:20:25.830+0000] {processor.py:161} INFO - Started process (PID=87) to work on /home/airflow/.local/lib/python3.12/site-packages/airflow/example_dags/example_branch_datetime_operator.py
[2026-05-15T22:20:25.830+0000] {processor.py:830} INFO - Processing file /home/airflow/.local/lib/python3.12/site-packages/airflow/example_dags/example_branch_datetime_operator.py for tasks to queue
[2026-05-15T22:20:25.831+0000] {logging_mixin.py:188} INFO - [2026-05-15T22:20:25.831+0000] {dagbag.py:545} INFO - Filling up the DagBag from /home/airflow/.local/lib/python3.12/site-packages/airflow/example_dags/example_branch_datetime_operator.py
[2026-05-15T22:20:25.848+0000] {processor.py:840} INFO - DAG(s) 'example_branch_datetime_operator_2', 'example_branch_datetime_operator_3', 'example_branch_datetime_operator' retrieved from /home/airflow/.local/lib/python3.12/site-packages/airflow/example_dags/example_branch_datetime_operator.py
[2026-05-15T22:20:25.875+0000] {logging_mixin.py:188} INFO - [2026-05-15T22:20:25.875+0000] {dag.py:3089} INFO - Sync 3 DAGs
[2026-05-15T22:20:25.917+0000] {logging_mixin.py:188} INFO - [2026-05-15T22:20:25.913+0000] {dag.py:3947} INFO - Setting next_dagrun for example_branch_datetime_operator to 2026-05-14 00:00:00+00:00, run_after=2026-05-15 00:00:00+00:00
[2026-05-15T22:20:25.921+0000] {logging_mixin.py:188} INFO - [2026-05-15T22:20:25.921+0000] {dag.py:3947} INFO - Setting next_dagrun for example_branch_datetime_operator_2 to 2026-05-14 00:00:00+00:00, run_after=2026-05-15 00:00:00+00:00
[2026-05-15T22:20:25.924+0000] {logging_mixin.py:188} INFO - [2026-05-15T22:20:25.924+0000] {dag.py:3947} INFO - Setting next_dagrun for example_branch_datetime_operator_3 to 2026-05-14 00:00:00+00:00, run_after=2026-05-15 00:00:00+00:00
[2026-05-15T22:20:25.950+0000] {processor.py:183} INFO - Processing /home/airflow/.local/lib/python3.12/site-packages/airflow/example_dags/example_branch_datetime_operator.py took 0.131 seconds
[2026-05-15T22:20:56.093+0000] {processor.py:161} INFO - Started process (PID=145) to work on /home/airflow/.local/lib/python3.12/site-packages/airflow/example_dags/example_branch_datetime_operator.py
[2026-05-15T22:20:56.093+0000] {processor.py:830} INFO - Processing file /home/airflow/.local/lib/python3.12/site-packages/airflow/example_dags/example_branch_datetime_operator.py for tasks to queue
[2026-05-15T22:20:56.094+0000] {logging_mixin.py:188} INFO - [2026-05-15T22:20:56.093+0000] {dagbag.py:545} INFO - Filling up the DagBag from /home/airflow/.local/lib/python3.12/site-packages/airflow/example_dags/example_branch_datetime_operator.py
[2026-05-15T22:20:56.097+0000] {processor.py:840} INFO - DAG(s) 'example_branch_datetime_operator_3', 'example_branch_datetime_operator_2', 'example_branch_datetime_operator' retrieved from /home/airflow/.local/lib/python3.12/site-packages/airflow/example_dags/example_branch_datetime_operator.py
[2026-05-15T22:20:56.141+0000] {logging_mixin.py:188} INFO - [2026-05-15T22:20:56.141+0000] {dag.py:3089} INFO - Sync 3 DAGs
[2026-05-15T22:20:56.148+0000] {logging_mixin.py:188} INFO - [2026-05-15T22:20:56.147+0000] {dag.py:3947} INFO - Setting next_dagrun for example_branch_datetime_operator to 2026-05-14 00:00:00+00:00, run_after=2026-05-15 00:00:00+00:00
[2026-05-15T22:20:56.149+0000] {logging_mixin.py:188} INFO - [2026-05-15T22:20:56.149+0000] {dag.py:3947} INFO - Setting next_dagrun for example_branch_datetime_operator_2 to 2026-05-14 00:00:00+00:00, run_after=2026-05-15 00:00:00+00:00
[2026-05-15T22:20:56.149+0000] {logging_mixin.py:188} INFO - [2026-05-15T22:20:56.149+0000] {dag.py:3947} INFO - Setting next_dagrun for example_branch_datetime_operator_3 to 2026-05-14 00:00:00+00:00, run_after=2026-05-15 00:00:00+00:00
[2026-05-15T22:20:56.154+0000] {processor.py:183} INFO - Processing /home/airflow/.local/lib/python3.12/site-packages/airflow/example_dags/example_branch_datetime_operator.py took 0.063 seconds
[2026-05-15T22:21:26.809+0000] {processor.py:161} INFO - Started process (PID=203) to work on /home/airflow/.local/lib/python3.12/site-packages/airflow/example_dags/example_branch_datetime_operator.py
[2026-05-15T22:21:26.809+0000] {processor.py:830} INFO - Processing file /home/airflow/.local/lib/python3.12/site-packages/airflow/example_dags/example_branch_datetime_operator.py for tasks to queue
[2026-05-15T22:21:26.810+0000] {logging_mixin.py:188} INFO - [2026-05-15T22:21:26.810+0000] {dagbag.py:545} INFO - Filling up the DagBag from /home/airflow/.local/lib/python3.12/site-packages/airflow/example_dags/example_branch_datetime_operator.py
[2026-05-15T22:21:26.813+0000] {processor.py:840} INFO - DAG(s) 'example_branch_datetime_operator', 'example_branch_datetime_operator_3', 'example_branch_datetime_operator_2' retrieved from /home/airflow/.local/lib/python3.12/site-packages/airflow/example_dags/example_branch_datetime_operator.py
[2026-05-15T22:21:26.821+0000] {logging_mixin.py:188} INFO - [2026-05-15T22:21:26.821+0000] {dag.py:3089} INFO - Sync 3 DAGs
[2026-05-15T22:21:26.828+0000] {logging_mixin.py:188} INFO - [2026-05-15T22:21:26.828+0000] {dag.py:3947} INFO - Setting next_dagrun for example_branch_datetime_operator to 2026-05-14 00:00:00+00:00, run_after=2026-05-15 00:00:00+00:00
[2026-05-15T22:21:26.829+0000] {logging_mixin.py:188} INFO - [2026-05-15T22:21:26.829+0000] {dag.py:3947} INFO - Setting next_dagrun for example_branch_datetime_operator_2 to 2026-05-14 00:00:00+00:00, run_after=2026-05-15 00:00:00+00:00
[2026-05-15T22:21:26.830+0000] {logging_mixin.py:188} INFO - [2026-05-15T22:21:26.830+0000] {dag.py:3947} INFO - Setting next_dagrun for example_branch_datetime_operator_3 to 2026-05-14 00:00:00+00:00, run_after=2026-05-15 00:00:00+00:00
[2026-05-15T22:21:26.834+0000] {processor.py:183} INFO - Processing /home/airflow/.local/lib/python3.12/site-packages/airflow/example_dags/example_branch_datetime_operator.py took 0.028 seconds
[2026-05-15T22:21:57.277+0000] {processor.py:161} INFO - Started process (PID=261) to work on /home/airflow/.local/lib/python3.12/site-packages/airflow/example_dags/example_branch_datetime_operator.py
[2026-05-15T22:21:57.278+0000] {processor.py:830} INFO - Processing file /home/airflow/.local/lib/python3.12/site-packages/airflow/example_dags/example_branch_datetime_operator.py for tasks to queue
[2026-05-15T22:21:57.278+0000] {logging_mixin.py:188} INFO - [2026-05-15T22:21:57.278+0000] {dagbag.py:545} INFO - Filling up the DagBag from /home/airflow/.local/lib/python3.12/site-packages/airflow/example_dags/example_branch_datetime_operator.py
[2026-05-15T22:21:57.282+0000] {processor.py:840} INFO - DAG(s) 'example_branch_datetime_operator_3', 'example_branch_datetime_operator_2', 'example_branch_datetime_operator' retrieved from /home/airflow/.local/lib/python3.12/site-packages/airflow/example_dags/example_branch_datetime_operator.py
[2026-05-15T22:21:57.291+0000] {logging_mixin.py:188} INFO - [2026-05-15T22:21:57.290+0000] {dag.py:3089} INFO - Sync 3 DAGs
[2026-05-15T22:21:57.297+0000] {logging_mixin.py:188} INFO - [2026-05-15T22:21:57.297+0000] {dag.py:3947} INFO - Setting next_dagrun for example_branch_datetime_operator to 2026-05-14 00:00:00+00:00, run_after=2026-05-15 00:00:00+00:00
[2026-05-15T22:21:57.299+0000] {logging_mixin.py:188} INFO - [2026-05-15T22:21:57.299+0000] {dag.py:3947} INFO - Setting next_dagrun for example_branch_datetime_operator_2 to 2026-05-14 00:00:00+00:00, run_after=2026-05-15 00:00:00+00:00
[2026-05-15T22:21:57.300+0000] {logging_mixin.py:188} INFO - [2026-05-15T22:21:57.300+0000] {dag.py:3947} INFO - Setting next_dagrun for example_branch_datetime_operator_3 to 2026-05-14 00:00:00+00:00, run_after=2026-05-15 00:00:00+00:00
[2026-05-15T22:21:57.304+0000] {processor.py:183} INFO - Processing /home/airflow/.local/lib/python3.12/site-packages/airflow/example_dags/example_branch_datetime_operator.py took 0.029 seconds
[2026-05-15T22:23:01.488+0000] {processor.py:161} INFO - Started process (PID=313) to work on /home/airflow/.local/lib/python3.12/site-packages/airflow/example_dags/example_branch_datetime_operator.py
[2026-05-15T22:23:01.488+0000] {processor.py:830} INFO - Processing file /home/airflow/.local/lib/python3.12/site-packages/airflow/example_dags/example_branch_datetime_operator.py for tasks to queue
[2026-05-15T22:23:01.489+0000] {logging_mixin.py:188} INFO - [2026-05-15T22:23:01.489+0000] {dagbag.py:545} INFO - Filling up the DagBag from /home/airflow/.local/lib/python3.12/site-packages/airflow/example_dags/example_branch_datetime_operator.py
[2026-05-15T22:23:01.493+0000] {processor.py:840} INFO - DAG(s) 'example_branch_datetime_operator', 'example_branch_datetime_operator_2', 'example_branch_datetime_operator_3' retrieved from /home/airflow/.local/lib/python3.12/site-packages/airflow/example_dags/example_branch_datetime_operator.py
[2026-05-15T22:23:01.504+0000] {logging_mixin.py:188} INFO - [2026-05-15T22:23:01.503+0000] {dag.py:3089} INFO - Sync 3 DAGs
[2026-05-15T22:23:01.512+0000] {logging_mixin.py:188} INFO - [2026-05-15T22:23:01.512+0000] {dag.py:3947} INFO - Setting next_dagrun for example_branch_datetime_operator to 2026-05-14 00:00:00+00:00, run_after=2026-05-15 00:00:00+00:00
[2026-05-15T22:23:01.514+0000] {logging_mixin.py:188} INFO - [2026-05-15T22:23:01.514+0000] {dag.py:3947} INFO - Setting next_dagrun for example_branch_datetime_operator_2 to 2026-05-14 00:00:00+00:00, run_after=2026-05-15 00:00:00+00:00
[2026-05-15T22:23:01.514+0000] {logging_mixin.py:188} INFO - [2026-05-15T22:23:01.514+0000] {dag.py:3947} INFO - Setting next_dagrun for example_branch_datetime_operator_3 to 2026-05-14 00:00:00+00:00, run_after=2026-05-15 00:00:00+00:00
[2026-05-15T22:23:01.520+0000] {processor.py:183} INFO - Processing /home/airflow/.local/lib/python3.12/site-packages/airflow/example_dags/example_branch_datetime_operator.py took 0.035 seconds
[2026-05-15T22:24:01.943+0000] {processor.py:161} INFO - Started process (PID=370) to work on /home/airflow/.local/lib/python3.12/site-packages/airflow/example_dags/example_branch_datetime_operator.py
[2026-05-15T22:24:01.945+0000] {processor.py:830} INFO - Processing file /home/airflow/.local/lib/python3.12/site-packages/airflow/example_dags/example_branch_datetime_operator.py for tasks to queue
[2026-05-15T22:24:01.947+0000] {logging_mixin.py:188} INFO - [2026-05-15T22:24:01.947+0000] {dagbag.py:545} INFO - Filling up the DagBag from /home/airflow/.local/lib/python3.12/site-packages/airflow/example_dags/example_branch_datetime_operator.py
[2026-05-15T22:24:01.950+0000] {processor.py:840} INFO - DAG(s) 'example_branch_datetime_operator_2', 'example_branch_datetime_operator', 'example_branch_datetime_operator_3' retrieved from /home/airflow/.local/lib/python3.12/site-packages/airflow/example_dags/example_branch_datetime_operator.py
[2026-05-15T22:24:01.959+0000] {logging_mixin.py:188} INFO - [2026-05-15T22:24:01.959+0000] {dag.py:3089} INFO - Sync 3 DAGs
[2026-05-15T22:24:01.967+0000] {logging_mixin.py:188} INFO - [2026-05-15T22:24:01.967+0000] {dag.py:3947} INFO - Setting next_dagrun for example_branch_datetime_operator to 2026-05-14 00:00:00+00:00, run_after=2026-05-15 00:00:00+00:00
[2026-05-15T22:24:01.969+0000] {logging_mixin.py:188} INFO - [2026-05-15T22:24:01.969+0000] {dag.py:3947} INFO - Setting next_dagrun for example_branch_datetime_operator_2 to 2026-05-14 00:00:00+00:00, run_after=2026-05-15 00:00:00+00:00
[2026-05-15T22:24:01.969+0000] {logging_mixin.py:188} INFO - [2026-05-15T22:24:01.969+0000] {dag.py:3947} INFO - Setting next_dagrun for example_branch_datetime_operator_3 to 2026-05-14 00:00:00+00:00, run_after=2026-05-15 00:00:00+00:00
[2026-05-15T22:24:01.974+0000] {processor.py:183} INFO - Processing /home/airflow/.local/lib/python3.12/site-packages/airflow/example_dags/example_branch_datetime_operator.py took 0.033 seconds
[2026-05-15T22:24:32.392+0000] {processor.py:161} INFO - Started process (PID=422) to work on /home/airflow/.local/lib/python3.12/site-packages/airflow/example_dags/example_branch_datetime_operator.py
[2026-05-15T22:24:32.392+0000] {processor.py:830} INFO - Processing file /home/airflow/.local/lib/python3.12/site-packages/airflow/example_dags/example_branch_datetime_operator.py for tasks to queue
[2026-05-15T22:24:32.392+0000] {logging_mixin.py:188} INFO - [2026-05-15T22:24:32.392+0000] {dagbag.py:545} INFO - Filling up the DagBag from /home/airflow/.local/lib/python3.12/site-packages/airflow/example_dags/example_branch_datetime_operator.py
[2026-05-15T22:24:32.396+0000] {processor.py:840} INFO - DAG(s) 'example_branch_datetime_operator_2', 'example_branch_datetime_operator', 'example_branch_datetime_operator_3' retrieved from /home/airflow/.local/lib/python3.12/site-packages/airflow/example_dags/example_branch_datetime_operator.py
[2026-05-15T22:24:32.405+0000] {logging_mixin.py:188} INFO - [2026-05-15T22:24:32.405+0000] {dag.py:3089} INFO - Sync 3 DAGs
[2026-05-15T22:24:32.412+0000] {logging_mixin.py:188} INFO - [2026-05-15T22:24:32.412+0000] {dag.py:3947} INFO - Setting next_dagrun for example_branch_datetime_operator to 2026-05-14 00:00:00+00:00, run_after=2026-05-15 00:00:00+00:00
[2026-05-15T22:24:32.413+0000] {logging_mixin.py:188} INFO - [2026-05-15T22:24:32.413+0000] {dag.py:3947} INFO - Setting next_dagrun for example_branch_datetime_operator_2 to 2026-05-14 00:00:00+00:00, run_after=2026-05-15 00:00:00+00:00
[2026-05-15T22:24:32.414+0000] {logging_mixin.py:188} INFO - [2026-05-15T22:24:32.414+0000] {dag.py:3947} INFO - Setting next_dagrun for example_branch_datetime_operator_3 to 2026-05-14 00:00:00+00:00, run_after=2026-05-15 00:00:00+00:00
[2026-05-15T22:24:32.417+0000] {processor.py:183} INFO - Processing /home/airflow/.local/lib/python3.12/site-packages/airflow/example_dags/example_branch_datetime_operator.py took 0.028 seconds
[2026-05-15T23:22:11.409+0000] {processor.py:161} INFO - Started process (PID=479) to work on /home/airflow/.local/lib/python3.12/site-packages/airflow/example_dags/example_branch_datetime_operator.py
[2026-05-15T23:22:11.409+0000] {processor.py:830} INFO - Processing file /home/airflow/.local/lib/python3.12/site-packages/airflow/example_dags/example_branch_datetime_operator.py for tasks to queue
[2026-05-15T23:22:11.410+0000] {logging_mixin.py:188} INFO - [2026-05-15T23:22:11.410+0000] {dagbag.py:545} INFO - Filling up the DagBag from /home/airflow/.local/lib/python3.12/site-packages/airflow/example_dags/example_branch_datetime_operator.py
[2026-05-15T23:22:11.413+0000] {processor.py:840} INFO - DAG(s) 'example_branch_datetime_operator_2', 'example_branch_datetime_operator_3', 'example_branch_datetime_operator' retrieved from /home/airflow/.local/lib/python3.12/site-packages/airflow/example_dags/example_branch_datetime_operator.py
[2026-05-15T23:22:11.422+0000] {logging_mixin.py:188} INFO - [2026-05-15T23:22:11.422+0000] {dag.py:3089} INFO - Sync 3 DAGs
[2026-05-15T23:22:11.428+0000] {logging_mixin.py:188} INFO - [2026-05-15T23:22:11.428+0000] {dag.py:3947} INFO - Setting next_dagrun for example_branch_datetime_operator to 2026-05-14 00:00:00+00:00, run_after=2026-05-15 00:00:00+00:00
[2026-05-15T23:22:11.430+0000] {logging_mixin.py:188} INFO - [2026-05-15T23:22:11.430+0000] {dag.py:3947} INFO - Setting next_dagrun for example_branch_datetime_operator_2 to 2026-05-14 00:00:00+00:00, run_after=2026-05-15 00:00:00+00:00
[2026-05-15T23:22:11.431+0000] {logging_mixin.py:188} INFO - [2026-05-15T23:22:11.431+0000] {dag.py:3947} INFO - Setting next_dagrun for example_branch_datetime_operator_3 to 2026-05-14 00:00:00+00:00, run_after=2026-05-15 00:00:00+00:00
[2026-05-15T23:22:11.435+0000] {processor.py:183} INFO - Processing /home/airflow/.local/lib/python3.12/site-packages/airflow/example_dags/example_branch_datetime_operator.py took 0.028 seconds
[2026-05-15T23:22:43.619+0000] {processor.py:161} INFO - Started process (PID=531) to work on /home/airflow/.local/lib/python3.12/site-packages/airflow/example_dags/example_branch_datetime_operator.py
[2026-05-15T23:22:43.619+0000] {processor.py:830} INFO - Processing file /home/airflow/.local/lib/python3.12/site-packages/airflow/example_dags/example_branch_datetime_operator.py for tasks to queue
[2026-05-15T23:22:43.620+0000] {logging_mixin.py:188} INFO - [2026-05-15T23:22:43.620+0000] {dagbag.py:545} INFO - Filling up the DagBag from /home/airflow/.local/lib/python3.12/site-packages/airflow/example_dags/example_branch_datetime_operator.py
[2026-05-15T23:22:43.626+0000] {processor.py:840} INFO - DAG(s) 'example_branch_datetime_operator_3', 'example_branch_datetime_operator_2', 'example_branch_datetime_operator' retrieved from /home/airflow/.local/lib/python3.12/site-packages/airflow/example_dags/example_branch_datetime_operator.py
[2026-05-15T23:22:43.639+0000] {logging_mixin.py:188} INFO - [2026-05-15T23:22:43.639+0000] {dag.py:3089} INFO - Sync 3 DAGs
[2026-05-15T23:22:43.651+0000] {logging_mixin.py:188} INFO - [2026-05-15T23:22:43.651+0000] {dag.py:3947} INFO - Setting next_dagrun for example_branch_datetime_operator to 2026-05-14 00:00:00+00:00, run_after=2026-05-15 00:00:00+00:00
[2026-05-15T23:22:43.654+0000] {logging_mixin.py:188} INFO - [2026-05-15T23:22:43.654+0000] {dag.py:3947} INFO - Setting next_dagrun for example_branch_datetime_operator_2 to 2026-05-14 00:00:00+00:00, run_after=2026-05-15 00:00:00+00:00
[2026-05-15T23:22:43.655+0000] {logging_mixin.py:188} INFO - [2026-05-15T23:22:43.655+0000] {dag.py:3947} INFO - Setting next_dagrun for example_branch_datetime_operator_3 to 2026-05-14 00:00:00+00:00, run_after=2026-05-15 00:00:00+00:00
[2026-05-15T23:22:43.662+0000] {processor.py:183} INFO - Processing /home/airflow/.local/lib/python3.12/site-packages/airflow/example_dags/example_branch_datetime_operator.py took 0.046 seconds
[2026-05-15T23:23:14.564+0000] {processor.py:161} INFO - Started process (PID=588) to work on /home/airflow/.local/lib/python3.12/site-packages/airflow/example_dags/example_branch_datetime_operator.py
[2026-05-15T23:23:14.565+0000] {processor.py:830} INFO - Processing file /home/airflow/.local/lib/python3.12/site-packages/airflow/example_dags/example_branch_datetime_operator.py for tasks to queue
[2026-05-15T23:23:14.565+0000] {logging_mixin.py:188} INFO - [2026-05-15T23:23:14.565+0000] {dagbag.py:545} INFO - Filling up the DagBag from /home/airflow/.local/lib/python3.12/site-packages/airflow/example_dags/example_branch_datetime_operator.py
[2026-05-15T23:23:14.569+0000] {processor.py:840} INFO - DAG(s) 'example_branch_datetime_operator_2', 'example_branch_datetime_operator_3', 'example_branch_datetime_operator' retrieved from /home/airflow/.local/lib/python3.12/site-packages/airflow/example_dags/example_branch_datetime_operator.py
[2026-05-15T23:23:14.577+0000] {logging_mixin.py:188} INFO - [2026-05-15T23:23:14.577+0000] {dag.py:3089} INFO - Sync 3 DAGs
[2026-05-15T23:23:14.584+0000] {logging_mixin.py:188} INFO - [2026-05-15T23:23:14.584+0000] {dag.py:3947} INFO - Setting next_dagrun for example_branch_datetime_operator to 2026-05-14 00:00:00+00:00, run_after=2026-05-15 00:00:00+00:00
[2026-05-15T23:23:14.585+0000] {logging_mixin.py:188} INFO - [2026-05-15T23:23:14.585+0000] {dag.py:3947} INFO - Setting next_dagrun for example_branch_datetime_operator_2 to 2026-05-14 00:00:00+00:00, run_after=2026-05-15 00:00:00+00:00
[2026-05-15T23:23:14.586+0000] {logging_mixin.py:188} INFO - [2026-05-15T23:23:14.586+0000] {dag.py:3947} INFO - Setting next_dagrun for example_branch_datetime_operator_3 to 2026-05-14 00:00:00+00:00, run_after=2026-05-15 00:00:00+00:00
[2026-05-15T23:23:14.590+0000] {processor.py:183} INFO - Processing /home/airflow/.local/lib/python3.12/site-packages/airflow/example_dags/example_branch_datetime_operator.py took 0.028 seconds
[2026-05-15T23:24:02.338+0000] {processor.py:161} INFO - Started process (PID=646) to work on /home/airflow/.local/lib/python3.12/site-packages/airflow/example_dags/example_branch_datetime_operator.py
[2026-05-15T23:24:02.338+0000] {processor.py:830} INFO - Processing file /home/airflow/.local/lib/python3.12/site-packages/airflow/example_dags/example_branch_datetime_operator.py for tasks to queue
[2026-05-15T23:24:02.339+0000] {logging_mixin.py:188} INFO - [2026-05-15T23:24:02.339+0000] {dagbag.py:545} INFO - Filling up the DagBag from /home/airflow/.local/lib/python3.12/site-packages/airflow/example_dags/example_branch_datetime_operator.py
[2026-05-15T23:24:02.342+0000] {processor.py:840} INFO - DAG(s) 'example_branch_datetime_operator_3', 'example_branch_datetime_operator', 'example_branch_datetime_operator_2' retrieved from /home/airflow/.local/lib/python3.12/site-packages/airflow/example_dags/example_branch_datetime_operator.py
[2026-05-15T23:24:02.353+0000] {logging_mixin.py:188} INFO - [2026-05-15T23:24:02.353+0000] {dag.py:3089} INFO - Sync 3 DAGs
[2026-05-15T23:24:02.360+0000] {logging_mixin.py:188} INFO - [2026-05-15T23:24:02.360+0000] {dag.py:3947} INFO - Setting next_dagrun for example_branch_datetime_operator to 2026-05-14 00:00:00+00:00, run_after=2026-05-15 00:00:00+00:00
[2026-05-15T23:24:02.362+0000] {logging_mixin.py:188} INFO - [2026-05-15T23:24:02.362+0000] {dag.py:3947} INFO - Setting next_dagrun for example_branch_datetime_operator_2 to 2026-05-14 00:00:00+00:00, run_after=2026-05-15 00:00:00+00:00
[2026-05-15T23:24:02.362+0000] {logging_mixin.py:188} INFO - [2026-05-15T23:24:02.362+0000] {dag.py:3947} INFO - Setting next_dagrun for example_branch_datetime_operator_3 to 2026-05-14 00:00:00+00:00, run_after=2026-05-15 00:00:00+00:00
[2026-05-15T23:24:02.366+0000] {processor.py:183} INFO - Processing /home/airflow/.local/lib/python3.12/site-packages/airflow/example_dags/example_branch_datetime_operator.py took 0.031 seconds
[2026-05-15T23:41:54.897+0000] {processor.py:161} INFO - Started process (PID=698) to work on /home/airflow/.local/lib/python3.12/site-packages/airflow/example_dags/example_branch_datetime_operator.py
[2026-05-15T23:41:54.898+0000] {processor.py:830} INFO - Processing file /home/airflow/.local/lib/python3.12/site-packages/airflow/example_dags/example_branch_datetime_operator.py for tasks to queue
[2026-05-15T23:41:54.899+0000] {logging_mixin.py:188} INFO - [2026-05-15T23:41:54.898+0000] {dagbag.py:545} INFO - Filling up the DagBag from /home/airflow/.local/lib/python3.12/site-packages/airflow/example_dags/example_branch_datetime_operator.py
[2026-05-15T23:41:54.902+0000] {processor.py:840} INFO - DAG(s) 'example_branch_datetime_operator_3', 'example_branch_datetime_operator', 'example_branch_datetime_operator_2' retrieved from /home/airflow/.local/lib/python3.12/site-packages/airflow/example_dags/example_branch_datetime_operator.py
[2026-05-15T23:41:54.912+0000] {logging_mixin.py:188} INFO - [2026-05-15T23:41:54.912+0000] {dag.py:3089} INFO - Sync 3 DAGs
[2026-05-15T23:41:54.919+0000] {logging_mixin.py:188} INFO - [2026-05-15T23:41:54.919+0000] {dag.py:3947} INFO - Setting next_dagrun for example_branch_datetime_operator to 2026-05-14 00:00:00+00:00, run_after=2026-05-15 00:00:00+00:00
[2026-05-15T23:41:54.921+0000] {logging_mixin.py:188} INFO - [2026-05-15T23:41:54.921+0000] {dag.py:3947} INFO - Setting next_dagrun for example_branch_datetime_operator_2 to 2026-05-14 00:00:00+00:00, run_after=2026-05-15 00:00:00+00:00
[2026-05-15T23:41:54.922+0000] {logging_mixin.py:188} INFO - [2026-05-15T23:41:54.921+0000] {dag.py:3947} INFO - Setting next_dagrun for example_branch_datetime_operator_3 to 2026-05-14 00:00:00+00:00, run_after=2026-05-15 00:00:00+00:00
[2026-05-15T23:41:54.925+0000] {processor.py:183} INFO - Processing /home/airflow/.local/lib/python3.12/site-packages/airflow/example_dags/example_branch_datetime_operator.py took 0.030 seconds
