[2026-05-15T22:20:23.851+0000] {processor.py:161} INFO - Started process (PID=57) to work on /home/airflow/.local/lib/python3.12/site-packages/airflow/example_dags/example_external_task_marker_dag.py
[2026-05-15T22:20:23.853+0000] {processor.py:830} INFO - Processing file /home/airflow/.local/lib/python3.12/site-packages/airflow/example_dags/example_external_task_marker_dag.py for tasks to queue
[2026-05-15T22:20:23.854+0000] {logging_mixin.py:188} INFO - [2026-05-15T22:20:23.854+0000] {dagbag.py:545} INFO - Filling up the DagBag from /home/airflow/.local/lib/python3.12/site-packages/airflow/example_dags/example_external_task_marker_dag.py
[2026-05-15T22:20:23.864+0000] {processor.py:840} INFO - DAG(s) 'example_external_task_marker_child', 'example_external_task_marker_parent' retrieved from /home/airflow/.local/lib/python3.12/site-packages/airflow/example_dags/example_external_task_marker_dag.py
[2026-05-15T22:20:23.871+0000] {logging_mixin.py:188} INFO - [2026-05-15T22:20:23.870+0000] {dag.py:3089} INFO - Sync 2 DAGs
[2026-05-15T22:20:23.879+0000] {logging_mixin.py:188} INFO - [2026-05-15T22:20:23.879+0000] {dag.py:3947} INFO - Setting next_dagrun for example_external_task_marker_child to None, run_after=None
[2026-05-15T22:20:23.881+0000] {logging_mixin.py:188} INFO - [2026-05-15T22:20:23.881+0000] {dag.py:3947} INFO - Setting next_dagrun for example_external_task_marker_parent to None, run_after=None
[2026-05-15T22:20:23.894+0000] {processor.py:183} INFO - Processing /home/airflow/.local/lib/python3.12/site-packages/airflow/example_dags/example_external_task_marker_dag.py took 0.047 seconds
[2026-05-15T22:20:54.193+0000] {processor.py:161} INFO - Started process (PID=115) to work on /home/airflow/.local/lib/python3.12/site-packages/airflow/example_dags/example_external_task_marker_dag.py
[2026-05-15T22:20:54.193+0000] {processor.py:830} INFO - Processing file /home/airflow/.local/lib/python3.12/site-packages/airflow/example_dags/example_external_task_marker_dag.py for tasks to queue
[2026-05-15T22:20:54.194+0000] {logging_mixin.py:188} INFO - [2026-05-15T22:20:54.193+0000] {dagbag.py:545} INFO - Filling up the DagBag from /home/airflow/.local/lib/python3.12/site-packages/airflow/example_dags/example_external_task_marker_dag.py
[2026-05-15T22:20:54.196+0000] {processor.py:840} INFO - DAG(s) 'example_external_task_marker_parent', 'example_external_task_marker_child' retrieved from /home/airflow/.local/lib/python3.12/site-packages/airflow/example_dags/example_external_task_marker_dag.py
[2026-05-15T22:20:54.243+0000] {logging_mixin.py:188} INFO - [2026-05-15T22:20:54.243+0000] {dag.py:3089} INFO - Sync 2 DAGs
[2026-05-15T22:20:54.248+0000] {logging_mixin.py:188} INFO - [2026-05-15T22:20:54.247+0000] {dag.py:3947} INFO - Setting next_dagrun for example_external_task_marker_child to None, run_after=None
[2026-05-15T22:20:54.248+0000] {logging_mixin.py:188} INFO - [2026-05-15T22:20:54.248+0000] {dag.py:3947} INFO - Setting next_dagrun for example_external_task_marker_parent to None, run_after=None
[2026-05-15T22:20:54.257+0000] {processor.py:183} INFO - Processing /home/airflow/.local/lib/python3.12/site-packages/airflow/example_dags/example_external_task_marker_dag.py took 0.067 seconds
[2026-05-15T22:21:25.148+0000] {processor.py:161} INFO - Started process (PID=179) to work on /home/airflow/.local/lib/python3.12/site-packages/airflow/example_dags/example_external_task_marker_dag.py
[2026-05-15T22:21:25.149+0000] {processor.py:830} INFO - Processing file /home/airflow/.local/lib/python3.12/site-packages/airflow/example_dags/example_external_task_marker_dag.py for tasks to queue
[2026-05-15T22:21:25.150+0000] {logging_mixin.py:188} INFO - [2026-05-15T22:21:25.150+0000] {dagbag.py:545} INFO - Filling up the DagBag from /home/airflow/.local/lib/python3.12/site-packages/airflow/example_dags/example_external_task_marker_dag.py
[2026-05-15T22:21:25.153+0000] {processor.py:840} INFO - DAG(s) 'example_external_task_marker_parent', 'example_external_task_marker_child' retrieved from /home/airflow/.local/lib/python3.12/site-packages/airflow/example_dags/example_external_task_marker_dag.py
[2026-05-15T22:21:25.163+0000] {logging_mixin.py:188} INFO - [2026-05-15T22:21:25.163+0000] {dag.py:3089} INFO - Sync 2 DAGs
[2026-05-15T22:21:25.168+0000] {logging_mixin.py:188} INFO - [2026-05-15T22:21:25.168+0000] {dag.py:3947} INFO - Setting next_dagrun for example_external_task_marker_child to None, run_after=None
[2026-05-15T22:21:25.169+0000] {logging_mixin.py:188} INFO - [2026-05-15T22:21:25.169+0000] {dag.py:3947} INFO - Setting next_dagrun for example_external_task_marker_parent to None, run_after=None
[2026-05-15T22:21:25.174+0000] {processor.py:183} INFO - Processing /home/airflow/.local/lib/python3.12/site-packages/airflow/example_dags/example_external_task_marker_dag.py took 0.028 seconds
[2026-05-15T22:21:55.698+0000] {processor.py:161} INFO - Started process (PID=237) to work on /home/airflow/.local/lib/python3.12/site-packages/airflow/example_dags/example_external_task_marker_dag.py
[2026-05-15T22:21:55.699+0000] {processor.py:830} INFO - Processing file /home/airflow/.local/lib/python3.12/site-packages/airflow/example_dags/example_external_task_marker_dag.py for tasks to queue
[2026-05-15T22:21:55.700+0000] {logging_mixin.py:188} INFO - [2026-05-15T22:21:55.699+0000] {dagbag.py:545} INFO - Filling up the DagBag from /home/airflow/.local/lib/python3.12/site-packages/airflow/example_dags/example_external_task_marker_dag.py
[2026-05-15T22:21:55.703+0000] {processor.py:840} INFO - DAG(s) 'example_external_task_marker_child', 'example_external_task_marker_parent' retrieved from /home/airflow/.local/lib/python3.12/site-packages/airflow/example_dags/example_external_task_marker_dag.py
[2026-05-15T22:21:55.713+0000] {logging_mixin.py:188} INFO - [2026-05-15T22:21:55.713+0000] {dag.py:3089} INFO - Sync 2 DAGs
[2026-05-15T22:21:55.718+0000] {logging_mixin.py:188} INFO - [2026-05-15T22:21:55.718+0000] {dag.py:3947} INFO - Setting next_dagrun for example_external_task_marker_child to None, run_after=None
[2026-05-15T22:21:55.719+0000] {logging_mixin.py:188} INFO - [2026-05-15T22:21:55.719+0000] {dag.py:3947} INFO - Setting next_dagrun for example_external_task_marker_parent to None, run_after=None
[2026-05-15T22:21:55.724+0000] {processor.py:183} INFO - Processing /home/airflow/.local/lib/python3.12/site-packages/airflow/example_dags/example_external_task_marker_dag.py took 0.028 seconds
[2026-05-15T22:23:00.893+0000] {processor.py:161} INFO - Started process (PID=289) to work on /home/airflow/.local/lib/python3.12/site-packages/airflow/example_dags/example_external_task_marker_dag.py
[2026-05-15T22:23:00.894+0000] {processor.py:830} INFO - Processing file /home/airflow/.local/lib/python3.12/site-packages/airflow/example_dags/example_external_task_marker_dag.py for tasks to queue
[2026-05-15T22:23:00.894+0000] {logging_mixin.py:188} INFO - [2026-05-15T22:23:00.894+0000] {dagbag.py:545} INFO - Filling up the DagBag from /home/airflow/.local/lib/python3.12/site-packages/airflow/example_dags/example_external_task_marker_dag.py
[2026-05-15T22:23:00.897+0000] {processor.py:840} INFO - DAG(s) 'example_external_task_marker_child', 'example_external_task_marker_parent' retrieved from /home/airflow/.local/lib/python3.12/site-packages/airflow/example_dags/example_external_task_marker_dag.py
[2026-05-15T22:23:00.905+0000] {logging_mixin.py:188} INFO - [2026-05-15T22:23:00.905+0000] {dag.py:3089} INFO - Sync 2 DAGs
[2026-05-15T22:23:00.910+0000] {logging_mixin.py:188} INFO - [2026-05-15T22:23:00.910+0000] {dag.py:3947} INFO - Setting next_dagrun for example_external_task_marker_child to None, run_after=None
[2026-05-15T22:23:00.912+0000] {logging_mixin.py:188} INFO - [2026-05-15T22:23:00.911+0000] {dag.py:3947} INFO - Setting next_dagrun for example_external_task_marker_parent to None, run_after=None
[2026-05-15T22:23:00.917+0000] {processor.py:183} INFO - Processing /home/airflow/.local/lib/python3.12/site-packages/airflow/example_dags/example_external_task_marker_dag.py took 0.026 seconds
[2026-05-15T22:24:01.416+0000] {processor.py:161} INFO - Started process (PID=346) to work on /home/airflow/.local/lib/python3.12/site-packages/airflow/example_dags/example_external_task_marker_dag.py
[2026-05-15T22:24:01.416+0000] {processor.py:830} INFO - Processing file /home/airflow/.local/lib/python3.12/site-packages/airflow/example_dags/example_external_task_marker_dag.py for tasks to queue
[2026-05-15T22:24:01.416+0000] {logging_mixin.py:188} INFO - [2026-05-15T22:24:01.416+0000] {dagbag.py:545} INFO - Filling up the DagBag from /home/airflow/.local/lib/python3.12/site-packages/airflow/example_dags/example_external_task_marker_dag.py
[2026-05-15T22:24:01.419+0000] {processor.py:840} INFO - DAG(s) 'example_external_task_marker_child', 'example_external_task_marker_parent' retrieved from /home/airflow/.local/lib/python3.12/site-packages/airflow/example_dags/example_external_task_marker_dag.py
[2026-05-15T22:24:01.426+0000] {logging_mixin.py:188} INFO - [2026-05-15T22:24:01.426+0000] {dag.py:3089} INFO - Sync 2 DAGs
[2026-05-15T22:24:01.430+0000] {logging_mixin.py:188} INFO - [2026-05-15T22:24:01.430+0000] {dag.py:3947} INFO - Setting next_dagrun for example_external_task_marker_child to None, run_after=None
[2026-05-15T22:24:01.431+0000] {logging_mixin.py:188} INFO - [2026-05-15T22:24:01.431+0000] {dag.py:3947} INFO - Setting next_dagrun for example_external_task_marker_parent to None, run_after=None
[2026-05-15T22:24:01.436+0000] {processor.py:183} INFO - Processing /home/airflow/.local/lib/python3.12/site-packages/airflow/example_dags/example_external_task_marker_dag.py took 0.022 seconds
[2026-05-15T22:24:31.931+0000] {processor.py:161} INFO - Started process (PID=398) to work on /home/airflow/.local/lib/python3.12/site-packages/airflow/example_dags/example_external_task_marker_dag.py
[2026-05-15T22:24:31.931+0000] {processor.py:830} INFO - Processing file /home/airflow/.local/lib/python3.12/site-packages/airflow/example_dags/example_external_task_marker_dag.py for tasks to queue
[2026-05-15T22:24:31.932+0000] {logging_mixin.py:188} INFO - [2026-05-15T22:24:31.932+0000] {dagbag.py:545} INFO - Filling up the DagBag from /home/airflow/.local/lib/python3.12/site-packages/airflow/example_dags/example_external_task_marker_dag.py
[2026-05-15T22:24:31.934+0000] {processor.py:840} INFO - DAG(s) 'example_external_task_marker_child', 'example_external_task_marker_parent' retrieved from /home/airflow/.local/lib/python3.12/site-packages/airflow/example_dags/example_external_task_marker_dag.py
[2026-05-15T22:24:31.942+0000] {logging_mixin.py:188} INFO - [2026-05-15T22:24:31.942+0000] {dag.py:3089} INFO - Sync 2 DAGs
[2026-05-15T22:24:31.946+0000] {logging_mixin.py:188} INFO - [2026-05-15T22:24:31.946+0000] {dag.py:3947} INFO - Setting next_dagrun for example_external_task_marker_child to None, run_after=None
[2026-05-15T22:24:31.947+0000] {logging_mixin.py:188} INFO - [2026-05-15T22:24:31.947+0000] {dag.py:3947} INFO - Setting next_dagrun for example_external_task_marker_parent to None, run_after=None
[2026-05-15T22:24:31.951+0000] {processor.py:183} INFO - Processing /home/airflow/.local/lib/python3.12/site-packages/airflow/example_dags/example_external_task_marker_dag.py took 0.022 seconds
[2026-05-15T23:22:10.841+0000] {processor.py:161} INFO - Started process (PID=455) to work on /home/airflow/.local/lib/python3.12/site-packages/airflow/example_dags/example_external_task_marker_dag.py
[2026-05-15T23:22:10.842+0000] {processor.py:830} INFO - Processing file /home/airflow/.local/lib/python3.12/site-packages/airflow/example_dags/example_external_task_marker_dag.py for tasks to queue
[2026-05-15T23:22:10.842+0000] {logging_mixin.py:188} INFO - [2026-05-15T23:22:10.842+0000] {dagbag.py:545} INFO - Filling up the DagBag from /home/airflow/.local/lib/python3.12/site-packages/airflow/example_dags/example_external_task_marker_dag.py
[2026-05-15T23:22:10.845+0000] {processor.py:840} INFO - DAG(s) 'example_external_task_marker_parent', 'example_external_task_marker_child' retrieved from /home/airflow/.local/lib/python3.12/site-packages/airflow/example_dags/example_external_task_marker_dag.py
[2026-05-15T23:22:10.852+0000] {logging_mixin.py:188} INFO - [2026-05-15T23:22:10.852+0000] {dag.py:3089} INFO - Sync 2 DAGs
[2026-05-15T23:22:10.856+0000] {logging_mixin.py:188} INFO - [2026-05-15T23:22:10.856+0000] {dag.py:3947} INFO - Setting next_dagrun for example_external_task_marker_child to None, run_after=None
[2026-05-15T23:22:10.857+0000] {logging_mixin.py:188} INFO - [2026-05-15T23:22:10.857+0000] {dag.py:3947} INFO - Setting next_dagrun for example_external_task_marker_parent to None, run_after=None
[2026-05-15T23:22:10.861+0000] {processor.py:183} INFO - Processing /home/airflow/.local/lib/python3.12/site-packages/airflow/example_dags/example_external_task_marker_dag.py took 0.022 seconds
[2026-05-15T23:22:42.836+0000] {processor.py:161} INFO - Started process (PID=507) to work on /home/airflow/.local/lib/python3.12/site-packages/airflow/example_dags/example_external_task_marker_dag.py
[2026-05-15T23:22:42.836+0000] {processor.py:830} INFO - Processing file /home/airflow/.local/lib/python3.12/site-packages/airflow/example_dags/example_external_task_marker_dag.py for tasks to queue
[2026-05-15T23:22:42.837+0000] {logging_mixin.py:188} INFO - [2026-05-15T23:22:42.837+0000] {dagbag.py:545} INFO - Filling up the DagBag from /home/airflow/.local/lib/python3.12/site-packages/airflow/example_dags/example_external_task_marker_dag.py
[2026-05-15T23:22:42.840+0000] {processor.py:840} INFO - DAG(s) 'example_external_task_marker_child', 'example_external_task_marker_parent' retrieved from /home/airflow/.local/lib/python3.12/site-packages/airflow/example_dags/example_external_task_marker_dag.py
[2026-05-15T23:22:42.850+0000] {logging_mixin.py:188} INFO - [2026-05-15T23:22:42.850+0000] {dag.py:3089} INFO - Sync 2 DAGs
[2026-05-15T23:22:42.856+0000] {logging_mixin.py:188} INFO - [2026-05-15T23:22:42.856+0000] {dag.py:3947} INFO - Setting next_dagrun for example_external_task_marker_child to None, run_after=None
[2026-05-15T23:22:42.857+0000] {logging_mixin.py:188} INFO - [2026-05-15T23:22:42.857+0000] {dag.py:3947} INFO - Setting next_dagrun for example_external_task_marker_parent to None, run_after=None
[2026-05-15T23:22:42.863+0000] {processor.py:183} INFO - Processing /home/airflow/.local/lib/python3.12/site-packages/airflow/example_dags/example_external_task_marker_dag.py took 0.030 seconds
[2026-05-15T23:23:13.035+0000] {processor.py:161} INFO - Started process (PID=564) to work on /home/airflow/.local/lib/python3.12/site-packages/airflow/example_dags/example_external_task_marker_dag.py
[2026-05-15T23:23:13.035+0000] {processor.py:830} INFO - Processing file /home/airflow/.local/lib/python3.12/site-packages/airflow/example_dags/example_external_task_marker_dag.py for tasks to queue
[2026-05-15T23:23:13.036+0000] {logging_mixin.py:188} INFO - [2026-05-15T23:23:13.036+0000] {dagbag.py:545} INFO - Filling up the DagBag from /home/airflow/.local/lib/python3.12/site-packages/airflow/example_dags/example_external_task_marker_dag.py
[2026-05-15T23:23:13.038+0000] {processor.py:840} INFO - DAG(s) 'example_external_task_marker_parent', 'example_external_task_marker_child' retrieved from /home/airflow/.local/lib/python3.12/site-packages/airflow/example_dags/example_external_task_marker_dag.py
[2026-05-15T23:23:13.045+0000] {logging_mixin.py:188} INFO - [2026-05-15T23:23:13.045+0000] {dag.py:3089} INFO - Sync 2 DAGs
[2026-05-15T23:23:13.050+0000] {logging_mixin.py:188} INFO - [2026-05-15T23:23:13.050+0000] {dag.py:3947} INFO - Setting next_dagrun for example_external_task_marker_child to None, run_after=None
[2026-05-15T23:23:13.051+0000] {logging_mixin.py:188} INFO - [2026-05-15T23:23:13.051+0000] {dag.py:3947} INFO - Setting next_dagrun for example_external_task_marker_parent to None, run_after=None
[2026-05-15T23:23:13.054+0000] {processor.py:183} INFO - Processing /home/airflow/.local/lib/python3.12/site-packages/airflow/example_dags/example_external_task_marker_dag.py took 0.022 seconds
[2026-05-15T23:24:01.853+0000] {processor.py:161} INFO - Started process (PID=622) to work on /home/airflow/.local/lib/python3.12/site-packages/airflow/example_dags/example_external_task_marker_dag.py
[2026-05-15T23:24:01.853+0000] {processor.py:830} INFO - Processing file /home/airflow/.local/lib/python3.12/site-packages/airflow/example_dags/example_external_task_marker_dag.py for tasks to queue
[2026-05-15T23:24:01.854+0000] {logging_mixin.py:188} INFO - [2026-05-15T23:24:01.854+0000] {dagbag.py:545} INFO - Filling up the DagBag from /home/airflow/.local/lib/python3.12/site-packages/airflow/example_dags/example_external_task_marker_dag.py
[2026-05-15T23:24:01.859+0000] {processor.py:840} INFO - DAG(s) 'example_external_task_marker_parent', 'example_external_task_marker_child' retrieved from /home/airflow/.local/lib/python3.12/site-packages/airflow/example_dags/example_external_task_marker_dag.py
[2026-05-15T23:24:01.867+0000] {logging_mixin.py:188} INFO - [2026-05-15T23:24:01.867+0000] {dag.py:3089} INFO - Sync 2 DAGs
[2026-05-15T23:24:01.870+0000] {logging_mixin.py:188} INFO - [2026-05-15T23:24:01.870+0000] {dag.py:3947} INFO - Setting next_dagrun for example_external_task_marker_child to None, run_after=None
[2026-05-15T23:24:01.871+0000] {logging_mixin.py:188} INFO - [2026-05-15T23:24:01.871+0000] {dag.py:3947} INFO - Setting next_dagrun for example_external_task_marker_parent to None, run_after=None
[2026-05-15T23:24:01.876+0000] {processor.py:183} INFO - Processing /home/airflow/.local/lib/python3.12/site-packages/airflow/example_dags/example_external_task_marker_dag.py took 0.025 seconds
[2026-05-15T23:41:54.306+0000] {processor.py:161} INFO - Started process (PID=674) to work on /home/airflow/.local/lib/python3.12/site-packages/airflow/example_dags/example_external_task_marker_dag.py
[2026-05-15T23:41:54.307+0000] {processor.py:830} INFO - Processing file /home/airflow/.local/lib/python3.12/site-packages/airflow/example_dags/example_external_task_marker_dag.py for tasks to queue
[2026-05-15T23:41:54.307+0000] {logging_mixin.py:188} INFO - [2026-05-15T23:41:54.307+0000] {dagbag.py:545} INFO - Filling up the DagBag from /home/airflow/.local/lib/python3.12/site-packages/airflow/example_dags/example_external_task_marker_dag.py
[2026-05-15T23:41:54.310+0000] {processor.py:840} INFO - DAG(s) 'example_external_task_marker_child', 'example_external_task_marker_parent' retrieved from /home/airflow/.local/lib/python3.12/site-packages/airflow/example_dags/example_external_task_marker_dag.py
[2026-05-15T23:41:54.318+0000] {logging_mixin.py:188} INFO - [2026-05-15T23:41:54.318+0000] {dag.py:3089} INFO - Sync 2 DAGs
[2026-05-15T23:41:54.322+0000] {logging_mixin.py:188} INFO - [2026-05-15T23:41:54.322+0000] {dag.py:3947} INFO - Setting next_dagrun for example_external_task_marker_child to None, run_after=None
[2026-05-15T23:41:54.323+0000] {logging_mixin.py:188} INFO - [2026-05-15T23:41:54.323+0000] {dag.py:3947} INFO - Setting next_dagrun for example_external_task_marker_parent to None, run_after=None
[2026-05-15T23:41:54.327+0000] {processor.py:183} INFO - Processing /home/airflow/.local/lib/python3.12/site-packages/airflow/example_dags/example_external_task_marker_dag.py took 0.023 seconds
