[2026-05-15T22:20:23.423+0000] {processor.py:161} INFO - Started process (PID=50) to work on /home/airflow/.local/lib/python3.12/site-packages/airflow/example_dags/example_latest_only_with_trigger.py
[2026-05-15T22:20:23.423+0000] {processor.py:830} INFO - Processing file /home/airflow/.local/lib/python3.12/site-packages/airflow/example_dags/example_latest_only_with_trigger.py for tasks to queue
[2026-05-15T22:20:23.424+0000] {logging_mixin.py:188} INFO - [2026-05-15T22:20:23.424+0000] {dagbag.py:545} INFO - Filling up the DagBag from /home/airflow/.local/lib/python3.12/site-packages/airflow/example_dags/example_latest_only_with_trigger.py
[2026-05-15T22:20:23.429+0000] {processor.py:840} INFO - DAG(s) 'latest_only_with_trigger' retrieved from /home/airflow/.local/lib/python3.12/site-packages/airflow/example_dags/example_latest_only_with_trigger.py
[2026-05-15T22:20:23.437+0000] {logging_mixin.py:188} INFO - [2026-05-15T22:20:23.437+0000] {dag.py:3089} INFO - Sync 1 DAGs
[2026-05-15T22:20:23.456+0000] {logging_mixin.py:188} INFO - [2026-05-15T22:20:23.456+0000] {dag.py:3947} INFO - Setting next_dagrun for latest_only_with_trigger to 2026-05-15 16:00:00+00:00, run_after=2026-05-15 20:00:00+00:00
[2026-05-15T22:20:23.466+0000] {processor.py:183} INFO - Processing /home/airflow/.local/lib/python3.12/site-packages/airflow/example_dags/example_latest_only_with_trigger.py took 0.048 seconds
[2026-05-15T22:20:53.927+0000] {processor.py:161} INFO - Started process (PID=108) to work on /home/airflow/.local/lib/python3.12/site-packages/airflow/example_dags/example_latest_only_with_trigger.py
[2026-05-15T22:20:53.928+0000] {processor.py:830} INFO - Processing file /home/airflow/.local/lib/python3.12/site-packages/airflow/example_dags/example_latest_only_with_trigger.py for tasks to queue
[2026-05-15T22:20:53.928+0000] {logging_mixin.py:188} INFO - [2026-05-15T22:20:53.928+0000] {dagbag.py:545} INFO - Filling up the DagBag from /home/airflow/.local/lib/python3.12/site-packages/airflow/example_dags/example_latest_only_with_trigger.py
[2026-05-15T22:20:53.931+0000] {processor.py:840} INFO - DAG(s) 'latest_only_with_trigger' retrieved from /home/airflow/.local/lib/python3.12/site-packages/airflow/example_dags/example_latest_only_with_trigger.py
[2026-05-15T22:20:53.968+0000] {logging_mixin.py:188} INFO - [2026-05-15T22:20:53.968+0000] {dag.py:3089} INFO - Sync 1 DAGs
[2026-05-15T22:20:53.975+0000] {logging_mixin.py:188} INFO - [2026-05-15T22:20:53.975+0000] {dag.py:3947} INFO - Setting next_dagrun for latest_only_with_trigger to 2026-05-15 16:00:00+00:00, run_after=2026-05-15 20:00:00+00:00
[2026-05-15T22:20:53.982+0000] {processor.py:183} INFO - Processing /home/airflow/.local/lib/python3.12/site-packages/airflow/example_dags/example_latest_only_with_trigger.py took 0.058 seconds
[2026-05-15T22:21:24.976+0000] {processor.py:161} INFO - Started process (PID=172) to work on /home/airflow/.local/lib/python3.12/site-packages/airflow/example_dags/example_latest_only_with_trigger.py
[2026-05-15T22:21:24.976+0000] {processor.py:830} INFO - Processing file /home/airflow/.local/lib/python3.12/site-packages/airflow/example_dags/example_latest_only_with_trigger.py for tasks to queue
[2026-05-15T22:21:24.977+0000] {logging_mixin.py:188} INFO - [2026-05-15T22:21:24.977+0000] {dagbag.py:545} INFO - Filling up the DagBag from /home/airflow/.local/lib/python3.12/site-packages/airflow/example_dags/example_latest_only_with_trigger.py
[2026-05-15T22:21:24.981+0000] {processor.py:840} INFO - DAG(s) 'latest_only_with_trigger' retrieved from /home/airflow/.local/lib/python3.12/site-packages/airflow/example_dags/example_latest_only_with_trigger.py
[2026-05-15T22:21:24.991+0000] {logging_mixin.py:188} INFO - [2026-05-15T22:21:24.991+0000] {dag.py:3089} INFO - Sync 1 DAGs
[2026-05-15T22:21:25.005+0000] {logging_mixin.py:188} INFO - [2026-05-15T22:21:25.005+0000] {dag.py:3947} INFO - Setting next_dagrun for latest_only_with_trigger to 2026-05-15 16:00:00+00:00, run_after=2026-05-15 20:00:00+00:00
[2026-05-15T22:21:25.013+0000] {processor.py:183} INFO - Processing /home/airflow/.local/lib/python3.12/site-packages/airflow/example_dags/example_latest_only_with_trigger.py took 0.040 seconds
[2026-05-15T22:21:55.496+0000] {processor.py:161} INFO - Started process (PID=230) to work on /home/airflow/.local/lib/python3.12/site-packages/airflow/example_dags/example_latest_only_with_trigger.py
[2026-05-15T22:21:55.497+0000] {processor.py:830} INFO - Processing file /home/airflow/.local/lib/python3.12/site-packages/airflow/example_dags/example_latest_only_with_trigger.py for tasks to queue
[2026-05-15T22:21:55.498+0000] {logging_mixin.py:188} INFO - [2026-05-15T22:21:55.497+0000] {dagbag.py:545} INFO - Filling up the DagBag from /home/airflow/.local/lib/python3.12/site-packages/airflow/example_dags/example_latest_only_with_trigger.py
[2026-05-15T22:21:55.504+0000] {processor.py:840} INFO - DAG(s) 'latest_only_with_trigger' retrieved from /home/airflow/.local/lib/python3.12/site-packages/airflow/example_dags/example_latest_only_with_trigger.py
[2026-05-15T22:21:55.513+0000] {logging_mixin.py:188} INFO - [2026-05-15T22:21:55.513+0000] {dag.py:3089} INFO - Sync 1 DAGs
[2026-05-15T22:21:55.520+0000] {logging_mixin.py:188} INFO - [2026-05-15T22:21:55.520+0000] {dag.py:3947} INFO - Setting next_dagrun for latest_only_with_trigger to 2026-05-15 16:00:00+00:00, run_after=2026-05-15 20:00:00+00:00
[2026-05-15T22:21:55.526+0000] {processor.py:183} INFO - Processing /home/airflow/.local/lib/python3.12/site-packages/airflow/example_dags/example_latest_only_with_trigger.py took 0.032 seconds
[2026-05-15T22:23:00.750+0000] {processor.py:161} INFO - Started process (PID=282) to work on /home/airflow/.local/lib/python3.12/site-packages/airflow/example_dags/example_latest_only_with_trigger.py
[2026-05-15T22:23:00.751+0000] {processor.py:830} INFO - Processing file /home/airflow/.local/lib/python3.12/site-packages/airflow/example_dags/example_latest_only_with_trigger.py for tasks to queue
[2026-05-15T22:23:00.752+0000] {logging_mixin.py:188} INFO - [2026-05-15T22:23:00.751+0000] {dagbag.py:545} INFO - Filling up the DagBag from /home/airflow/.local/lib/python3.12/site-packages/airflow/example_dags/example_latest_only_with_trigger.py
[2026-05-15T22:23:00.754+0000] {processor.py:840} INFO - DAG(s) 'latest_only_with_trigger' retrieved from /home/airflow/.local/lib/python3.12/site-packages/airflow/example_dags/example_latest_only_with_trigger.py
[2026-05-15T22:23:00.764+0000] {logging_mixin.py:188} INFO - [2026-05-15T22:23:00.764+0000] {dag.py:3089} INFO - Sync 1 DAGs
[2026-05-15T22:23:00.774+0000] {logging_mixin.py:188} INFO - [2026-05-15T22:23:00.774+0000] {dag.py:3947} INFO - Setting next_dagrun for latest_only_with_trigger to 2026-05-15 16:00:00+00:00, run_after=2026-05-15 20:00:00+00:00
[2026-05-15T22:23:00.781+0000] {processor.py:183} INFO - Processing /home/airflow/.local/lib/python3.12/site-packages/airflow/example_dags/example_latest_only_with_trigger.py took 0.033 seconds
[2026-05-15T22:24:01.275+0000] {processor.py:161} INFO - Started process (PID=339) to work on /home/airflow/.local/lib/python3.12/site-packages/airflow/example_dags/example_latest_only_with_trigger.py
[2026-05-15T22:24:01.275+0000] {processor.py:830} INFO - Processing file /home/airflow/.local/lib/python3.12/site-packages/airflow/example_dags/example_latest_only_with_trigger.py for tasks to queue
[2026-05-15T22:24:01.276+0000] {logging_mixin.py:188} INFO - [2026-05-15T22:24:01.276+0000] {dagbag.py:545} INFO - Filling up the DagBag from /home/airflow/.local/lib/python3.12/site-packages/airflow/example_dags/example_latest_only_with_trigger.py
[2026-05-15T22:24:01.278+0000] {processor.py:840} INFO - DAG(s) 'latest_only_with_trigger' retrieved from /home/airflow/.local/lib/python3.12/site-packages/airflow/example_dags/example_latest_only_with_trigger.py
[2026-05-15T22:24:01.286+0000] {logging_mixin.py:188} INFO - [2026-05-15T22:24:01.286+0000] {dag.py:3089} INFO - Sync 1 DAGs
[2026-05-15T22:24:01.293+0000] {logging_mixin.py:188} INFO - [2026-05-15T22:24:01.293+0000] {dag.py:3947} INFO - Setting next_dagrun for latest_only_with_trigger to 2026-05-15 16:00:00+00:00, run_after=2026-05-15 20:00:00+00:00
[2026-05-15T22:24:01.297+0000] {processor.py:183} INFO - Processing /home/airflow/.local/lib/python3.12/site-packages/airflow/example_dags/example_latest_only_with_trigger.py took 0.024 seconds
[2026-05-15T22:24:31.812+0000] {processor.py:161} INFO - Started process (PID=391) to work on /home/airflow/.local/lib/python3.12/site-packages/airflow/example_dags/example_latest_only_with_trigger.py
[2026-05-15T22:24:31.812+0000] {processor.py:830} INFO - Processing file /home/airflow/.local/lib/python3.12/site-packages/airflow/example_dags/example_latest_only_with_trigger.py for tasks to queue
[2026-05-15T22:24:31.813+0000] {logging_mixin.py:188} INFO - [2026-05-15T22:24:31.813+0000] {dagbag.py:545} INFO - Filling up the DagBag from /home/airflow/.local/lib/python3.12/site-packages/airflow/example_dags/example_latest_only_with_trigger.py
[2026-05-15T22:24:31.815+0000] {processor.py:840} INFO - DAG(s) 'latest_only_with_trigger' retrieved from /home/airflow/.local/lib/python3.12/site-packages/airflow/example_dags/example_latest_only_with_trigger.py
[2026-05-15T22:24:31.826+0000] {logging_mixin.py:188} INFO - [2026-05-15T22:24:31.826+0000] {dag.py:3089} INFO - Sync 1 DAGs
[2026-05-15T22:24:31.833+0000] {logging_mixin.py:188} INFO - [2026-05-15T22:24:31.833+0000] {dag.py:3947} INFO - Setting next_dagrun for latest_only_with_trigger to 2026-05-15 16:00:00+00:00, run_after=2026-05-15 20:00:00+00:00
[2026-05-15T22:24:31.839+0000] {processor.py:183} INFO - Processing /home/airflow/.local/lib/python3.12/site-packages/airflow/example_dags/example_latest_only_with_trigger.py took 0.029 seconds
[2026-05-15T23:22:10.695+0000] {processor.py:161} INFO - Started process (PID=448) to work on /home/airflow/.local/lib/python3.12/site-packages/airflow/example_dags/example_latest_only_with_trigger.py
[2026-05-15T23:22:10.695+0000] {processor.py:830} INFO - Processing file /home/airflow/.local/lib/python3.12/site-packages/airflow/example_dags/example_latest_only_with_trigger.py for tasks to queue
[2026-05-15T23:22:10.696+0000] {logging_mixin.py:188} INFO - [2026-05-15T23:22:10.696+0000] {dagbag.py:545} INFO - Filling up the DagBag from /home/airflow/.local/lib/python3.12/site-packages/airflow/example_dags/example_latest_only_with_trigger.py
[2026-05-15T23:22:10.698+0000] {processor.py:840} INFO - DAG(s) 'latest_only_with_trigger' retrieved from /home/airflow/.local/lib/python3.12/site-packages/airflow/example_dags/example_latest_only_with_trigger.py
[2026-05-15T23:22:10.705+0000] {logging_mixin.py:188} INFO - [2026-05-15T23:22:10.705+0000] {dag.py:3089} INFO - Sync 1 DAGs
[2026-05-15T23:22:10.711+0000] {logging_mixin.py:188} INFO - [2026-05-15T23:22:10.711+0000] {dag.py:3947} INFO - Setting next_dagrun for latest_only_with_trigger to 2026-05-15 16:00:00+00:00, run_after=2026-05-15 20:00:00+00:00
[2026-05-15T23:22:10.716+0000] {processor.py:183} INFO - Processing /home/airflow/.local/lib/python3.12/site-packages/airflow/example_dags/example_latest_only_with_trigger.py took 0.024 seconds
[2026-05-15T23:22:42.670+0000] {processor.py:161} INFO - Started process (PID=500) to work on /home/airflow/.local/lib/python3.12/site-packages/airflow/example_dags/example_latest_only_with_trigger.py
[2026-05-15T23:22:42.671+0000] {processor.py:830} INFO - Processing file /home/airflow/.local/lib/python3.12/site-packages/airflow/example_dags/example_latest_only_with_trigger.py for tasks to queue
[2026-05-15T23:22:42.673+0000] {logging_mixin.py:188} INFO - [2026-05-15T23:22:42.673+0000] {dagbag.py:545} INFO - Filling up the DagBag from /home/airflow/.local/lib/python3.12/site-packages/airflow/example_dags/example_latest_only_with_trigger.py
[2026-05-15T23:22:42.676+0000] {processor.py:840} INFO - DAG(s) 'latest_only_with_trigger' retrieved from /home/airflow/.local/lib/python3.12/site-packages/airflow/example_dags/example_latest_only_with_trigger.py
[2026-05-15T23:22:42.689+0000] {logging_mixin.py:188} INFO - [2026-05-15T23:22:42.689+0000] {dag.py:3089} INFO - Sync 1 DAGs
[2026-05-15T23:22:42.698+0000] {logging_mixin.py:188} INFO - [2026-05-15T23:22:42.698+0000] {dag.py:3947} INFO - Setting next_dagrun for latest_only_with_trigger to 2026-05-15 16:00:00+00:00, run_after=2026-05-15 20:00:00+00:00
[2026-05-15T23:22:42.707+0000] {processor.py:183} INFO - Processing /home/airflow/.local/lib/python3.12/site-packages/airflow/example_dags/example_latest_only_with_trigger.py took 0.041 seconds
[2026-05-15T23:23:12.909+0000] {processor.py:161} INFO - Started process (PID=557) to work on /home/airflow/.local/lib/python3.12/site-packages/airflow/example_dags/example_latest_only_with_trigger.py
[2026-05-15T23:23:12.910+0000] {processor.py:830} INFO - Processing file /home/airflow/.local/lib/python3.12/site-packages/airflow/example_dags/example_latest_only_with_trigger.py for tasks to queue
[2026-05-15T23:23:12.910+0000] {logging_mixin.py:188} INFO - [2026-05-15T23:23:12.910+0000] {dagbag.py:545} INFO - Filling up the DagBag from /home/airflow/.local/lib/python3.12/site-packages/airflow/example_dags/example_latest_only_with_trigger.py
[2026-05-15T23:23:12.912+0000] {processor.py:840} INFO - DAG(s) 'latest_only_with_trigger' retrieved from /home/airflow/.local/lib/python3.12/site-packages/airflow/example_dags/example_latest_only_with_trigger.py
[2026-05-15T23:23:12.918+0000] {logging_mixin.py:188} INFO - [2026-05-15T23:23:12.918+0000] {dag.py:3089} INFO - Sync 1 DAGs
[2026-05-15T23:23:12.925+0000] {logging_mixin.py:188} INFO - [2026-05-15T23:23:12.925+0000] {dag.py:3947} INFO - Setting next_dagrun for latest_only_with_trigger to 2026-05-15 16:00:00+00:00, run_after=2026-05-15 20:00:00+00:00
[2026-05-15T23:23:12.929+0000] {processor.py:183} INFO - Processing /home/airflow/.local/lib/python3.12/site-packages/airflow/example_dags/example_latest_only_with_trigger.py took 0.022 seconds
[2026-05-15T23:24:01.728+0000] {processor.py:161} INFO - Started process (PID=615) to work on /home/airflow/.local/lib/python3.12/site-packages/airflow/example_dags/example_latest_only_with_trigger.py
[2026-05-15T23:24:01.729+0000] {processor.py:830} INFO - Processing file /home/airflow/.local/lib/python3.12/site-packages/airflow/example_dags/example_latest_only_with_trigger.py for tasks to queue
[2026-05-15T23:24:01.729+0000] {logging_mixin.py:188} INFO - [2026-05-15T23:24:01.729+0000] {dagbag.py:545} INFO - Filling up the DagBag from /home/airflow/.local/lib/python3.12/site-packages/airflow/example_dags/example_latest_only_with_trigger.py
[2026-05-15T23:24:01.731+0000] {processor.py:840} INFO - DAG(s) 'latest_only_with_trigger' retrieved from /home/airflow/.local/lib/python3.12/site-packages/airflow/example_dags/example_latest_only_with_trigger.py
[2026-05-15T23:24:01.737+0000] {logging_mixin.py:188} INFO - [2026-05-15T23:24:01.737+0000] {dag.py:3089} INFO - Sync 1 DAGs
[2026-05-15T23:24:01.743+0000] {logging_mixin.py:188} INFO - [2026-05-15T23:24:01.743+0000] {dag.py:3947} INFO - Setting next_dagrun for latest_only_with_trigger to 2026-05-15 16:00:00+00:00, run_after=2026-05-15 20:00:00+00:00
[2026-05-15T23:24:01.748+0000] {processor.py:183} INFO - Processing /home/airflow/.local/lib/python3.12/site-packages/airflow/example_dags/example_latest_only_with_trigger.py took 0.021 seconds
[2026-05-15T23:41:54.154+0000] {processor.py:161} INFO - Started process (PID=667) to work on /home/airflow/.local/lib/python3.12/site-packages/airflow/example_dags/example_latest_only_with_trigger.py
[2026-05-15T23:41:54.154+0000] {processor.py:830} INFO - Processing file /home/airflow/.local/lib/python3.12/site-packages/airflow/example_dags/example_latest_only_with_trigger.py for tasks to queue
[2026-05-15T23:41:54.155+0000] {logging_mixin.py:188} INFO - [2026-05-15T23:41:54.154+0000] {dagbag.py:545} INFO - Filling up the DagBag from /home/airflow/.local/lib/python3.12/site-packages/airflow/example_dags/example_latest_only_with_trigger.py
[2026-05-15T23:41:54.157+0000] {processor.py:840} INFO - DAG(s) 'latest_only_with_trigger' retrieved from /home/airflow/.local/lib/python3.12/site-packages/airflow/example_dags/example_latest_only_with_trigger.py
[2026-05-15T23:41:54.164+0000] {logging_mixin.py:188} INFO - [2026-05-15T23:41:54.163+0000] {dag.py:3089} INFO - Sync 1 DAGs
[2026-05-15T23:41:54.170+0000] {logging_mixin.py:188} INFO - [2026-05-15T23:41:54.170+0000] {dag.py:3947} INFO - Setting next_dagrun for latest_only_with_trigger to 2026-05-15 16:00:00+00:00, run_after=2026-05-15 20:00:00+00:00
[2026-05-15T23:41:54.175+0000] {processor.py:183} INFO - Processing /home/airflow/.local/lib/python3.12/site-packages/airflow/example_dags/example_latest_only_with_trigger.py took 0.023 seconds
