[2026-05-15T22:20:25.739+0000] {processor.py:161} INFO - Started process (PID=86) to work on /home/airflow/.local/lib/python3.12/site-packages/airflow/example_dags/example_short_circuit_operator.py
[2026-05-15T22:20:25.739+0000] {processor.py:830} INFO - Processing file /home/airflow/.local/lib/python3.12/site-packages/airflow/example_dags/example_short_circuit_operator.py for tasks to queue
[2026-05-15T22:20:25.743+0000] {logging_mixin.py:188} INFO - [2026-05-15T22:20:25.742+0000] {dagbag.py:545} INFO - Filling up the DagBag from /home/airflow/.local/lib/python3.12/site-packages/airflow/example_dags/example_short_circuit_operator.py
[2026-05-15T22:20:25.772+0000] {processor.py:840} INFO - DAG(s) 'example_short_circuit_operator' retrieved from /home/airflow/.local/lib/python3.12/site-packages/airflow/example_dags/example_short_circuit_operator.py
[2026-05-15T22:20:25.793+0000] {logging_mixin.py:188} INFO - [2026-05-15T22:20:25.793+0000] {dag.py:3089} INFO - Sync 1 DAGs
[2026-05-15T22:20:25.829+0000] {logging_mixin.py:188} INFO - [2026-05-15T22:20:25.829+0000] {dag.py:3947} INFO - Setting next_dagrun for example_short_circuit_operator to 2026-05-14 00:00:00+00:00, run_after=2026-05-15 00:00:00+00:00
[2026-05-15T22:20:25.858+0000] {processor.py:183} INFO - Processing /home/airflow/.local/lib/python3.12/site-packages/airflow/example_dags/example_short_circuit_operator.py took 0.128 seconds
[2026-05-15T22:20:56.062+0000] {processor.py:161} INFO - Started process (PID=144) to work on /home/airflow/.local/lib/python3.12/site-packages/airflow/example_dags/example_short_circuit_operator.py
[2026-05-15T22:20:56.062+0000] {processor.py:830} INFO - Processing file /home/airflow/.local/lib/python3.12/site-packages/airflow/example_dags/example_short_circuit_operator.py for tasks to queue
[2026-05-15T22:20:56.063+0000] {logging_mixin.py:188} INFO - [2026-05-15T22:20:56.063+0000] {dagbag.py:545} INFO - Filling up the DagBag from /home/airflow/.local/lib/python3.12/site-packages/airflow/example_dags/example_short_circuit_operator.py
[2026-05-15T22:20:56.065+0000] {processor.py:840} INFO - DAG(s) 'example_short_circuit_operator' retrieved from /home/airflow/.local/lib/python3.12/site-packages/airflow/example_dags/example_short_circuit_operator.py
[2026-05-15T22:20:56.099+0000] {logging_mixin.py:188} INFO - [2026-05-15T22:20:56.099+0000] {dag.py:3089} INFO - Sync 1 DAGs
[2026-05-15T22:20:56.106+0000] {logging_mixin.py:188} INFO - [2026-05-15T22:20:56.106+0000] {dag.py:3947} INFO - Setting next_dagrun for example_short_circuit_operator to 2026-05-14 00:00:00+00:00, run_after=2026-05-15 00:00:00+00:00
[2026-05-15T22:20:56.112+0000] {processor.py:183} INFO - Processing /home/airflow/.local/lib/python3.12/site-packages/airflow/example_dags/example_short_circuit_operator.py took 0.052 seconds
[2026-05-15T22:21:26.807+0000] {processor.py:161} INFO - Started process (PID=202) to work on /home/airflow/.local/lib/python3.12/site-packages/airflow/example_dags/example_short_circuit_operator.py
[2026-05-15T22:21:26.807+0000] {processor.py:830} INFO - Processing file /home/airflow/.local/lib/python3.12/site-packages/airflow/example_dags/example_short_circuit_operator.py for tasks to queue
[2026-05-15T22:21:26.808+0000] {logging_mixin.py:188} INFO - [2026-05-15T22:21:26.808+0000] {dagbag.py:545} INFO - Filling up the DagBag from /home/airflow/.local/lib/python3.12/site-packages/airflow/example_dags/example_short_circuit_operator.py
[2026-05-15T22:21:26.810+0000] {processor.py:840} INFO - DAG(s) 'example_short_circuit_operator' retrieved from /home/airflow/.local/lib/python3.12/site-packages/airflow/example_dags/example_short_circuit_operator.py
[2026-05-15T22:21:26.819+0000] {logging_mixin.py:188} INFO - [2026-05-15T22:21:26.819+0000] {dag.py:3089} INFO - Sync 1 DAGs
[2026-05-15T22:21:26.826+0000] {logging_mixin.py:188} INFO - [2026-05-15T22:21:26.826+0000] {dag.py:3947} INFO - Setting next_dagrun for example_short_circuit_operator to 2026-05-14 00:00:00+00:00, run_after=2026-05-15 00:00:00+00:00
[2026-05-15T22:21:26.831+0000] {processor.py:183} INFO - Processing /home/airflow/.local/lib/python3.12/site-packages/airflow/example_dags/example_short_circuit_operator.py took 0.027 seconds
[2026-05-15T22:21:57.249+0000] {processor.py:161} INFO - Started process (PID=260) to work on /home/airflow/.local/lib/python3.12/site-packages/airflow/example_dags/example_short_circuit_operator.py
[2026-05-15T22:21:57.250+0000] {processor.py:830} INFO - Processing file /home/airflow/.local/lib/python3.12/site-packages/airflow/example_dags/example_short_circuit_operator.py for tasks to queue
[2026-05-15T22:21:57.250+0000] {logging_mixin.py:188} INFO - [2026-05-15T22:21:57.250+0000] {dagbag.py:545} INFO - Filling up the DagBag from /home/airflow/.local/lib/python3.12/site-packages/airflow/example_dags/example_short_circuit_operator.py
[2026-05-15T22:21:57.253+0000] {processor.py:840} INFO - DAG(s) 'example_short_circuit_operator' retrieved from /home/airflow/.local/lib/python3.12/site-packages/airflow/example_dags/example_short_circuit_operator.py
[2026-05-15T22:21:57.260+0000] {logging_mixin.py:188} INFO - [2026-05-15T22:21:57.260+0000] {dag.py:3089} INFO - Sync 1 DAGs
[2026-05-15T22:21:57.266+0000] {logging_mixin.py:188} INFO - [2026-05-15T22:21:57.266+0000] {dag.py:3947} INFO - Setting next_dagrun for example_short_circuit_operator to 2026-05-14 00:00:00+00:00, run_after=2026-05-15 00:00:00+00:00
[2026-05-15T22:21:57.271+0000] {processor.py:183} INFO - Processing /home/airflow/.local/lib/python3.12/site-packages/airflow/example_dags/example_short_circuit_operator.py took 0.025 seconds
[2026-05-15T22:23:01.442+0000] {processor.py:161} INFO - Started process (PID=312) to work on /home/airflow/.local/lib/python3.12/site-packages/airflow/example_dags/example_short_circuit_operator.py
[2026-05-15T22:23:01.443+0000] {processor.py:830} INFO - Processing file /home/airflow/.local/lib/python3.12/site-packages/airflow/example_dags/example_short_circuit_operator.py for tasks to queue
[2026-05-15T22:23:01.444+0000] {logging_mixin.py:188} INFO - [2026-05-15T22:23:01.443+0000] {dagbag.py:545} INFO - Filling up the DagBag from /home/airflow/.local/lib/python3.12/site-packages/airflow/example_dags/example_short_circuit_operator.py
[2026-05-15T22:23:01.449+0000] {processor.py:840} INFO - DAG(s) 'example_short_circuit_operator' retrieved from /home/airflow/.local/lib/python3.12/site-packages/airflow/example_dags/example_short_circuit_operator.py
[2026-05-15T22:23:01.462+0000] {logging_mixin.py:188} INFO - [2026-05-15T22:23:01.461+0000] {dag.py:3089} INFO - Sync 1 DAGs
[2026-05-15T22:23:01.471+0000] {logging_mixin.py:188} INFO - [2026-05-15T22:23:01.471+0000] {dag.py:3947} INFO - Setting next_dagrun for example_short_circuit_operator to 2026-05-14 00:00:00+00:00, run_after=2026-05-15 00:00:00+00:00
[2026-05-15T22:23:01.477+0000] {processor.py:183} INFO - Processing /home/airflow/.local/lib/python3.12/site-packages/airflow/example_dags/example_short_circuit_operator.py took 0.038 seconds
[2026-05-15T22:24:01.932+0000] {processor.py:161} INFO - Started process (PID=369) to work on /home/airflow/.local/lib/python3.12/site-packages/airflow/example_dags/example_short_circuit_operator.py
[2026-05-15T22:24:01.932+0000] {processor.py:830} INFO - Processing file /home/airflow/.local/lib/python3.12/site-packages/airflow/example_dags/example_short_circuit_operator.py for tasks to queue
[2026-05-15T22:24:01.933+0000] {logging_mixin.py:188} INFO - [2026-05-15T22:24:01.933+0000] {dagbag.py:545} INFO - Filling up the DagBag from /home/airflow/.local/lib/python3.12/site-packages/airflow/example_dags/example_short_circuit_operator.py
[2026-05-15T22:24:01.936+0000] {processor.py:840} INFO - DAG(s) 'example_short_circuit_operator' retrieved from /home/airflow/.local/lib/python3.12/site-packages/airflow/example_dags/example_short_circuit_operator.py
[2026-05-15T22:24:01.944+0000] {logging_mixin.py:188} INFO - [2026-05-15T22:24:01.944+0000] {dag.py:3089} INFO - Sync 1 DAGs
[2026-05-15T22:24:01.951+0000] {logging_mixin.py:188} INFO - [2026-05-15T22:24:01.951+0000] {dag.py:3947} INFO - Setting next_dagrun for example_short_circuit_operator to 2026-05-14 00:00:00+00:00, run_after=2026-05-15 00:00:00+00:00
[2026-05-15T22:24:01.956+0000] {processor.py:183} INFO - Processing /home/airflow/.local/lib/python3.12/site-packages/airflow/example_dags/example_short_circuit_operator.py took 0.026 seconds
[2026-05-15T22:24:32.368+0000] {processor.py:161} INFO - Started process (PID=421) to work on /home/airflow/.local/lib/python3.12/site-packages/airflow/example_dags/example_short_circuit_operator.py
[2026-05-15T22:24:32.368+0000] {processor.py:830} INFO - Processing file /home/airflow/.local/lib/python3.12/site-packages/airflow/example_dags/example_short_circuit_operator.py for tasks to queue
[2026-05-15T22:24:32.369+0000] {logging_mixin.py:188} INFO - [2026-05-15T22:24:32.369+0000] {dagbag.py:545} INFO - Filling up the DagBag from /home/airflow/.local/lib/python3.12/site-packages/airflow/example_dags/example_short_circuit_operator.py
[2026-05-15T22:24:32.371+0000] {processor.py:840} INFO - DAG(s) 'example_short_circuit_operator' retrieved from /home/airflow/.local/lib/python3.12/site-packages/airflow/example_dags/example_short_circuit_operator.py
[2026-05-15T22:24:32.378+0000] {logging_mixin.py:188} INFO - [2026-05-15T22:24:32.378+0000] {dag.py:3089} INFO - Sync 1 DAGs
[2026-05-15T22:24:32.384+0000] {logging_mixin.py:188} INFO - [2026-05-15T22:24:32.384+0000] {dag.py:3947} INFO - Setting next_dagrun for example_short_circuit_operator to 2026-05-14 00:00:00+00:00, run_after=2026-05-15 00:00:00+00:00
[2026-05-15T22:24:32.389+0000] {processor.py:183} INFO - Processing /home/airflow/.local/lib/python3.12/site-packages/airflow/example_dags/example_short_circuit_operator.py took 0.023 seconds
[2026-05-15T23:22:11.407+0000] {processor.py:161} INFO - Started process (PID=478) to work on /home/airflow/.local/lib/python3.12/site-packages/airflow/example_dags/example_short_circuit_operator.py
[2026-05-15T23:22:11.407+0000] {processor.py:830} INFO - Processing file /home/airflow/.local/lib/python3.12/site-packages/airflow/example_dags/example_short_circuit_operator.py for tasks to queue
[2026-05-15T23:22:11.408+0000] {logging_mixin.py:188} INFO - [2026-05-15T23:22:11.408+0000] {dagbag.py:545} INFO - Filling up the DagBag from /home/airflow/.local/lib/python3.12/site-packages/airflow/example_dags/example_short_circuit_operator.py
[2026-05-15T23:22:11.411+0000] {processor.py:840} INFO - DAG(s) 'example_short_circuit_operator' retrieved from /home/airflow/.local/lib/python3.12/site-packages/airflow/example_dags/example_short_circuit_operator.py
[2026-05-15T23:22:11.420+0000] {logging_mixin.py:188} INFO - [2026-05-15T23:22:11.420+0000] {dag.py:3089} INFO - Sync 1 DAGs
[2026-05-15T23:22:11.427+0000] {logging_mixin.py:188} INFO - [2026-05-15T23:22:11.427+0000] {dag.py:3947} INFO - Setting next_dagrun for example_short_circuit_operator to 2026-05-14 00:00:00+00:00, run_after=2026-05-15 00:00:00+00:00
[2026-05-15T23:22:11.432+0000] {processor.py:183} INFO - Processing /home/airflow/.local/lib/python3.12/site-packages/airflow/example_dags/example_short_circuit_operator.py took 0.027 seconds
[2026-05-15T23:22:43.601+0000] {processor.py:161} INFO - Started process (PID=530) to work on /home/airflow/.local/lib/python3.12/site-packages/airflow/example_dags/example_short_circuit_operator.py
[2026-05-15T23:22:43.601+0000] {processor.py:830} INFO - Processing file /home/airflow/.local/lib/python3.12/site-packages/airflow/example_dags/example_short_circuit_operator.py for tasks to queue
[2026-05-15T23:22:43.602+0000] {logging_mixin.py:188} INFO - [2026-05-15T23:22:43.602+0000] {dagbag.py:545} INFO - Filling up the DagBag from /home/airflow/.local/lib/python3.12/site-packages/airflow/example_dags/example_short_circuit_operator.py
[2026-05-15T23:22:43.608+0000] {processor.py:840} INFO - DAG(s) 'example_short_circuit_operator' retrieved from /home/airflow/.local/lib/python3.12/site-packages/airflow/example_dags/example_short_circuit_operator.py
[2026-05-15T23:22:43.621+0000] {logging_mixin.py:188} INFO - [2026-05-15T23:22:43.621+0000] {dag.py:3089} INFO - Sync 1 DAGs
[2026-05-15T23:22:43.632+0000] {logging_mixin.py:188} INFO - [2026-05-15T23:22:43.632+0000] {dag.py:3947} INFO - Setting next_dagrun for example_short_circuit_operator to 2026-05-14 00:00:00+00:00, run_after=2026-05-15 00:00:00+00:00
[2026-05-15T23:22:43.640+0000] {processor.py:183} INFO - Processing /home/airflow/.local/lib/python3.12/site-packages/airflow/example_dags/example_short_circuit_operator.py took 0.043 seconds
[2026-05-15T23:23:14.547+0000] {processor.py:161} INFO - Started process (PID=587) to work on /home/airflow/.local/lib/python3.12/site-packages/airflow/example_dags/example_short_circuit_operator.py
[2026-05-15T23:23:14.547+0000] {processor.py:830} INFO - Processing file /home/airflow/.local/lib/python3.12/site-packages/airflow/example_dags/example_short_circuit_operator.py for tasks to queue
[2026-05-15T23:23:14.548+0000] {logging_mixin.py:188} INFO - [2026-05-15T23:23:14.548+0000] {dagbag.py:545} INFO - Filling up the DagBag from /home/airflow/.local/lib/python3.12/site-packages/airflow/example_dags/example_short_circuit_operator.py
[2026-05-15T23:23:14.550+0000] {processor.py:840} INFO - DAG(s) 'example_short_circuit_operator' retrieved from /home/airflow/.local/lib/python3.12/site-packages/airflow/example_dags/example_short_circuit_operator.py
[2026-05-15T23:23:14.558+0000] {logging_mixin.py:188} INFO - [2026-05-15T23:23:14.558+0000] {dag.py:3089} INFO - Sync 1 DAGs
[2026-05-15T23:23:14.564+0000] {logging_mixin.py:188} INFO - [2026-05-15T23:23:14.564+0000] {dag.py:3947} INFO - Setting next_dagrun for example_short_circuit_operator to 2026-05-14 00:00:00+00:00, run_after=2026-05-15 00:00:00+00:00
[2026-05-15T23:23:14.569+0000] {processor.py:183} INFO - Processing /home/airflow/.local/lib/python3.12/site-packages/airflow/example_dags/example_short_circuit_operator.py took 0.024 seconds
[2026-05-15T23:24:02.319+0000] {processor.py:161} INFO - Started process (PID=645) to work on /home/airflow/.local/lib/python3.12/site-packages/airflow/example_dags/example_short_circuit_operator.py
[2026-05-15T23:24:02.319+0000] {processor.py:830} INFO - Processing file /home/airflow/.local/lib/python3.12/site-packages/airflow/example_dags/example_short_circuit_operator.py for tasks to queue
[2026-05-15T23:24:02.320+0000] {logging_mixin.py:188} INFO - [2026-05-15T23:24:02.320+0000] {dagbag.py:545} INFO - Filling up the DagBag from /home/airflow/.local/lib/python3.12/site-packages/airflow/example_dags/example_short_circuit_operator.py
[2026-05-15T23:24:02.322+0000] {processor.py:840} INFO - DAG(s) 'example_short_circuit_operator' retrieved from /home/airflow/.local/lib/python3.12/site-packages/airflow/example_dags/example_short_circuit_operator.py
[2026-05-15T23:24:02.329+0000] {logging_mixin.py:188} INFO - [2026-05-15T23:24:02.329+0000] {dag.py:3089} INFO - Sync 1 DAGs
[2026-05-15T23:24:02.336+0000] {logging_mixin.py:188} INFO - [2026-05-15T23:24:02.336+0000] {dag.py:3947} INFO - Setting next_dagrun for example_short_circuit_operator to 2026-05-14 00:00:00+00:00, run_after=2026-05-15 00:00:00+00:00
[2026-05-15T23:24:02.340+0000] {processor.py:183} INFO - Processing /home/airflow/.local/lib/python3.12/site-packages/airflow/example_dags/example_short_circuit_operator.py took 0.023 seconds
[2026-05-15T23:41:54.880+0000] {processor.py:161} INFO - Started process (PID=697) to work on /home/airflow/.local/lib/python3.12/site-packages/airflow/example_dags/example_short_circuit_operator.py
[2026-05-15T23:41:54.880+0000] {processor.py:830} INFO - Processing file /home/airflow/.local/lib/python3.12/site-packages/airflow/example_dags/example_short_circuit_operator.py for tasks to queue
[2026-05-15T23:41:54.881+0000] {logging_mixin.py:188} INFO - [2026-05-15T23:41:54.881+0000] {dagbag.py:545} INFO - Filling up the DagBag from /home/airflow/.local/lib/python3.12/site-packages/airflow/example_dags/example_short_circuit_operator.py
[2026-05-15T23:41:54.884+0000] {processor.py:840} INFO - DAG(s) 'example_short_circuit_operator' retrieved from /home/airflow/.local/lib/python3.12/site-packages/airflow/example_dags/example_short_circuit_operator.py
[2026-05-15T23:41:54.893+0000] {logging_mixin.py:188} INFO - [2026-05-15T23:41:54.893+0000] {dag.py:3089} INFO - Sync 1 DAGs
[2026-05-15T23:41:54.900+0000] {logging_mixin.py:188} INFO - [2026-05-15T23:41:54.900+0000] {dag.py:3947} INFO - Setting next_dagrun for example_short_circuit_operator to 2026-05-14 00:00:00+00:00, run_after=2026-05-15 00:00:00+00:00
[2026-05-15T23:41:54.906+0000] {processor.py:183} INFO - Processing /home/airflow/.local/lib/python3.12/site-packages/airflow/example_dags/example_short_circuit_operator.py took 0.028 seconds
