[2026-05-15T22:20:24.355+0000] {processor.py:161} INFO - Started process (PID=71) to work on /home/airflow/.local/lib/python3.12/site-packages/airflow/example_dags/example_dag_decorator.py
[2026-05-15T22:20:24.355+0000] {processor.py:830} INFO - Processing file /home/airflow/.local/lib/python3.12/site-packages/airflow/example_dags/example_dag_decorator.py for tasks to queue
[2026-05-15T22:20:24.356+0000] {logging_mixin.py:188} INFO - [2026-05-15T22:20:24.356+0000] {dagbag.py:545} INFO - Filling up the DagBag from /home/airflow/.local/lib/python3.12/site-packages/airflow/example_dags/example_dag_decorator.py
[2026-05-15T22:20:24.951+0000] {processor.py:840} INFO - DAG(s) 'example_dag_decorator' retrieved from /home/airflow/.local/lib/python3.12/site-packages/airflow/example_dags/example_dag_decorator.py
[2026-05-15T22:20:24.963+0000] {logging_mixin.py:188} INFO - [2026-05-15T22:20:24.963+0000] {dag.py:3089} INFO - Sync 1 DAGs
[2026-05-15T22:20:24.981+0000] {logging_mixin.py:188} INFO - [2026-05-15T22:20:24.979+0000] {dag.py:3947} INFO - Setting next_dagrun for example_dag_decorator to None, run_after=None
[2026-05-15T22:20:24.995+0000] {processor.py:183} INFO - Processing /home/airflow/.local/lib/python3.12/site-packages/airflow/example_dags/example_dag_decorator.py took 0.645 seconds
[2026-05-15T22:20:55.577+0000] {processor.py:161} INFO - Started process (PID=130) to work on /home/airflow/.local/lib/python3.12/site-packages/airflow/example_dags/example_dag_decorator.py
[2026-05-15T22:20:55.579+0000] {processor.py:830} INFO - Processing file /home/airflow/.local/lib/python3.12/site-packages/airflow/example_dags/example_dag_decorator.py for tasks to queue
[2026-05-15T22:20:55.582+0000] {logging_mixin.py:188} INFO - [2026-05-15T22:20:55.581+0000] {dagbag.py:545} INFO - Filling up the DagBag from /home/airflow/.local/lib/python3.12/site-packages/airflow/example_dags/example_dag_decorator.py
[2026-05-15T22:20:55.642+0000] {processor.py:840} INFO - DAG(s) 'example_dag_decorator' retrieved from /home/airflow/.local/lib/python3.12/site-packages/airflow/example_dags/example_dag_decorator.py
[2026-05-15T22:20:55.676+0000] {logging_mixin.py:188} INFO - [2026-05-15T22:20:55.676+0000] {dag.py:3089} INFO - Sync 1 DAGs
[2026-05-15T22:20:55.679+0000] {logging_mixin.py:188} INFO - [2026-05-15T22:20:55.679+0000] {dag.py:3947} INFO - Setting next_dagrun for example_dag_decorator to None, run_after=None
[2026-05-15T22:20:55.684+0000] {processor.py:183} INFO - Processing /home/airflow/.local/lib/python3.12/site-packages/airflow/example_dags/example_dag_decorator.py took 0.116 seconds
[2026-05-15T22:21:26.438+0000] {processor.py:161} INFO - Started process (PID=188) to work on /home/airflow/.local/lib/python3.12/site-packages/airflow/example_dags/example_dag_decorator.py
[2026-05-15T22:21:26.439+0000] {processor.py:830} INFO - Processing file /home/airflow/.local/lib/python3.12/site-packages/airflow/example_dags/example_dag_decorator.py for tasks to queue
[2026-05-15T22:21:26.440+0000] {logging_mixin.py:188} INFO - [2026-05-15T22:21:26.440+0000] {dagbag.py:545} INFO - Filling up the DagBag from /home/airflow/.local/lib/python3.12/site-packages/airflow/example_dags/example_dag_decorator.py
[2026-05-15T22:21:26.499+0000] {processor.py:840} INFO - DAG(s) 'example_dag_decorator' retrieved from /home/airflow/.local/lib/python3.12/site-packages/airflow/example_dags/example_dag_decorator.py
[2026-05-15T22:21:26.538+0000] {logging_mixin.py:188} INFO - [2026-05-15T22:21:26.537+0000] {dag.py:3089} INFO - Sync 1 DAGs
[2026-05-15T22:21:26.541+0000] {logging_mixin.py:188} INFO - [2026-05-15T22:21:26.541+0000] {dag.py:3947} INFO - Setting next_dagrun for example_dag_decorator to None, run_after=None
[2026-05-15T22:21:26.547+0000] {processor.py:183} INFO - Processing /home/airflow/.local/lib/python3.12/site-packages/airflow/example_dags/example_dag_decorator.py took 0.115 seconds
[2026-05-15T22:21:56.914+0000] {processor.py:161} INFO - Started process (PID=246) to work on /home/airflow/.local/lib/python3.12/site-packages/airflow/example_dags/example_dag_decorator.py
[2026-05-15T22:21:56.916+0000] {processor.py:830} INFO - Processing file /home/airflow/.local/lib/python3.12/site-packages/airflow/example_dags/example_dag_decorator.py for tasks to queue
[2026-05-15T22:21:56.918+0000] {logging_mixin.py:188} INFO - [2026-05-15T22:21:56.918+0000] {dagbag.py:545} INFO - Filling up the DagBag from /home/airflow/.local/lib/python3.12/site-packages/airflow/example_dags/example_dag_decorator.py
[2026-05-15T22:21:56.980+0000] {processor.py:840} INFO - DAG(s) 'example_dag_decorator' retrieved from /home/airflow/.local/lib/python3.12/site-packages/airflow/example_dags/example_dag_decorator.py
[2026-05-15T22:21:57.017+0000] {logging_mixin.py:188} INFO - [2026-05-15T22:21:57.017+0000] {dag.py:3089} INFO - Sync 1 DAGs
[2026-05-15T22:21:57.020+0000] {logging_mixin.py:188} INFO - [2026-05-15T22:21:57.020+0000] {dag.py:3947} INFO - Setting next_dagrun for example_dag_decorator to None, run_after=None
[2026-05-15T22:21:57.025+0000] {processor.py:183} INFO - Processing /home/airflow/.local/lib/python3.12/site-packages/airflow/example_dags/example_dag_decorator.py took 0.118 seconds
[2026-05-15T22:23:01.077+0000] {processor.py:161} INFO - Started process (PID=297) to work on /home/airflow/.local/lib/python3.12/site-packages/airflow/example_dags/example_dag_decorator.py
[2026-05-15T22:23:01.077+0000] {processor.py:830} INFO - Processing file /home/airflow/.local/lib/python3.12/site-packages/airflow/example_dags/example_dag_decorator.py for tasks to queue
[2026-05-15T22:23:01.078+0000] {logging_mixin.py:188} INFO - [2026-05-15T22:23:01.078+0000] {dagbag.py:545} INFO - Filling up the DagBag from /home/airflow/.local/lib/python3.12/site-packages/airflow/example_dags/example_dag_decorator.py
[2026-05-15T22:23:01.125+0000] {processor.py:840} INFO - DAG(s) 'example_dag_decorator' retrieved from /home/airflow/.local/lib/python3.12/site-packages/airflow/example_dags/example_dag_decorator.py
[2026-05-15T22:23:01.164+0000] {logging_mixin.py:188} INFO - [2026-05-15T22:23:01.164+0000] {dag.py:3089} INFO - Sync 1 DAGs
[2026-05-15T22:23:01.169+0000] {logging_mixin.py:188} INFO - [2026-05-15T22:23:01.168+0000] {dag.py:3947} INFO - Setting next_dagrun for example_dag_decorator to None, run_after=None
[2026-05-15T22:23:01.175+0000] {processor.py:183} INFO - Processing /home/airflow/.local/lib/python3.12/site-packages/airflow/example_dags/example_dag_decorator.py took 0.101 seconds
[2026-05-15T22:24:01.577+0000] {processor.py:161} INFO - Started process (PID=354) to work on /home/airflow/.local/lib/python3.12/site-packages/airflow/example_dags/example_dag_decorator.py
[2026-05-15T22:24:01.577+0000] {processor.py:830} INFO - Processing file /home/airflow/.local/lib/python3.12/site-packages/airflow/example_dags/example_dag_decorator.py for tasks to queue
[2026-05-15T22:24:01.577+0000] {logging_mixin.py:188} INFO - [2026-05-15T22:24:01.577+0000] {dagbag.py:545} INFO - Filling up the DagBag from /home/airflow/.local/lib/python3.12/site-packages/airflow/example_dags/example_dag_decorator.py
[2026-05-15T22:24:01.609+0000] {processor.py:840} INFO - DAG(s) 'example_dag_decorator' retrieved from /home/airflow/.local/lib/python3.12/site-packages/airflow/example_dags/example_dag_decorator.py
[2026-05-15T22:24:01.648+0000] {logging_mixin.py:188} INFO - [2026-05-15T22:24:01.647+0000] {dag.py:3089} INFO - Sync 1 DAGs
[2026-05-15T22:24:01.651+0000] {logging_mixin.py:188} INFO - [2026-05-15T22:24:01.651+0000] {dag.py:3947} INFO - Setting next_dagrun for example_dag_decorator to None, run_after=None
[2026-05-15T22:24:01.656+0000] {processor.py:183} INFO - Processing /home/airflow/.local/lib/python3.12/site-packages/airflow/example_dags/example_dag_decorator.py took 0.082 seconds
[2026-05-15T22:24:32.081+0000] {processor.py:161} INFO - Started process (PID=406) to work on /home/airflow/.local/lib/python3.12/site-packages/airflow/example_dags/example_dag_decorator.py
[2026-05-15T22:24:32.081+0000] {processor.py:830} INFO - Processing file /home/airflow/.local/lib/python3.12/site-packages/airflow/example_dags/example_dag_decorator.py for tasks to queue
[2026-05-15T22:24:32.082+0000] {logging_mixin.py:188} INFO - [2026-05-15T22:24:32.082+0000] {dagbag.py:545} INFO - Filling up the DagBag from /home/airflow/.local/lib/python3.12/site-packages/airflow/example_dags/example_dag_decorator.py
[2026-05-15T22:24:32.116+0000] {processor.py:840} INFO - DAG(s) 'example_dag_decorator' retrieved from /home/airflow/.local/lib/python3.12/site-packages/airflow/example_dags/example_dag_decorator.py
[2026-05-15T22:24:32.148+0000] {logging_mixin.py:188} INFO - [2026-05-15T22:24:32.148+0000] {dag.py:3089} INFO - Sync 1 DAGs
[2026-05-15T22:24:32.151+0000] {logging_mixin.py:188} INFO - [2026-05-15T22:24:32.151+0000] {dag.py:3947} INFO - Setting next_dagrun for example_dag_decorator to None, run_after=None
[2026-05-15T22:24:32.155+0000] {processor.py:183} INFO - Processing /home/airflow/.local/lib/python3.12/site-packages/airflow/example_dags/example_dag_decorator.py took 0.076 seconds
[2026-05-15T23:22:10.993+0000] {processor.py:161} INFO - Started process (PID=463) to work on /home/airflow/.local/lib/python3.12/site-packages/airflow/example_dags/example_dag_decorator.py
[2026-05-15T23:22:10.993+0000] {processor.py:830} INFO - Processing file /home/airflow/.local/lib/python3.12/site-packages/airflow/example_dags/example_dag_decorator.py for tasks to queue
[2026-05-15T23:22:10.993+0000] {logging_mixin.py:188} INFO - [2026-05-15T23:22:10.993+0000] {dagbag.py:545} INFO - Filling up the DagBag from /home/airflow/.local/lib/python3.12/site-packages/airflow/example_dags/example_dag_decorator.py
[2026-05-15T23:22:11.023+0000] {processor.py:840} INFO - DAG(s) 'example_dag_decorator' retrieved from /home/airflow/.local/lib/python3.12/site-packages/airflow/example_dags/example_dag_decorator.py
[2026-05-15T23:22:11.054+0000] {logging_mixin.py:188} INFO - [2026-05-15T23:22:11.054+0000] {dag.py:3089} INFO - Sync 1 DAGs
[2026-05-15T23:22:11.057+0000] {logging_mixin.py:188} INFO - [2026-05-15T23:22:11.057+0000] {dag.py:3947} INFO - Setting next_dagrun for example_dag_decorator to None, run_after=None
[2026-05-15T23:22:11.063+0000] {processor.py:183} INFO - Processing /home/airflow/.local/lib/python3.12/site-packages/airflow/example_dags/example_dag_decorator.py took 0.072 seconds
[2026-05-15T23:22:43.052+0000] {processor.py:161} INFO - Started process (PID=515) to work on /home/airflow/.local/lib/python3.12/site-packages/airflow/example_dags/example_dag_decorator.py
[2026-05-15T23:22:43.052+0000] {processor.py:830} INFO - Processing file /home/airflow/.local/lib/python3.12/site-packages/airflow/example_dags/example_dag_decorator.py for tasks to queue
[2026-05-15T23:22:43.053+0000] {logging_mixin.py:188} INFO - [2026-05-15T23:22:43.053+0000] {dagbag.py:545} INFO - Filling up the DagBag from /home/airflow/.local/lib/python3.12/site-packages/airflow/example_dags/example_dag_decorator.py
[2026-05-15T23:22:43.099+0000] {processor.py:840} INFO - DAG(s) 'example_dag_decorator' retrieved from /home/airflow/.local/lib/python3.12/site-packages/airflow/example_dags/example_dag_decorator.py
[2026-05-15T23:22:43.148+0000] {logging_mixin.py:188} INFO - [2026-05-15T23:22:43.148+0000] {dag.py:3089} INFO - Sync 1 DAGs
[2026-05-15T23:22:43.238+0000] {logging_mixin.py:188} INFO - [2026-05-15T23:22:43.238+0000] {dag.py:3947} INFO - Setting next_dagrun for example_dag_decorator to None, run_after=None
[2026-05-15T23:22:43.245+0000] {processor.py:183} INFO - Processing /home/airflow/.local/lib/python3.12/site-packages/airflow/example_dags/example_dag_decorator.py took 0.198 seconds
[2026-05-15T23:23:14.283+0000] {processor.py:161} INFO - Started process (PID=575) to work on /home/airflow/.local/lib/python3.12/site-packages/airflow/example_dags/example_dag_decorator.py
[2026-05-15T23:23:14.284+0000] {processor.py:830} INFO - Processing file /home/airflow/.local/lib/python3.12/site-packages/airflow/example_dags/example_dag_decorator.py for tasks to queue
[2026-05-15T23:23:14.286+0000] {logging_mixin.py:188} INFO - [2026-05-15T23:23:14.285+0000] {dagbag.py:545} INFO - Filling up the DagBag from /home/airflow/.local/lib/python3.12/site-packages/airflow/example_dags/example_dag_decorator.py
[2026-05-15T23:23:14.335+0000] {processor.py:840} INFO - DAG(s) 'example_dag_decorator' retrieved from /home/airflow/.local/lib/python3.12/site-packages/airflow/example_dags/example_dag_decorator.py
[2026-05-15T23:23:14.371+0000] {logging_mixin.py:188} INFO - [2026-05-15T23:23:14.371+0000] {dag.py:3089} INFO - Sync 1 DAGs
[2026-05-15T23:23:14.375+0000] {logging_mixin.py:188} INFO - [2026-05-15T23:23:14.375+0000] {dag.py:3947} INFO - Setting next_dagrun for example_dag_decorator to None, run_after=None
[2026-05-15T23:23:14.379+0000] {processor.py:183} INFO - Processing /home/airflow/.local/lib/python3.12/site-packages/airflow/example_dags/example_dag_decorator.py took 0.103 seconds
[2026-05-15T23:24:02.015+0000] {processor.py:161} INFO - Started process (PID=630) to work on /home/airflow/.local/lib/python3.12/site-packages/airflow/example_dags/example_dag_decorator.py
[2026-05-15T23:24:02.016+0000] {processor.py:830} INFO - Processing file /home/airflow/.local/lib/python3.12/site-packages/airflow/example_dags/example_dag_decorator.py for tasks to queue
[2026-05-15T23:24:02.016+0000] {logging_mixin.py:188} INFO - [2026-05-15T23:24:02.016+0000] {dagbag.py:545} INFO - Filling up the DagBag from /home/airflow/.local/lib/python3.12/site-packages/airflow/example_dags/example_dag_decorator.py
[2026-05-15T23:24:02.048+0000] {processor.py:840} INFO - DAG(s) 'example_dag_decorator' retrieved from /home/airflow/.local/lib/python3.12/site-packages/airflow/example_dags/example_dag_decorator.py
[2026-05-15T23:24:02.079+0000] {logging_mixin.py:188} INFO - [2026-05-15T23:24:02.079+0000] {dag.py:3089} INFO - Sync 1 DAGs
[2026-05-15T23:24:02.082+0000] {logging_mixin.py:188} INFO - [2026-05-15T23:24:02.082+0000] {dag.py:3947} INFO - Setting next_dagrun for example_dag_decorator to None, run_after=None
[2026-05-15T23:24:02.086+0000] {processor.py:183} INFO - Processing /home/airflow/.local/lib/python3.12/site-packages/airflow/example_dags/example_dag_decorator.py took 0.073 seconds
[2026-05-15T23:41:54.459+0000] {processor.py:161} INFO - Started process (PID=682) to work on /home/airflow/.local/lib/python3.12/site-packages/airflow/example_dags/example_dag_decorator.py
[2026-05-15T23:41:54.459+0000] {processor.py:830} INFO - Processing file /home/airflow/.local/lib/python3.12/site-packages/airflow/example_dags/example_dag_decorator.py for tasks to queue
[2026-05-15T23:41:54.460+0000] {logging_mixin.py:188} INFO - [2026-05-15T23:41:54.460+0000] {dagbag.py:545} INFO - Filling up the DagBag from /home/airflow/.local/lib/python3.12/site-packages/airflow/example_dags/example_dag_decorator.py
[2026-05-15T23:41:54.489+0000] {processor.py:840} INFO - DAG(s) 'example_dag_decorator' retrieved from /home/airflow/.local/lib/python3.12/site-packages/airflow/example_dags/example_dag_decorator.py
[2026-05-15T23:41:54.579+0000] {logging_mixin.py:188} INFO - [2026-05-15T23:41:54.579+0000] {dag.py:3089} INFO - Sync 1 DAGs
[2026-05-15T23:41:54.582+0000] {logging_mixin.py:188} INFO - [2026-05-15T23:41:54.582+0000] {dag.py:3947} INFO - Setting next_dagrun for example_dag_decorator to None, run_after=None
[2026-05-15T23:41:54.587+0000] {processor.py:183} INFO - Processing /home/airflow/.local/lib/python3.12/site-packages/airflow/example_dags/example_dag_decorator.py took 0.131 seconds
