[2026-05-15T22:20:25.148+0000] {processor.py:161} INFO - Started process (PID=78) to work on /home/airflow/.local/lib/python3.12/site-packages/airflow/example_dags/example_branch_python_dop_operator_3.py
[2026-05-15T22:20:25.149+0000] {processor.py:830} INFO - Processing file /home/airflow/.local/lib/python3.12/site-packages/airflow/example_dags/example_branch_python_dop_operator_3.py for tasks to queue
[2026-05-15T22:20:25.149+0000] {logging_mixin.py:188} INFO - [2026-05-15T22:20:25.149+0000] {dagbag.py:545} INFO - Filling up the DagBag from /home/airflow/.local/lib/python3.12/site-packages/airflow/example_dags/example_branch_python_dop_operator_3.py
[2026-05-15T22:20:25.157+0000] {processor.py:840} INFO - DAG(s) 'example_branch_dop_operator_v3' retrieved from /home/airflow/.local/lib/python3.12/site-packages/airflow/example_dags/example_branch_python_dop_operator_3.py
[2026-05-15T22:20:25.167+0000] {logging_mixin.py:188} INFO - [2026-05-15T22:20:25.167+0000] {dag.py:3089} INFO - Sync 1 DAGs
[2026-05-15T22:20:25.186+0000] {logging_mixin.py:188} INFO - [2026-05-15T22:20:25.186+0000] {dag.py:3947} INFO - Setting next_dagrun for example_branch_dop_operator_v3 to 2026-05-15 22:19:00+00:00, run_after=2026-05-15 22:20:00+00:00
[2026-05-15T22:20:25.197+0000] {processor.py:183} INFO - Processing /home/airflow/.local/lib/python3.12/site-packages/airflow/example_dags/example_branch_python_dop_operator_3.py took 0.054 seconds
[2026-05-15T22:20:55.800+0000] {processor.py:161} INFO - Started process (PID=136) to work on /home/airflow/.local/lib/python3.12/site-packages/airflow/example_dags/example_branch_python_dop_operator_3.py
[2026-05-15T22:20:55.800+0000] {processor.py:830} INFO - Processing file /home/airflow/.local/lib/python3.12/site-packages/airflow/example_dags/example_branch_python_dop_operator_3.py for tasks to queue
[2026-05-15T22:20:55.801+0000] {logging_mixin.py:188} INFO - [2026-05-15T22:20:55.801+0000] {dagbag.py:545} INFO - Filling up the DagBag from /home/airflow/.local/lib/python3.12/site-packages/airflow/example_dags/example_branch_python_dop_operator_3.py
[2026-05-15T22:20:55.804+0000] {processor.py:840} INFO - DAG(s) 'example_branch_dop_operator_v3' retrieved from /home/airflow/.local/lib/python3.12/site-packages/airflow/example_dags/example_branch_python_dop_operator_3.py
[2026-05-15T22:20:55.835+0000] {logging_mixin.py:188} INFO - [2026-05-15T22:20:55.835+0000] {dag.py:3089} INFO - Sync 1 DAGs
[2026-05-15T22:20:55.842+0000] {logging_mixin.py:188} INFO - [2026-05-15T22:20:55.842+0000] {dag.py:3947} INFO - Setting next_dagrun for example_branch_dop_operator_v3 to 2026-05-15 22:19:00+00:00, run_after=2026-05-15 22:20:00+00:00
[2026-05-15T22:20:55.847+0000] {processor.py:183} INFO - Processing /home/airflow/.local/lib/python3.12/site-packages/airflow/example_dags/example_branch_python_dop_operator_3.py took 0.049 seconds
[2026-05-15T22:21:26.601+0000] {processor.py:161} INFO - Started process (PID=194) to work on /home/airflow/.local/lib/python3.12/site-packages/airflow/example_dags/example_branch_python_dop_operator_3.py
[2026-05-15T22:21:26.602+0000] {processor.py:830} INFO - Processing file /home/airflow/.local/lib/python3.12/site-packages/airflow/example_dags/example_branch_python_dop_operator_3.py for tasks to queue
[2026-05-15T22:21:26.603+0000] {logging_mixin.py:188} INFO - [2026-05-15T22:21:26.602+0000] {dagbag.py:545} INFO - Filling up the DagBag from /home/airflow/.local/lib/python3.12/site-packages/airflow/example_dags/example_branch_python_dop_operator_3.py
[2026-05-15T22:21:26.606+0000] {processor.py:840} INFO - DAG(s) 'example_branch_dop_operator_v3' retrieved from /home/airflow/.local/lib/python3.12/site-packages/airflow/example_dags/example_branch_python_dop_operator_3.py
[2026-05-15T22:21:26.614+0000] {logging_mixin.py:188} INFO - [2026-05-15T22:21:26.613+0000] {dag.py:3089} INFO - Sync 1 DAGs
[2026-05-15T22:21:26.621+0000] {logging_mixin.py:188} INFO - [2026-05-15T22:21:26.621+0000] {dag.py:3947} INFO - Setting next_dagrun for example_branch_dop_operator_v3 to 2026-05-15 22:20:00+00:00, run_after=2026-05-15 22:21:00+00:00
[2026-05-15T22:21:26.626+0000] {processor.py:183} INFO - Processing /home/airflow/.local/lib/python3.12/site-packages/airflow/example_dags/example_branch_python_dop_operator_3.py took 0.028 seconds
[2026-05-15T22:21:57.084+0000] {processor.py:161} INFO - Started process (PID=252) to work on /home/airflow/.local/lib/python3.12/site-packages/airflow/example_dags/example_branch_python_dop_operator_3.py
[2026-05-15T22:21:57.084+0000] {processor.py:830} INFO - Processing file /home/airflow/.local/lib/python3.12/site-packages/airflow/example_dags/example_branch_python_dop_operator_3.py for tasks to queue
[2026-05-15T22:21:57.085+0000] {logging_mixin.py:188} INFO - [2026-05-15T22:21:57.085+0000] {dagbag.py:545} INFO - Filling up the DagBag from /home/airflow/.local/lib/python3.12/site-packages/airflow/example_dags/example_branch_python_dop_operator_3.py
[2026-05-15T22:21:57.088+0000] {processor.py:840} INFO - DAG(s) 'example_branch_dop_operator_v3' retrieved from /home/airflow/.local/lib/python3.12/site-packages/airflow/example_dags/example_branch_python_dop_operator_3.py
[2026-05-15T22:21:57.096+0000] {logging_mixin.py:188} INFO - [2026-05-15T22:21:57.096+0000] {dag.py:3089} INFO - Sync 1 DAGs
[2026-05-15T22:21:57.103+0000] {logging_mixin.py:188} INFO - [2026-05-15T22:21:57.103+0000] {dag.py:3947} INFO - Setting next_dagrun for example_branch_dop_operator_v3 to 2026-05-15 22:20:00+00:00, run_after=2026-05-15 22:21:00+00:00
[2026-05-15T22:21:57.109+0000] {processor.py:183} INFO - Processing /home/airflow/.local/lib/python3.12/site-packages/airflow/example_dags/example_branch_python_dop_operator_3.py took 0.028 seconds
[2026-05-15T22:23:01.253+0000] {processor.py:161} INFO - Started process (PID=304) to work on /home/airflow/.local/lib/python3.12/site-packages/airflow/example_dags/example_branch_python_dop_operator_3.py
[2026-05-15T22:23:01.253+0000] {processor.py:830} INFO - Processing file /home/airflow/.local/lib/python3.12/site-packages/airflow/example_dags/example_branch_python_dop_operator_3.py for tasks to queue
[2026-05-15T22:23:01.254+0000] {logging_mixin.py:188} INFO - [2026-05-15T22:23:01.254+0000] {dagbag.py:545} INFO - Filling up the DagBag from /home/airflow/.local/lib/python3.12/site-packages/airflow/example_dags/example_branch_python_dop_operator_3.py
[2026-05-15T22:23:01.258+0000] {processor.py:840} INFO - DAG(s) 'example_branch_dop_operator_v3' retrieved from /home/airflow/.local/lib/python3.12/site-packages/airflow/example_dags/example_branch_python_dop_operator_3.py
[2026-05-15T22:23:01.267+0000] {logging_mixin.py:188} INFO - [2026-05-15T22:23:01.267+0000] {dag.py:3089} INFO - Sync 1 DAGs
[2026-05-15T22:23:01.278+0000] {logging_mixin.py:188} INFO - [2026-05-15T22:23:01.278+0000] {dag.py:3947} INFO - Setting next_dagrun for example_branch_dop_operator_v3 to 2026-05-15 22:22:00+00:00, run_after=2026-05-15 22:23:00+00:00
[2026-05-15T22:23:01.284+0000] {processor.py:183} INFO - Processing /home/airflow/.local/lib/python3.12/site-packages/airflow/example_dags/example_branch_python_dop_operator_3.py took 0.035 seconds
[2026-05-15T22:24:01.739+0000] {processor.py:161} INFO - Started process (PID=361) to work on /home/airflow/.local/lib/python3.12/site-packages/airflow/example_dags/example_branch_python_dop_operator_3.py
[2026-05-15T22:24:01.740+0000] {processor.py:830} INFO - Processing file /home/airflow/.local/lib/python3.12/site-packages/airflow/example_dags/example_branch_python_dop_operator_3.py for tasks to queue
[2026-05-15T22:24:01.741+0000] {logging_mixin.py:188} INFO - [2026-05-15T22:24:01.740+0000] {dagbag.py:545} INFO - Filling up the DagBag from /home/airflow/.local/lib/python3.12/site-packages/airflow/example_dags/example_branch_python_dop_operator_3.py
[2026-05-15T22:24:01.744+0000] {processor.py:840} INFO - DAG(s) 'example_branch_dop_operator_v3' retrieved from /home/airflow/.local/lib/python3.12/site-packages/airflow/example_dags/example_branch_python_dop_operator_3.py
[2026-05-15T22:24:01.751+0000] {logging_mixin.py:188} INFO - [2026-05-15T22:24:01.751+0000] {dag.py:3089} INFO - Sync 1 DAGs
[2026-05-15T22:24:01.759+0000] {logging_mixin.py:188} INFO - [2026-05-15T22:24:01.759+0000] {dag.py:3947} INFO - Setting next_dagrun for example_branch_dop_operator_v3 to 2026-05-15 22:23:00+00:00, run_after=2026-05-15 22:24:00+00:00
[2026-05-15T22:24:01.764+0000] {processor.py:183} INFO - Processing /home/airflow/.local/lib/python3.12/site-packages/airflow/example_dags/example_branch_python_dop_operator_3.py took 0.030 seconds
[2026-05-15T22:24:32.222+0000] {processor.py:161} INFO - Started process (PID=413) to work on /home/airflow/.local/lib/python3.12/site-packages/airflow/example_dags/example_branch_python_dop_operator_3.py
[2026-05-15T22:24:32.222+0000] {processor.py:830} INFO - Processing file /home/airflow/.local/lib/python3.12/site-packages/airflow/example_dags/example_branch_python_dop_operator_3.py for tasks to queue
[2026-05-15T22:24:32.223+0000] {logging_mixin.py:188} INFO - [2026-05-15T22:24:32.222+0000] {dagbag.py:545} INFO - Filling up the DagBag from /home/airflow/.local/lib/python3.12/site-packages/airflow/example_dags/example_branch_python_dop_operator_3.py
[2026-05-15T22:24:32.225+0000] {processor.py:840} INFO - DAG(s) 'example_branch_dop_operator_v3' retrieved from /home/airflow/.local/lib/python3.12/site-packages/airflow/example_dags/example_branch_python_dop_operator_3.py
[2026-05-15T22:24:32.232+0000] {logging_mixin.py:188} INFO - [2026-05-15T22:24:32.232+0000] {dag.py:3089} INFO - Sync 1 DAGs
[2026-05-15T22:24:32.239+0000] {logging_mixin.py:188} INFO - [2026-05-15T22:24:32.239+0000] {dag.py:3947} INFO - Setting next_dagrun for example_branch_dop_operator_v3 to 2026-05-15 22:23:00+00:00, run_after=2026-05-15 22:24:00+00:00
[2026-05-15T22:24:32.244+0000] {processor.py:183} INFO - Processing /home/airflow/.local/lib/python3.12/site-packages/airflow/example_dags/example_branch_python_dop_operator_3.py took 0.024 seconds
[2026-05-15T23:22:11.190+0000] {processor.py:161} INFO - Started process (PID=470) to work on /home/airflow/.local/lib/python3.12/site-packages/airflow/example_dags/example_branch_python_dop_operator_3.py
[2026-05-15T23:22:11.190+0000] {processor.py:830} INFO - Processing file /home/airflow/.local/lib/python3.12/site-packages/airflow/example_dags/example_branch_python_dop_operator_3.py for tasks to queue
[2026-05-15T23:22:11.191+0000] {logging_mixin.py:188} INFO - [2026-05-15T23:22:11.191+0000] {dagbag.py:545} INFO - Filling up the DagBag from /home/airflow/.local/lib/python3.12/site-packages/airflow/example_dags/example_branch_python_dop_operator_3.py
[2026-05-15T23:22:11.195+0000] {processor.py:840} INFO - DAG(s) 'example_branch_dop_operator_v3' retrieved from /home/airflow/.local/lib/python3.12/site-packages/airflow/example_dags/example_branch_python_dop_operator_3.py
[2026-05-15T23:22:11.202+0000] {logging_mixin.py:188} INFO - [2026-05-15T23:22:11.202+0000] {dag.py:3089} INFO - Sync 1 DAGs
[2026-05-15T23:22:11.210+0000] {logging_mixin.py:188} INFO - [2026-05-15T23:22:11.210+0000] {dag.py:3947} INFO - Setting next_dagrun for example_branch_dop_operator_v3 to 2026-05-15 23:21:00+00:00, run_after=2026-05-15 23:22:00+00:00
[2026-05-15T23:22:11.216+0000] {processor.py:183} INFO - Processing /home/airflow/.local/lib/python3.12/site-packages/airflow/example_dags/example_branch_python_dop_operator_3.py took 0.029 seconds
[2026-05-15T23:22:43.320+0000] {processor.py:161} INFO - Started process (PID=522) to work on /home/airflow/.local/lib/python3.12/site-packages/airflow/example_dags/example_branch_python_dop_operator_3.py
[2026-05-15T23:22:43.321+0000] {processor.py:830} INFO - Processing file /home/airflow/.local/lib/python3.12/site-packages/airflow/example_dags/example_branch_python_dop_operator_3.py for tasks to queue
[2026-05-15T23:22:43.322+0000] {logging_mixin.py:188} INFO - [2026-05-15T23:22:43.322+0000] {dagbag.py:545} INFO - Filling up the DagBag from /home/airflow/.local/lib/python3.12/site-packages/airflow/example_dags/example_branch_python_dop_operator_3.py
[2026-05-15T23:22:43.326+0000] {processor.py:840} INFO - DAG(s) 'example_branch_dop_operator_v3' retrieved from /home/airflow/.local/lib/python3.12/site-packages/airflow/example_dags/example_branch_python_dop_operator_3.py
[2026-05-15T23:22:43.335+0000] {logging_mixin.py:188} INFO - [2026-05-15T23:22:43.335+0000] {dag.py:3089} INFO - Sync 1 DAGs
[2026-05-15T23:22:43.347+0000] {logging_mixin.py:188} INFO - [2026-05-15T23:22:43.347+0000] {dag.py:3947} INFO - Setting next_dagrun for example_branch_dop_operator_v3 to 2026-05-15 23:21:00+00:00, run_after=2026-05-15 23:22:00+00:00
[2026-05-15T23:22:43.354+0000] {processor.py:183} INFO - Processing /home/airflow/.local/lib/python3.12/site-packages/airflow/example_dags/example_branch_python_dop_operator_3.py took 0.037 seconds
[2026-05-15T23:23:14.389+0000] {processor.py:161} INFO - Started process (PID=579) to work on /home/airflow/.local/lib/python3.12/site-packages/airflow/example_dags/example_branch_python_dop_operator_3.py
[2026-05-15T23:23:14.390+0000] {processor.py:830} INFO - Processing file /home/airflow/.local/lib/python3.12/site-packages/airflow/example_dags/example_branch_python_dop_operator_3.py for tasks to queue
[2026-05-15T23:23:14.390+0000] {logging_mixin.py:188} INFO - [2026-05-15T23:23:14.390+0000] {dagbag.py:545} INFO - Filling up the DagBag from /home/airflow/.local/lib/python3.12/site-packages/airflow/example_dags/example_branch_python_dop_operator_3.py
[2026-05-15T23:23:14.393+0000] {processor.py:840} INFO - DAG(s) 'example_branch_dop_operator_v3' retrieved from /home/airflow/.local/lib/python3.12/site-packages/airflow/example_dags/example_branch_python_dop_operator_3.py
[2026-05-15T23:23:14.402+0000] {logging_mixin.py:188} INFO - [2026-05-15T23:23:14.402+0000] {dag.py:3089} INFO - Sync 1 DAGs
[2026-05-15T23:23:14.410+0000] {logging_mixin.py:188} INFO - [2026-05-15T23:23:14.410+0000] {dag.py:3947} INFO - Setting next_dagrun for example_branch_dop_operator_v3 to 2026-05-15 23:22:00+00:00, run_after=2026-05-15 23:23:00+00:00
[2026-05-15T23:23:14.415+0000] {processor.py:183} INFO - Processing /home/airflow/.local/lib/python3.12/site-packages/airflow/example_dags/example_branch_python_dop_operator_3.py took 0.027 seconds
[2026-05-15T23:24:02.163+0000] {processor.py:161} INFO - Started process (PID=637) to work on /home/airflow/.local/lib/python3.12/site-packages/airflow/example_dags/example_branch_python_dop_operator_3.py
[2026-05-15T23:24:02.163+0000] {processor.py:830} INFO - Processing file /home/airflow/.local/lib/python3.12/site-packages/airflow/example_dags/example_branch_python_dop_operator_3.py for tasks to queue
[2026-05-15T23:24:02.163+0000] {logging_mixin.py:188} INFO - [2026-05-15T23:24:02.163+0000] {dagbag.py:545} INFO - Filling up the DagBag from /home/airflow/.local/lib/python3.12/site-packages/airflow/example_dags/example_branch_python_dop_operator_3.py
[2026-05-15T23:24:02.166+0000] {processor.py:840} INFO - DAG(s) 'example_branch_dop_operator_v3' retrieved from /home/airflow/.local/lib/python3.12/site-packages/airflow/example_dags/example_branch_python_dop_operator_3.py
[2026-05-15T23:24:02.172+0000] {logging_mixin.py:188} INFO - [2026-05-15T23:24:02.172+0000] {dag.py:3089} INFO - Sync 1 DAGs
[2026-05-15T23:24:02.179+0000] {logging_mixin.py:188} INFO - [2026-05-15T23:24:02.179+0000] {dag.py:3947} INFO - Setting next_dagrun for example_branch_dop_operator_v3 to 2026-05-15 23:23:00+00:00, run_after=2026-05-15 23:24:00+00:00
[2026-05-15T23:24:02.183+0000] {processor.py:183} INFO - Processing /home/airflow/.local/lib/python3.12/site-packages/airflow/example_dags/example_branch_python_dop_operator_3.py took 0.023 seconds
[2026-05-15T23:41:54.697+0000] {processor.py:161} INFO - Started process (PID=689) to work on /home/airflow/.local/lib/python3.12/site-packages/airflow/example_dags/example_branch_python_dop_operator_3.py
[2026-05-15T23:41:54.698+0000] {processor.py:830} INFO - Processing file /home/airflow/.local/lib/python3.12/site-packages/airflow/example_dags/example_branch_python_dop_operator_3.py for tasks to queue
[2026-05-15T23:41:54.698+0000] {logging_mixin.py:188} INFO - [2026-05-15T23:41:54.698+0000] {dagbag.py:545} INFO - Filling up the DagBag from /home/airflow/.local/lib/python3.12/site-packages/airflow/example_dags/example_branch_python_dop_operator_3.py
[2026-05-15T23:41:54.702+0000] {processor.py:840} INFO - DAG(s) 'example_branch_dop_operator_v3' retrieved from /home/airflow/.local/lib/python3.12/site-packages/airflow/example_dags/example_branch_python_dop_operator_3.py
[2026-05-15T23:41:54.708+0000] {logging_mixin.py:188} INFO - [2026-05-15T23:41:54.708+0000] {dag.py:3089} INFO - Sync 1 DAGs
[2026-05-15T23:41:54.715+0000] {logging_mixin.py:188} INFO - [2026-05-15T23:41:54.715+0000] {dag.py:3947} INFO - Setting next_dagrun for example_branch_dop_operator_v3 to 2026-05-15 23:40:00+00:00, run_after=2026-05-15 23:41:00+00:00
[2026-05-15T23:41:54.719+0000] {processor.py:183} INFO - Processing /home/airflow/.local/lib/python3.12/site-packages/airflow/example_dags/example_branch_python_dop_operator_3.py took 0.023 seconds
