[2026-05-15T22:20:23.218+0000] {processor.py:161} INFO - Started process (PID=47) to work on /home/airflow/.local/lib/python3.12/site-packages/airflow/example_dags/example_bash_decorator.py
[2026-05-15T22:20:23.222+0000] {processor.py:830} INFO - Processing file /home/airflow/.local/lib/python3.12/site-packages/airflow/example_dags/example_bash_decorator.py for tasks to queue
[2026-05-15T22:20:23.224+0000] {logging_mixin.py:188} INFO - [2026-05-15T22:20:23.223+0000] {dagbag.py:545} INFO - Filling up the DagBag from /home/airflow/.local/lib/python3.12/site-packages/airflow/example_dags/example_bash_decorator.py
[2026-05-15T22:20:23.251+0000] {processor.py:840} INFO - DAG(s) 'example_bash_decorator' retrieved from /home/airflow/.local/lib/python3.12/site-packages/airflow/example_dags/example_bash_decorator.py
[2026-05-15T22:20:23.269+0000] {logging_mixin.py:188} INFO - [2026-05-15T22:20:23.268+0000] {dag.py:3089} INFO - Sync 1 DAGs
[2026-05-15T22:20:23.289+0000] {logging_mixin.py:188} INFO - [2026-05-15T22:20:23.289+0000] {dag.py:3947} INFO - Setting next_dagrun for example_bash_decorator to None, run_after=None
[2026-05-15T22:20:23.307+0000] {processor.py:183} INFO - Processing /home/airflow/.local/lib/python3.12/site-packages/airflow/example_dags/example_bash_decorator.py took 0.095 seconds
[2026-05-15T22:20:53.781+0000] {processor.py:161} INFO - Started process (PID=105) to work on /home/airflow/.local/lib/python3.12/site-packages/airflow/example_dags/example_bash_decorator.py
[2026-05-15T22:20:53.782+0000] {processor.py:830} INFO - Processing file /home/airflow/.local/lib/python3.12/site-packages/airflow/example_dags/example_bash_decorator.py for tasks to queue
[2026-05-15T22:20:53.782+0000] {logging_mixin.py:188} INFO - [2026-05-15T22:20:53.782+0000] {dagbag.py:545} INFO - Filling up the DagBag from /home/airflow/.local/lib/python3.12/site-packages/airflow/example_dags/example_bash_decorator.py
[2026-05-15T22:20:53.787+0000] {processor.py:840} INFO - DAG(s) 'example_bash_decorator' retrieved from /home/airflow/.local/lib/python3.12/site-packages/airflow/example_dags/example_bash_decorator.py
[2026-05-15T22:20:53.825+0000] {logging_mixin.py:188} INFO - [2026-05-15T22:20:53.825+0000] {dag.py:3089} INFO - Sync 1 DAGs
[2026-05-15T22:20:53.834+0000] {logging_mixin.py:188} INFO - [2026-05-15T22:20:53.834+0000] {dag.py:3947} INFO - Setting next_dagrun for example_bash_decorator to None, run_after=None
[2026-05-15T22:20:53.850+0000] {processor.py:183} INFO - Processing /home/airflow/.local/lib/python3.12/site-packages/airflow/example_dags/example_bash_decorator.py took 0.071 seconds
[2026-05-15T22:21:23.874+0000] {processor.py:161} INFO - Started process (PID=163) to work on /home/airflow/.local/lib/python3.12/site-packages/airflow/example_dags/example_bash_decorator.py
[2026-05-15T22:21:23.874+0000] {processor.py:830} INFO - Processing file /home/airflow/.local/lib/python3.12/site-packages/airflow/example_dags/example_bash_decorator.py for tasks to queue
[2026-05-15T22:21:23.875+0000] {logging_mixin.py:188} INFO - [2026-05-15T22:21:23.875+0000] {dagbag.py:545} INFO - Filling up the DagBag from /home/airflow/.local/lib/python3.12/site-packages/airflow/example_dags/example_bash_decorator.py
[2026-05-15T22:21:23.880+0000] {processor.py:840} INFO - DAG(s) 'example_bash_decorator' retrieved from /home/airflow/.local/lib/python3.12/site-packages/airflow/example_dags/example_bash_decorator.py
[2026-05-15T22:21:23.888+0000] {logging_mixin.py:188} INFO - [2026-05-15T22:21:23.888+0000] {dag.py:3089} INFO - Sync 1 DAGs
[2026-05-15T22:21:23.892+0000] {logging_mixin.py:188} INFO - [2026-05-15T22:21:23.892+0000] {dag.py:3947} INFO - Setting next_dagrun for example_bash_decorator to None, run_after=None
[2026-05-15T22:21:23.897+0000] {processor.py:183} INFO - Processing /home/airflow/.local/lib/python3.12/site-packages/airflow/example_dags/example_bash_decorator.py took 0.025 seconds
[2026-05-15T22:21:54.384+0000] {processor.py:161} INFO - Started process (PID=227) to work on /home/airflow/.local/lib/python3.12/site-packages/airflow/example_dags/example_bash_decorator.py
[2026-05-15T22:21:54.385+0000] {processor.py:830} INFO - Processing file /home/airflow/.local/lib/python3.12/site-packages/airflow/example_dags/example_bash_decorator.py for tasks to queue
[2026-05-15T22:21:54.386+0000] {logging_mixin.py:188} INFO - [2026-05-15T22:21:54.386+0000] {dagbag.py:545} INFO - Filling up the DagBag from /home/airflow/.local/lib/python3.12/site-packages/airflow/example_dags/example_bash_decorator.py
[2026-05-15T22:21:54.391+0000] {processor.py:840} INFO - DAG(s) 'example_bash_decorator' retrieved from /home/airflow/.local/lib/python3.12/site-packages/airflow/example_dags/example_bash_decorator.py
[2026-05-15T22:21:54.401+0000] {logging_mixin.py:188} INFO - [2026-05-15T22:21:54.400+0000] {dag.py:3089} INFO - Sync 1 DAGs
[2026-05-15T22:21:54.405+0000] {logging_mixin.py:188} INFO - [2026-05-15T22:21:54.405+0000] {dag.py:3947} INFO - Setting next_dagrun for example_bash_decorator to None, run_after=None
[2026-05-15T22:21:54.410+0000] {processor.py:183} INFO - Processing /home/airflow/.local/lib/python3.12/site-packages/airflow/example_dags/example_bash_decorator.py took 0.028 seconds
[2026-05-15T22:23:00.681+0000] {processor.py:161} INFO - Started process (PID=279) to work on /home/airflow/.local/lib/python3.12/site-packages/airflow/example_dags/example_bash_decorator.py
[2026-05-15T22:23:00.681+0000] {processor.py:830} INFO - Processing file /home/airflow/.local/lib/python3.12/site-packages/airflow/example_dags/example_bash_decorator.py for tasks to queue
[2026-05-15T22:23:00.682+0000] {logging_mixin.py:188} INFO - [2026-05-15T22:23:00.682+0000] {dagbag.py:545} INFO - Filling up the DagBag from /home/airflow/.local/lib/python3.12/site-packages/airflow/example_dags/example_bash_decorator.py
[2026-05-15T22:23:00.687+0000] {processor.py:840} INFO - DAG(s) 'example_bash_decorator' retrieved from /home/airflow/.local/lib/python3.12/site-packages/airflow/example_dags/example_bash_decorator.py
[2026-05-15T22:23:00.698+0000] {logging_mixin.py:188} INFO - [2026-05-15T22:23:00.697+0000] {dag.py:3089} INFO - Sync 1 DAGs
[2026-05-15T22:23:00.702+0000] {logging_mixin.py:188} INFO - [2026-05-15T22:23:00.702+0000] {dag.py:3947} INFO - Setting next_dagrun for example_bash_decorator to None, run_after=None
[2026-05-15T22:23:00.707+0000] {processor.py:183} INFO - Processing /home/airflow/.local/lib/python3.12/site-packages/airflow/example_dags/example_bash_decorator.py took 0.029 seconds
[2026-05-15T22:24:01.243+0000] {processor.py:161} INFO - Started process (PID=336) to work on /home/airflow/.local/lib/python3.12/site-packages/airflow/example_dags/example_bash_decorator.py
[2026-05-15T22:24:01.244+0000] {processor.py:830} INFO - Processing file /home/airflow/.local/lib/python3.12/site-packages/airflow/example_dags/example_bash_decorator.py for tasks to queue
[2026-05-15T22:24:01.244+0000] {logging_mixin.py:188} INFO - [2026-05-15T22:24:01.244+0000] {dagbag.py:545} INFO - Filling up the DagBag from /home/airflow/.local/lib/python3.12/site-packages/airflow/example_dags/example_bash_decorator.py
[2026-05-15T22:24:01.249+0000] {processor.py:840} INFO - DAG(s) 'example_bash_decorator' retrieved from /home/airflow/.local/lib/python3.12/site-packages/airflow/example_dags/example_bash_decorator.py
[2026-05-15T22:24:01.255+0000] {logging_mixin.py:188} INFO - [2026-05-15T22:24:01.255+0000] {dag.py:3089} INFO - Sync 1 DAGs
[2026-05-15T22:24:01.259+0000] {logging_mixin.py:188} INFO - [2026-05-15T22:24:01.259+0000] {dag.py:3947} INFO - Setting next_dagrun for example_bash_decorator to None, run_after=None
[2026-05-15T22:24:01.265+0000] {processor.py:183} INFO - Processing /home/airflow/.local/lib/python3.12/site-packages/airflow/example_dags/example_bash_decorator.py took 0.024 seconds
[2026-05-15T22:24:31.754+0000] {processor.py:161} INFO - Started process (PID=388) to work on /home/airflow/.local/lib/python3.12/site-packages/airflow/example_dags/example_bash_decorator.py
[2026-05-15T22:24:31.754+0000] {processor.py:830} INFO - Processing file /home/airflow/.local/lib/python3.12/site-packages/airflow/example_dags/example_bash_decorator.py for tasks to queue
[2026-05-15T22:24:31.755+0000] {logging_mixin.py:188} INFO - [2026-05-15T22:24:31.755+0000] {dagbag.py:545} INFO - Filling up the DagBag from /home/airflow/.local/lib/python3.12/site-packages/airflow/example_dags/example_bash_decorator.py
[2026-05-15T22:24:31.760+0000] {processor.py:840} INFO - DAG(s) 'example_bash_decorator' retrieved from /home/airflow/.local/lib/python3.12/site-packages/airflow/example_dags/example_bash_decorator.py
[2026-05-15T22:24:31.766+0000] {logging_mixin.py:188} INFO - [2026-05-15T22:24:31.766+0000] {dag.py:3089} INFO - Sync 1 DAGs
[2026-05-15T22:24:31.770+0000] {logging_mixin.py:188} INFO - [2026-05-15T22:24:31.769+0000] {dag.py:3947} INFO - Setting next_dagrun for example_bash_decorator to None, run_after=None
[2026-05-15T22:24:31.774+0000] {processor.py:183} INFO - Processing /home/airflow/.local/lib/python3.12/site-packages/airflow/example_dags/example_bash_decorator.py took 0.022 seconds
[2026-05-15T23:22:10.632+0000] {processor.py:161} INFO - Started process (PID=445) to work on /home/airflow/.local/lib/python3.12/site-packages/airflow/example_dags/example_bash_decorator.py
[2026-05-15T23:22:10.632+0000] {processor.py:830} INFO - Processing file /home/airflow/.local/lib/python3.12/site-packages/airflow/example_dags/example_bash_decorator.py for tasks to queue
[2026-05-15T23:22:10.633+0000] {logging_mixin.py:188} INFO - [2026-05-15T23:22:10.633+0000] {dagbag.py:545} INFO - Filling up the DagBag from /home/airflow/.local/lib/python3.12/site-packages/airflow/example_dags/example_bash_decorator.py
[2026-05-15T23:22:10.638+0000] {processor.py:840} INFO - DAG(s) 'example_bash_decorator' retrieved from /home/airflow/.local/lib/python3.12/site-packages/airflow/example_dags/example_bash_decorator.py
[2026-05-15T23:22:10.646+0000] {logging_mixin.py:188} INFO - [2026-05-15T23:22:10.646+0000] {dag.py:3089} INFO - Sync 1 DAGs
[2026-05-15T23:22:10.650+0000] {logging_mixin.py:188} INFO - [2026-05-15T23:22:10.650+0000] {dag.py:3947} INFO - Setting next_dagrun for example_bash_decorator to None, run_after=None
[2026-05-15T23:22:10.656+0000] {processor.py:183} INFO - Processing /home/airflow/.local/lib/python3.12/site-packages/airflow/example_dags/example_bash_decorator.py took 0.026 seconds
[2026-05-15T23:22:42.613+0000] {processor.py:161} INFO - Started process (PID=497) to work on /home/airflow/.local/lib/python3.12/site-packages/airflow/example_dags/example_bash_decorator.py
[2026-05-15T23:22:42.614+0000] {processor.py:830} INFO - Processing file /home/airflow/.local/lib/python3.12/site-packages/airflow/example_dags/example_bash_decorator.py for tasks to queue
[2026-05-15T23:22:42.615+0000] {logging_mixin.py:188} INFO - [2026-05-15T23:22:42.615+0000] {dagbag.py:545} INFO - Filling up the DagBag from /home/airflow/.local/lib/python3.12/site-packages/airflow/example_dags/example_bash_decorator.py
[2026-05-15T23:22:42.622+0000] {processor.py:840} INFO - DAG(s) 'example_bash_decorator' retrieved from /home/airflow/.local/lib/python3.12/site-packages/airflow/example_dags/example_bash_decorator.py
[2026-05-15T23:22:42.635+0000] {logging_mixin.py:188} INFO - [2026-05-15T23:22:42.635+0000] {dag.py:3089} INFO - Sync 1 DAGs
[2026-05-15T23:22:42.641+0000] {logging_mixin.py:188} INFO - [2026-05-15T23:22:42.640+0000] {dag.py:3947} INFO - Setting next_dagrun for example_bash_decorator to None, run_after=None
[2026-05-15T23:22:42.647+0000] {processor.py:183} INFO - Processing /home/airflow/.local/lib/python3.12/site-packages/airflow/example_dags/example_bash_decorator.py took 0.038 seconds
[2026-05-15T23:23:12.849+0000] {processor.py:161} INFO - Started process (PID=554) to work on /home/airflow/.local/lib/python3.12/site-packages/airflow/example_dags/example_bash_decorator.py
[2026-05-15T23:23:12.849+0000] {processor.py:830} INFO - Processing file /home/airflow/.local/lib/python3.12/site-packages/airflow/example_dags/example_bash_decorator.py for tasks to queue
[2026-05-15T23:23:12.850+0000] {logging_mixin.py:188} INFO - [2026-05-15T23:23:12.850+0000] {dagbag.py:545} INFO - Filling up the DagBag from /home/airflow/.local/lib/python3.12/site-packages/airflow/example_dags/example_bash_decorator.py
[2026-05-15T23:23:12.854+0000] {processor.py:840} INFO - DAG(s) 'example_bash_decorator' retrieved from /home/airflow/.local/lib/python3.12/site-packages/airflow/example_dags/example_bash_decorator.py
[2026-05-15T23:23:12.861+0000] {logging_mixin.py:188} INFO - [2026-05-15T23:23:12.861+0000] {dag.py:3089} INFO - Sync 1 DAGs
[2026-05-15T23:23:12.865+0000] {logging_mixin.py:188} INFO - [2026-05-15T23:23:12.865+0000] {dag.py:3947} INFO - Setting next_dagrun for example_bash_decorator to None, run_after=None
[2026-05-15T23:23:12.870+0000] {processor.py:183} INFO - Processing /home/airflow/.local/lib/python3.12/site-packages/airflow/example_dags/example_bash_decorator.py took 0.023 seconds
[2026-05-15T23:24:01.672+0000] {processor.py:161} INFO - Started process (PID=612) to work on /home/airflow/.local/lib/python3.12/site-packages/airflow/example_dags/example_bash_decorator.py
[2026-05-15T23:24:01.672+0000] {processor.py:830} INFO - Processing file /home/airflow/.local/lib/python3.12/site-packages/airflow/example_dags/example_bash_decorator.py for tasks to queue
[2026-05-15T23:24:01.672+0000] {logging_mixin.py:188} INFO - [2026-05-15T23:24:01.672+0000] {dagbag.py:545} INFO - Filling up the DagBag from /home/airflow/.local/lib/python3.12/site-packages/airflow/example_dags/example_bash_decorator.py
[2026-05-15T23:24:01.677+0000] {processor.py:840} INFO - DAG(s) 'example_bash_decorator' retrieved from /home/airflow/.local/lib/python3.12/site-packages/airflow/example_dags/example_bash_decorator.py
[2026-05-15T23:24:01.685+0000] {logging_mixin.py:188} INFO - [2026-05-15T23:24:01.685+0000] {dag.py:3089} INFO - Sync 1 DAGs
[2026-05-15T23:24:01.689+0000] {logging_mixin.py:188} INFO - [2026-05-15T23:24:01.689+0000] {dag.py:3947} INFO - Setting next_dagrun for example_bash_decorator to None, run_after=None
[2026-05-15T23:24:01.693+0000] {processor.py:183} INFO - Processing /home/airflow/.local/lib/python3.12/site-packages/airflow/example_dags/example_bash_decorator.py took 0.023 seconds
[2026-05-15T23:41:54.090+0000] {processor.py:161} INFO - Started process (PID=664) to work on /home/airflow/.local/lib/python3.12/site-packages/airflow/example_dags/example_bash_decorator.py
[2026-05-15T23:41:54.090+0000] {processor.py:830} INFO - Processing file /home/airflow/.local/lib/python3.12/site-packages/airflow/example_dags/example_bash_decorator.py for tasks to queue
[2026-05-15T23:41:54.091+0000] {logging_mixin.py:188} INFO - [2026-05-15T23:41:54.090+0000] {dagbag.py:545} INFO - Filling up the DagBag from /home/airflow/.local/lib/python3.12/site-packages/airflow/example_dags/example_bash_decorator.py
[2026-05-15T23:41:54.095+0000] {processor.py:840} INFO - DAG(s) 'example_bash_decorator' retrieved from /home/airflow/.local/lib/python3.12/site-packages/airflow/example_dags/example_bash_decorator.py
[2026-05-15T23:41:54.103+0000] {logging_mixin.py:188} INFO - [2026-05-15T23:41:54.103+0000] {dag.py:3089} INFO - Sync 1 DAGs
[2026-05-15T23:41:54.106+0000] {logging_mixin.py:188} INFO - [2026-05-15T23:41:54.106+0000] {dag.py:3947} INFO - Setting next_dagrun for example_bash_decorator to None, run_after=None
[2026-05-15T23:41:54.112+0000] {processor.py:183} INFO - Processing /home/airflow/.local/lib/python3.12/site-packages/airflow/example_dags/example_bash_decorator.py took 0.024 seconds
