[2026-05-15T22:20:23.497+0000] {processor.py:161} INFO - Started process (PID=52) to work on /home/airflow/.local/lib/python3.12/site-packages/airflow/example_dags/tutorial_taskflow_api.py
[2026-05-15T22:20:23.500+0000] {processor.py:830} INFO - Processing file /home/airflow/.local/lib/python3.12/site-packages/airflow/example_dags/tutorial_taskflow_api.py for tasks to queue
[2026-05-15T22:20:23.501+0000] {logging_mixin.py:188} INFO - [2026-05-15T22:20:23.500+0000] {dagbag.py:545} INFO - Filling up the DagBag from /home/airflow/.local/lib/python3.12/site-packages/airflow/example_dags/tutorial_taskflow_api.py
[2026-05-15T22:20:23.507+0000] {processor.py:840} INFO - DAG(s) 'tutorial_taskflow_api' retrieved from /home/airflow/.local/lib/python3.12/site-packages/airflow/example_dags/tutorial_taskflow_api.py
[2026-05-15T22:20:23.515+0000] {logging_mixin.py:188} INFO - [2026-05-15T22:20:23.515+0000] {dag.py:3089} INFO - Sync 1 DAGs
[2026-05-15T22:20:23.529+0000] {logging_mixin.py:188} INFO - [2026-05-15T22:20:23.529+0000] {dag.py:3947} INFO - Setting next_dagrun for tutorial_taskflow_api to None, run_after=None
[2026-05-15T22:20:23.546+0000] {processor.py:183} INFO - Processing /home/airflow/.local/lib/python3.12/site-packages/airflow/example_dags/tutorial_taskflow_api.py took 0.058 seconds
[2026-05-15T22:20:53.993+0000] {processor.py:161} INFO - Started process (PID=110) to work on /home/airflow/.local/lib/python3.12/site-packages/airflow/example_dags/tutorial_taskflow_api.py
[2026-05-15T22:20:53.994+0000] {processor.py:830} INFO - Processing file /home/airflow/.local/lib/python3.12/site-packages/airflow/example_dags/tutorial_taskflow_api.py for tasks to queue
[2026-05-15T22:20:53.995+0000] {logging_mixin.py:188} INFO - [2026-05-15T22:20:53.995+0000] {dagbag.py:545} INFO - Filling up the DagBag from /home/airflow/.local/lib/python3.12/site-packages/airflow/example_dags/tutorial_taskflow_api.py
[2026-05-15T22:20:53.998+0000] {processor.py:840} INFO - DAG(s) 'tutorial_taskflow_api' retrieved from /home/airflow/.local/lib/python3.12/site-packages/airflow/example_dags/tutorial_taskflow_api.py
[2026-05-15T22:20:54.033+0000] {logging_mixin.py:188} INFO - [2026-05-15T22:20:54.033+0000] {dag.py:3089} INFO - Sync 1 DAGs
[2026-05-15T22:20:54.036+0000] {logging_mixin.py:188} INFO - [2026-05-15T22:20:54.036+0000] {dag.py:3947} INFO - Setting next_dagrun for tutorial_taskflow_api to None, run_after=None
[2026-05-15T22:20:54.042+0000] {processor.py:183} INFO - Processing /home/airflow/.local/lib/python3.12/site-packages/airflow/example_dags/tutorial_taskflow_api.py took 0.050 seconds
[2026-05-15T22:21:25.025+0000] {processor.py:161} INFO - Started process (PID=174) to work on /home/airflow/.local/lib/python3.12/site-packages/airflow/example_dags/tutorial_taskflow_api.py
[2026-05-15T22:21:25.026+0000] {processor.py:830} INFO - Processing file /home/airflow/.local/lib/python3.12/site-packages/airflow/example_dags/tutorial_taskflow_api.py for tasks to queue
[2026-05-15T22:21:25.027+0000] {logging_mixin.py:188} INFO - [2026-05-15T22:21:25.027+0000] {dagbag.py:545} INFO - Filling up the DagBag from /home/airflow/.local/lib/python3.12/site-packages/airflow/example_dags/tutorial_taskflow_api.py
[2026-05-15T22:21:25.030+0000] {processor.py:840} INFO - DAG(s) 'tutorial_taskflow_api' retrieved from /home/airflow/.local/lib/python3.12/site-packages/airflow/example_dags/tutorial_taskflow_api.py
[2026-05-15T22:21:25.040+0000] {logging_mixin.py:188} INFO - [2026-05-15T22:21:25.040+0000] {dag.py:3089} INFO - Sync 1 DAGs
[2026-05-15T22:21:25.046+0000] {logging_mixin.py:188} INFO - [2026-05-15T22:21:25.046+0000] {dag.py:3947} INFO - Setting next_dagrun for tutorial_taskflow_api to None, run_after=None
[2026-05-15T22:21:25.066+0000] {processor.py:183} INFO - Processing /home/airflow/.local/lib/python3.12/site-packages/airflow/example_dags/tutorial_taskflow_api.py took 0.043 seconds
[2026-05-15T22:21:55.538+0000] {processor.py:161} INFO - Started process (PID=232) to work on /home/airflow/.local/lib/python3.12/site-packages/airflow/example_dags/tutorial_taskflow_api.py
[2026-05-15T22:21:55.538+0000] {processor.py:830} INFO - Processing file /home/airflow/.local/lib/python3.12/site-packages/airflow/example_dags/tutorial_taskflow_api.py for tasks to queue
[2026-05-15T22:21:55.539+0000] {logging_mixin.py:188} INFO - [2026-05-15T22:21:55.539+0000] {dagbag.py:545} INFO - Filling up the DagBag from /home/airflow/.local/lib/python3.12/site-packages/airflow/example_dags/tutorial_taskflow_api.py
[2026-05-15T22:21:55.542+0000] {processor.py:840} INFO - DAG(s) 'tutorial_taskflow_api' retrieved from /home/airflow/.local/lib/python3.12/site-packages/airflow/example_dags/tutorial_taskflow_api.py
[2026-05-15T22:21:55.549+0000] {logging_mixin.py:188} INFO - [2026-05-15T22:21:55.549+0000] {dag.py:3089} INFO - Sync 1 DAGs
[2026-05-15T22:21:55.554+0000] {logging_mixin.py:188} INFO - [2026-05-15T22:21:55.554+0000] {dag.py:3947} INFO - Setting next_dagrun for tutorial_taskflow_api to None, run_after=None
[2026-05-15T22:21:55.560+0000] {processor.py:183} INFO - Processing /home/airflow/.local/lib/python3.12/site-packages/airflow/example_dags/tutorial_taskflow_api.py took 0.024 seconds
[2026-05-15T22:23:00.789+0000] {processor.py:161} INFO - Started process (PID=284) to work on /home/airflow/.local/lib/python3.12/site-packages/airflow/example_dags/tutorial_taskflow_api.py
[2026-05-15T22:23:00.790+0000] {processor.py:830} INFO - Processing file /home/airflow/.local/lib/python3.12/site-packages/airflow/example_dags/tutorial_taskflow_api.py for tasks to queue
[2026-05-15T22:23:00.791+0000] {logging_mixin.py:188} INFO - [2026-05-15T22:23:00.790+0000] {dagbag.py:545} INFO - Filling up the DagBag from /home/airflow/.local/lib/python3.12/site-packages/airflow/example_dags/tutorial_taskflow_api.py
[2026-05-15T22:23:00.794+0000] {processor.py:840} INFO - DAG(s) 'tutorial_taskflow_api' retrieved from /home/airflow/.local/lib/python3.12/site-packages/airflow/example_dags/tutorial_taskflow_api.py
[2026-05-15T22:23:00.803+0000] {logging_mixin.py:188} INFO - [2026-05-15T22:23:00.803+0000] {dag.py:3089} INFO - Sync 1 DAGs
[2026-05-15T22:23:00.807+0000] {logging_mixin.py:188} INFO - [2026-05-15T22:23:00.807+0000] {dag.py:3947} INFO - Setting next_dagrun for tutorial_taskflow_api to None, run_after=None
[2026-05-15T22:23:00.814+0000] {processor.py:183} INFO - Processing /home/airflow/.local/lib/python3.12/site-packages/airflow/example_dags/tutorial_taskflow_api.py took 0.027 seconds
[2026-05-15T22:24:01.331+0000] {processor.py:161} INFO - Started process (PID=341) to work on /home/airflow/.local/lib/python3.12/site-packages/airflow/example_dags/tutorial_taskflow_api.py
[2026-05-15T22:24:01.331+0000] {processor.py:830} INFO - Processing file /home/airflow/.local/lib/python3.12/site-packages/airflow/example_dags/tutorial_taskflow_api.py for tasks to queue
[2026-05-15T22:24:01.332+0000] {logging_mixin.py:188} INFO - [2026-05-15T22:24:01.332+0000] {dagbag.py:545} INFO - Filling up the DagBag from /home/airflow/.local/lib/python3.12/site-packages/airflow/example_dags/tutorial_taskflow_api.py
[2026-05-15T22:24:01.334+0000] {processor.py:840} INFO - DAG(s) 'tutorial_taskflow_api' retrieved from /home/airflow/.local/lib/python3.12/site-packages/airflow/example_dags/tutorial_taskflow_api.py
[2026-05-15T22:24:01.342+0000] {logging_mixin.py:188} INFO - [2026-05-15T22:24:01.342+0000] {dag.py:3089} INFO - Sync 1 DAGs
[2026-05-15T22:24:01.346+0000] {logging_mixin.py:188} INFO - [2026-05-15T22:24:01.346+0000] {dag.py:3947} INFO - Setting next_dagrun for tutorial_taskflow_api to None, run_after=None
[2026-05-15T22:24:01.350+0000] {processor.py:183} INFO - Processing /home/airflow/.local/lib/python3.12/site-packages/airflow/example_dags/tutorial_taskflow_api.py took 0.021 seconds
[2026-05-15T22:24:31.845+0000] {processor.py:161} INFO - Started process (PID=393) to work on /home/airflow/.local/lib/python3.12/site-packages/airflow/example_dags/tutorial_taskflow_api.py
[2026-05-15T22:24:31.845+0000] {processor.py:830} INFO - Processing file /home/airflow/.local/lib/python3.12/site-packages/airflow/example_dags/tutorial_taskflow_api.py for tasks to queue
[2026-05-15T22:24:31.846+0000] {logging_mixin.py:188} INFO - [2026-05-15T22:24:31.846+0000] {dagbag.py:545} INFO - Filling up the DagBag from /home/airflow/.local/lib/python3.12/site-packages/airflow/example_dags/tutorial_taskflow_api.py
[2026-05-15T22:24:31.848+0000] {processor.py:840} INFO - DAG(s) 'tutorial_taskflow_api' retrieved from /home/airflow/.local/lib/python3.12/site-packages/airflow/example_dags/tutorial_taskflow_api.py
[2026-05-15T22:24:31.858+0000] {logging_mixin.py:188} INFO - [2026-05-15T22:24:31.858+0000] {dag.py:3089} INFO - Sync 1 DAGs
[2026-05-15T22:24:31.862+0000] {logging_mixin.py:188} INFO - [2026-05-15T22:24:31.862+0000] {dag.py:3947} INFO - Setting next_dagrun for tutorial_taskflow_api to None, run_after=None
[2026-05-15T22:24:31.866+0000] {processor.py:183} INFO - Processing /home/airflow/.local/lib/python3.12/site-packages/airflow/example_dags/tutorial_taskflow_api.py took 0.024 seconds
[2026-05-15T23:22:10.725+0000] {processor.py:161} INFO - Started process (PID=450) to work on /home/airflow/.local/lib/python3.12/site-packages/airflow/example_dags/tutorial_taskflow_api.py
[2026-05-15T23:22:10.726+0000] {processor.py:830} INFO - Processing file /home/airflow/.local/lib/python3.12/site-packages/airflow/example_dags/tutorial_taskflow_api.py for tasks to queue
[2026-05-15T23:22:10.727+0000] {logging_mixin.py:188} INFO - [2026-05-15T23:22:10.726+0000] {dagbag.py:545} INFO - Filling up the DagBag from /home/airflow/.local/lib/python3.12/site-packages/airflow/example_dags/tutorial_taskflow_api.py
[2026-05-15T23:22:10.729+0000] {processor.py:840} INFO - DAG(s) 'tutorial_taskflow_api' retrieved from /home/airflow/.local/lib/python3.12/site-packages/airflow/example_dags/tutorial_taskflow_api.py
[2026-05-15T23:22:10.735+0000] {logging_mixin.py:188} INFO - [2026-05-15T23:22:10.734+0000] {dag.py:3089} INFO - Sync 1 DAGs
[2026-05-15T23:22:10.738+0000] {logging_mixin.py:188} INFO - [2026-05-15T23:22:10.738+0000] {dag.py:3947} INFO - Setting next_dagrun for tutorial_taskflow_api to None, run_after=None
[2026-05-15T23:22:10.743+0000] {processor.py:183} INFO - Processing /home/airflow/.local/lib/python3.12/site-packages/airflow/example_dags/tutorial_taskflow_api.py took 0.020 seconds
[2026-05-15T23:22:42.723+0000] {processor.py:161} INFO - Started process (PID=502) to work on /home/airflow/.local/lib/python3.12/site-packages/airflow/example_dags/tutorial_taskflow_api.py
[2026-05-15T23:22:42.723+0000] {processor.py:830} INFO - Processing file /home/airflow/.local/lib/python3.12/site-packages/airflow/example_dags/tutorial_taskflow_api.py for tasks to queue
[2026-05-15T23:22:42.724+0000] {logging_mixin.py:188} INFO - [2026-05-15T23:22:42.724+0000] {dagbag.py:545} INFO - Filling up the DagBag from /home/airflow/.local/lib/python3.12/site-packages/airflow/example_dags/tutorial_taskflow_api.py
[2026-05-15T23:22:42.727+0000] {processor.py:840} INFO - DAG(s) 'tutorial_taskflow_api' retrieved from /home/airflow/.local/lib/python3.12/site-packages/airflow/example_dags/tutorial_taskflow_api.py
[2026-05-15T23:22:42.736+0000] {logging_mixin.py:188} INFO - [2026-05-15T23:22:42.736+0000] {dag.py:3089} INFO - Sync 1 DAGs
[2026-05-15T23:22:42.741+0000] {logging_mixin.py:188} INFO - [2026-05-15T23:22:42.741+0000] {dag.py:3947} INFO - Setting next_dagrun for tutorial_taskflow_api to None, run_after=None
[2026-05-15T23:22:42.747+0000] {processor.py:183} INFO - Processing /home/airflow/.local/lib/python3.12/site-packages/airflow/example_dags/tutorial_taskflow_api.py took 0.028 seconds
[2026-05-15T23:23:12.964+0000] {processor.py:161} INFO - Started process (PID=559) to work on /home/airflow/.local/lib/python3.12/site-packages/airflow/example_dags/tutorial_taskflow_api.py
[2026-05-15T23:23:12.964+0000] {processor.py:830} INFO - Processing file /home/airflow/.local/lib/python3.12/site-packages/airflow/example_dags/tutorial_taskflow_api.py for tasks to queue
[2026-05-15T23:23:12.964+0000] {logging_mixin.py:188} INFO - [2026-05-15T23:23:12.964+0000] {dagbag.py:545} INFO - Filling up the DagBag from /home/airflow/.local/lib/python3.12/site-packages/airflow/example_dags/tutorial_taskflow_api.py
[2026-05-15T23:23:12.967+0000] {processor.py:840} INFO - DAG(s) 'tutorial_taskflow_api' retrieved from /home/airflow/.local/lib/python3.12/site-packages/airflow/example_dags/tutorial_taskflow_api.py
[2026-05-15T23:23:12.974+0000] {logging_mixin.py:188} INFO - [2026-05-15T23:23:12.974+0000] {dag.py:3089} INFO - Sync 1 DAGs
[2026-05-15T23:23:12.978+0000] {logging_mixin.py:188} INFO - [2026-05-15T23:23:12.978+0000] {dag.py:3947} INFO - Setting next_dagrun for tutorial_taskflow_api to None, run_after=None
[2026-05-15T23:23:12.983+0000] {processor.py:183} INFO - Processing /home/airflow/.local/lib/python3.12/site-packages/airflow/example_dags/tutorial_taskflow_api.py took 0.022 seconds
[2026-05-15T23:24:01.782+0000] {processor.py:161} INFO - Started process (PID=617) to work on /home/airflow/.local/lib/python3.12/site-packages/airflow/example_dags/tutorial_taskflow_api.py
[2026-05-15T23:24:01.782+0000] {processor.py:830} INFO - Processing file /home/airflow/.local/lib/python3.12/site-packages/airflow/example_dags/tutorial_taskflow_api.py for tasks to queue
[2026-05-15T23:24:01.783+0000] {logging_mixin.py:188} INFO - [2026-05-15T23:24:01.783+0000] {dagbag.py:545} INFO - Filling up the DagBag from /home/airflow/.local/lib/python3.12/site-packages/airflow/example_dags/tutorial_taskflow_api.py
[2026-05-15T23:24:01.785+0000] {processor.py:840} INFO - DAG(s) 'tutorial_taskflow_api' retrieved from /home/airflow/.local/lib/python3.12/site-packages/airflow/example_dags/tutorial_taskflow_api.py
[2026-05-15T23:24:01.792+0000] {logging_mixin.py:188} INFO - [2026-05-15T23:24:01.792+0000] {dag.py:3089} INFO - Sync 1 DAGs
[2026-05-15T23:24:01.796+0000] {logging_mixin.py:188} INFO - [2026-05-15T23:24:01.796+0000] {dag.py:3947} INFO - Setting next_dagrun for tutorial_taskflow_api to None, run_after=None
[2026-05-15T23:24:01.801+0000] {processor.py:183} INFO - Processing /home/airflow/.local/lib/python3.12/site-packages/airflow/example_dags/tutorial_taskflow_api.py took 0.021 seconds
[2026-05-15T23:41:54.184+0000] {processor.py:161} INFO - Started process (PID=669) to work on /home/airflow/.local/lib/python3.12/site-packages/airflow/example_dags/tutorial_taskflow_api.py
[2026-05-15T23:41:54.184+0000] {processor.py:830} INFO - Processing file /home/airflow/.local/lib/python3.12/site-packages/airflow/example_dags/tutorial_taskflow_api.py for tasks to queue
[2026-05-15T23:41:54.185+0000] {logging_mixin.py:188} INFO - [2026-05-15T23:41:54.185+0000] {dagbag.py:545} INFO - Filling up the DagBag from /home/airflow/.local/lib/python3.12/site-packages/airflow/example_dags/tutorial_taskflow_api.py
[2026-05-15T23:41:54.187+0000] {processor.py:840} INFO - DAG(s) 'tutorial_taskflow_api' retrieved from /home/airflow/.local/lib/python3.12/site-packages/airflow/example_dags/tutorial_taskflow_api.py
[2026-05-15T23:41:54.194+0000] {logging_mixin.py:188} INFO - [2026-05-15T23:41:54.194+0000] {dag.py:3089} INFO - Sync 1 DAGs
[2026-05-15T23:41:54.198+0000] {logging_mixin.py:188} INFO - [2026-05-15T23:41:54.197+0000] {dag.py:3947} INFO - Setting next_dagrun for tutorial_taskflow_api to None, run_after=None
[2026-05-15T23:41:54.202+0000] {processor.py:183} INFO - Processing /home/airflow/.local/lib/python3.12/site-packages/airflow/example_dags/tutorial_taskflow_api.py took 0.020 seconds
