[2026-05-15T22:20:23.765+0000] {processor.py:161} INFO - Started process (PID=55) to work on /home/airflow/.local/lib/python3.12/site-packages/airflow/example_dags/tutorial_objectstorage.py
[2026-05-15T22:20:23.766+0000] {processor.py:830} INFO - Processing file /home/airflow/.local/lib/python3.12/site-packages/airflow/example_dags/tutorial_objectstorage.py for tasks to queue
[2026-05-15T22:20:23.766+0000] {logging_mixin.py:188} INFO - [2026-05-15T22:20:23.766+0000] {dagbag.py:545} INFO - Filling up the DagBag from /home/airflow/.local/lib/python3.12/site-packages/airflow/example_dags/tutorial_objectstorage.py
[2026-05-15T22:20:23.781+0000] {processor.py:840} INFO - DAG(s) 'tutorial_objectstorage' retrieved from /home/airflow/.local/lib/python3.12/site-packages/airflow/example_dags/tutorial_objectstorage.py
[2026-05-15T22:20:23.793+0000] {logging_mixin.py:188} INFO - [2026-05-15T22:20:23.793+0000] {dag.py:3089} INFO - Sync 1 DAGs
[2026-05-15T22:20:23.802+0000] {logging_mixin.py:188} INFO - [2026-05-15T22:20:23.802+0000] {dag.py:3947} INFO - Setting next_dagrun for tutorial_objectstorage to None, run_after=None
[2026-05-15T22:20:23.817+0000] {processor.py:183} INFO - Processing /home/airflow/.local/lib/python3.12/site-packages/airflow/example_dags/tutorial_objectstorage.py took 0.062 seconds
[2026-05-15T22:20:54.129+0000] {processor.py:161} INFO - Started process (PID=113) to work on /home/airflow/.local/lib/python3.12/site-packages/airflow/example_dags/tutorial_objectstorage.py
[2026-05-15T22:20:54.130+0000] {processor.py:830} INFO - Processing file /home/airflow/.local/lib/python3.12/site-packages/airflow/example_dags/tutorial_objectstorage.py for tasks to queue
[2026-05-15T22:20:54.131+0000] {logging_mixin.py:188} INFO - [2026-05-15T22:20:54.131+0000] {dagbag.py:545} INFO - Filling up the DagBag from /home/airflow/.local/lib/python3.12/site-packages/airflow/example_dags/tutorial_objectstorage.py
[2026-05-15T22:20:54.134+0000] {processor.py:840} INFO - DAG(s) 'tutorial_objectstorage' retrieved from /home/airflow/.local/lib/python3.12/site-packages/airflow/example_dags/tutorial_objectstorage.py
[2026-05-15T22:20:54.171+0000] {logging_mixin.py:188} INFO - [2026-05-15T22:20:54.171+0000] {dag.py:3089} INFO - Sync 1 DAGs
[2026-05-15T22:20:54.174+0000] {logging_mixin.py:188} INFO - [2026-05-15T22:20:54.174+0000] {dag.py:3947} INFO - Setting next_dagrun for tutorial_objectstorage to None, run_after=None
[2026-05-15T22:20:54.181+0000] {processor.py:183} INFO - Processing /home/airflow/.local/lib/python3.12/site-packages/airflow/example_dags/tutorial_objectstorage.py took 0.054 seconds
[2026-05-15T22:21:25.113+0000] {processor.py:161} INFO - Started process (PID=177) to work on /home/airflow/.local/lib/python3.12/site-packages/airflow/example_dags/tutorial_objectstorage.py
[2026-05-15T22:21:25.114+0000] {processor.py:830} INFO - Processing file /home/airflow/.local/lib/python3.12/site-packages/airflow/example_dags/tutorial_objectstorage.py for tasks to queue
[2026-05-15T22:21:25.115+0000] {logging_mixin.py:188} INFO - [2026-05-15T22:21:25.114+0000] {dagbag.py:545} INFO - Filling up the DagBag from /home/airflow/.local/lib/python3.12/site-packages/airflow/example_dags/tutorial_objectstorage.py
[2026-05-15T22:21:25.118+0000] {processor.py:840} INFO - DAG(s) 'tutorial_objectstorage' retrieved from /home/airflow/.local/lib/python3.12/site-packages/airflow/example_dags/tutorial_objectstorage.py
[2026-05-15T22:21:25.127+0000] {logging_mixin.py:188} INFO - [2026-05-15T22:21:25.127+0000] {dag.py:3089} INFO - Sync 1 DAGs
[2026-05-15T22:21:25.132+0000] {logging_mixin.py:188} INFO - [2026-05-15T22:21:25.132+0000] {dag.py:3947} INFO - Setting next_dagrun for tutorial_objectstorage to None, run_after=None
[2026-05-15T22:21:25.139+0000] {processor.py:183} INFO - Processing /home/airflow/.local/lib/python3.12/site-packages/airflow/example_dags/tutorial_objectstorage.py took 0.029 seconds
[2026-05-15T22:21:55.621+0000] {processor.py:161} INFO - Started process (PID=235) to work on /home/airflow/.local/lib/python3.12/site-packages/airflow/example_dags/tutorial_objectstorage.py
[2026-05-15T22:21:55.622+0000] {processor.py:830} INFO - Processing file /home/airflow/.local/lib/python3.12/site-packages/airflow/example_dags/tutorial_objectstorage.py for tasks to queue
[2026-05-15T22:21:55.623+0000] {logging_mixin.py:188} INFO - [2026-05-15T22:21:55.623+0000] {dagbag.py:545} INFO - Filling up the DagBag from /home/airflow/.local/lib/python3.12/site-packages/airflow/example_dags/tutorial_objectstorage.py
[2026-05-15T22:21:55.629+0000] {processor.py:840} INFO - DAG(s) 'tutorial_objectstorage' retrieved from /home/airflow/.local/lib/python3.12/site-packages/airflow/example_dags/tutorial_objectstorage.py
[2026-05-15T22:21:55.639+0000] {logging_mixin.py:188} INFO - [2026-05-15T22:21:55.639+0000] {dag.py:3089} INFO - Sync 1 DAGs
[2026-05-15T22:21:55.644+0000] {logging_mixin.py:188} INFO - [2026-05-15T22:21:55.644+0000] {dag.py:3947} INFO - Setting next_dagrun for tutorial_objectstorage to None, run_after=None
[2026-05-15T22:21:55.652+0000] {processor.py:183} INFO - Processing /home/airflow/.local/lib/python3.12/site-packages/airflow/example_dags/tutorial_objectstorage.py took 0.034 seconds
[2026-05-15T22:23:00.860+0000] {processor.py:161} INFO - Started process (PID=287) to work on /home/airflow/.local/lib/python3.12/site-packages/airflow/example_dags/tutorial_objectstorage.py
[2026-05-15T22:23:00.860+0000] {processor.py:830} INFO - Processing file /home/airflow/.local/lib/python3.12/site-packages/airflow/example_dags/tutorial_objectstorage.py for tasks to queue
[2026-05-15T22:23:00.861+0000] {logging_mixin.py:188} INFO - [2026-05-15T22:23:00.861+0000] {dagbag.py:545} INFO - Filling up the DagBag from /home/airflow/.local/lib/python3.12/site-packages/airflow/example_dags/tutorial_objectstorage.py
[2026-05-15T22:23:00.864+0000] {processor.py:840} INFO - DAG(s) 'tutorial_objectstorage' retrieved from /home/airflow/.local/lib/python3.12/site-packages/airflow/example_dags/tutorial_objectstorage.py
[2026-05-15T22:23:00.872+0000] {logging_mixin.py:188} INFO - [2026-05-15T22:23:00.872+0000] {dag.py:3089} INFO - Sync 1 DAGs
[2026-05-15T22:23:00.876+0000] {logging_mixin.py:188} INFO - [2026-05-15T22:23:00.876+0000] {dag.py:3947} INFO - Setting next_dagrun for tutorial_objectstorage to None, run_after=None
[2026-05-15T22:23:00.882+0000] {processor.py:183} INFO - Processing /home/airflow/.local/lib/python3.12/site-packages/airflow/example_dags/tutorial_objectstorage.py took 0.025 seconds
[2026-05-15T22:24:01.388+0000] {processor.py:161} INFO - Started process (PID=344) to work on /home/airflow/.local/lib/python3.12/site-packages/airflow/example_dags/tutorial_objectstorage.py
[2026-05-15T22:24:01.388+0000] {processor.py:830} INFO - Processing file /home/airflow/.local/lib/python3.12/site-packages/airflow/example_dags/tutorial_objectstorage.py for tasks to queue
[2026-05-15T22:24:01.388+0000] {logging_mixin.py:188} INFO - [2026-05-15T22:24:01.388+0000] {dagbag.py:545} INFO - Filling up the DagBag from /home/airflow/.local/lib/python3.12/site-packages/airflow/example_dags/tutorial_objectstorage.py
[2026-05-15T22:24:01.391+0000] {processor.py:840} INFO - DAG(s) 'tutorial_objectstorage' retrieved from /home/airflow/.local/lib/python3.12/site-packages/airflow/example_dags/tutorial_objectstorage.py
[2026-05-15T22:24:01.398+0000] {logging_mixin.py:188} INFO - [2026-05-15T22:24:01.398+0000] {dag.py:3089} INFO - Sync 1 DAGs
[2026-05-15T22:24:01.402+0000] {logging_mixin.py:188} INFO - [2026-05-15T22:24:01.402+0000] {dag.py:3947} INFO - Setting next_dagrun for tutorial_objectstorage to None, run_after=None
[2026-05-15T22:24:01.407+0000] {processor.py:183} INFO - Processing /home/airflow/.local/lib/python3.12/site-packages/airflow/example_dags/tutorial_objectstorage.py took 0.021 seconds
[2026-05-15T22:24:31.903+0000] {processor.py:161} INFO - Started process (PID=396) to work on /home/airflow/.local/lib/python3.12/site-packages/airflow/example_dags/tutorial_objectstorage.py
[2026-05-15T22:24:31.903+0000] {processor.py:830} INFO - Processing file /home/airflow/.local/lib/python3.12/site-packages/airflow/example_dags/tutorial_objectstorage.py for tasks to queue
[2026-05-15T22:24:31.904+0000] {logging_mixin.py:188} INFO - [2026-05-15T22:24:31.904+0000] {dagbag.py:545} INFO - Filling up the DagBag from /home/airflow/.local/lib/python3.12/site-packages/airflow/example_dags/tutorial_objectstorage.py
[2026-05-15T22:24:31.907+0000] {processor.py:840} INFO - DAG(s) 'tutorial_objectstorage' retrieved from /home/airflow/.local/lib/python3.12/site-packages/airflow/example_dags/tutorial_objectstorage.py
[2026-05-15T22:24:31.914+0000] {logging_mixin.py:188} INFO - [2026-05-15T22:24:31.914+0000] {dag.py:3089} INFO - Sync 1 DAGs
[2026-05-15T22:24:31.918+0000] {logging_mixin.py:188} INFO - [2026-05-15T22:24:31.918+0000] {dag.py:3947} INFO - Setting next_dagrun for tutorial_objectstorage to None, run_after=None
[2026-05-15T22:24:31.922+0000] {processor.py:183} INFO - Processing /home/airflow/.local/lib/python3.12/site-packages/airflow/example_dags/tutorial_objectstorage.py took 0.022 seconds
[2026-05-15T23:22:10.785+0000] {processor.py:161} INFO - Started process (PID=453) to work on /home/airflow/.local/lib/python3.12/site-packages/airflow/example_dags/tutorial_objectstorage.py
[2026-05-15T23:22:10.785+0000] {processor.py:830} INFO - Processing file /home/airflow/.local/lib/python3.12/site-packages/airflow/example_dags/tutorial_objectstorage.py for tasks to queue
[2026-05-15T23:22:10.786+0000] {logging_mixin.py:188} INFO - [2026-05-15T23:22:10.786+0000] {dagbag.py:545} INFO - Filling up the DagBag from /home/airflow/.local/lib/python3.12/site-packages/airflow/example_dags/tutorial_objectstorage.py
[2026-05-15T23:22:10.789+0000] {processor.py:840} INFO - DAG(s) 'tutorial_objectstorage' retrieved from /home/airflow/.local/lib/python3.12/site-packages/airflow/example_dags/tutorial_objectstorage.py
[2026-05-15T23:22:10.794+0000] {logging_mixin.py:188} INFO - [2026-05-15T23:22:10.794+0000] {dag.py:3089} INFO - Sync 1 DAGs
[2026-05-15T23:22:10.798+0000] {logging_mixin.py:188} INFO - [2026-05-15T23:22:10.798+0000] {dag.py:3947} INFO - Setting next_dagrun for tutorial_objectstorage to None, run_after=None
[2026-05-15T23:22:10.803+0000] {processor.py:183} INFO - Processing /home/airflow/.local/lib/python3.12/site-packages/airflow/example_dags/tutorial_objectstorage.py took 0.020 seconds
[2026-05-15T23:22:42.797+0000] {processor.py:161} INFO - Started process (PID=505) to work on /home/airflow/.local/lib/python3.12/site-packages/airflow/example_dags/tutorial_objectstorage.py
[2026-05-15T23:22:42.797+0000] {processor.py:830} INFO - Processing file /home/airflow/.local/lib/python3.12/site-packages/airflow/example_dags/tutorial_objectstorage.py for tasks to queue
[2026-05-15T23:22:42.798+0000] {logging_mixin.py:188} INFO - [2026-05-15T23:22:42.798+0000] {dagbag.py:545} INFO - Filling up the DagBag from /home/airflow/.local/lib/python3.12/site-packages/airflow/example_dags/tutorial_objectstorage.py
[2026-05-15T23:22:42.801+0000] {processor.py:840} INFO - DAG(s) 'tutorial_objectstorage' retrieved from /home/airflow/.local/lib/python3.12/site-packages/airflow/example_dags/tutorial_objectstorage.py
[2026-05-15T23:22:42.810+0000] {logging_mixin.py:188} INFO - [2026-05-15T23:22:42.810+0000] {dag.py:3089} INFO - Sync 1 DAGs
[2026-05-15T23:22:42.816+0000] {logging_mixin.py:188} INFO - [2026-05-15T23:22:42.816+0000] {dag.py:3947} INFO - Setting next_dagrun for tutorial_objectstorage to None, run_after=None
[2026-05-15T23:22:42.823+0000] {processor.py:183} INFO - Processing /home/airflow/.local/lib/python3.12/site-packages/airflow/example_dags/tutorial_objectstorage.py took 0.029 seconds
[2026-05-15T23:23:12.999+0000] {processor.py:161} INFO - Started process (PID=562) to work on /home/airflow/.local/lib/python3.12/site-packages/airflow/example_dags/tutorial_objectstorage.py
[2026-05-15T23:23:12.999+0000] {processor.py:830} INFO - Processing file /home/airflow/.local/lib/python3.12/site-packages/airflow/example_dags/tutorial_objectstorage.py for tasks to queue
[2026-05-15T23:23:13.000+0000] {logging_mixin.py:188} INFO - [2026-05-15T23:23:13.000+0000] {dagbag.py:545} INFO - Filling up the DagBag from /home/airflow/.local/lib/python3.12/site-packages/airflow/example_dags/tutorial_objectstorage.py
[2026-05-15T23:23:13.003+0000] {processor.py:840} INFO - DAG(s) 'tutorial_objectstorage' retrieved from /home/airflow/.local/lib/python3.12/site-packages/airflow/example_dags/tutorial_objectstorage.py
[2026-05-15T23:23:13.014+0000] {logging_mixin.py:188} INFO - [2026-05-15T23:23:13.014+0000] {dag.py:3089} INFO - Sync 1 DAGs
[2026-05-15T23:23:13.018+0000] {logging_mixin.py:188} INFO - [2026-05-15T23:23:13.018+0000] {dag.py:3947} INFO - Setting next_dagrun for tutorial_objectstorage to None, run_after=None
[2026-05-15T23:23:13.025+0000] {processor.py:183} INFO - Processing /home/airflow/.local/lib/python3.12/site-packages/airflow/example_dags/tutorial_objectstorage.py took 0.028 seconds
[2026-05-15T23:24:01.816+0000] {processor.py:161} INFO - Started process (PID=620) to work on /home/airflow/.local/lib/python3.12/site-packages/airflow/example_dags/tutorial_objectstorage.py
[2026-05-15T23:24:01.817+0000] {processor.py:830} INFO - Processing file /home/airflow/.local/lib/python3.12/site-packages/airflow/example_dags/tutorial_objectstorage.py for tasks to queue
[2026-05-15T23:24:01.817+0000] {logging_mixin.py:188} INFO - [2026-05-15T23:24:01.817+0000] {dagbag.py:545} INFO - Filling up the DagBag from /home/airflow/.local/lib/python3.12/site-packages/airflow/example_dags/tutorial_objectstorage.py
[2026-05-15T23:24:01.820+0000] {processor.py:840} INFO - DAG(s) 'tutorial_objectstorage' retrieved from /home/airflow/.local/lib/python3.12/site-packages/airflow/example_dags/tutorial_objectstorage.py
[2026-05-15T23:24:01.829+0000] {logging_mixin.py:188} INFO - [2026-05-15T23:24:01.829+0000] {dag.py:3089} INFO - Sync 1 DAGs
[2026-05-15T23:24:01.834+0000] {logging_mixin.py:188} INFO - [2026-05-15T23:24:01.834+0000] {dag.py:3947} INFO - Setting next_dagrun for tutorial_objectstorage to None, run_after=None
[2026-05-15T23:24:01.843+0000] {processor.py:183} INFO - Processing /home/airflow/.local/lib/python3.12/site-packages/airflow/example_dags/tutorial_objectstorage.py took 0.031 seconds
[2026-05-15T23:41:54.244+0000] {processor.py:161} INFO - Started process (PID=672) to work on /home/airflow/.local/lib/python3.12/site-packages/airflow/example_dags/tutorial_objectstorage.py
[2026-05-15T23:41:54.244+0000] {processor.py:830} INFO - Processing file /home/airflow/.local/lib/python3.12/site-packages/airflow/example_dags/tutorial_objectstorage.py for tasks to queue
[2026-05-15T23:41:54.245+0000] {logging_mixin.py:188} INFO - [2026-05-15T23:41:54.245+0000] {dagbag.py:545} INFO - Filling up the DagBag from /home/airflow/.local/lib/python3.12/site-packages/airflow/example_dags/tutorial_objectstorage.py
[2026-05-15T23:41:54.248+0000] {processor.py:840} INFO - DAG(s) 'tutorial_objectstorage' retrieved from /home/airflow/.local/lib/python3.12/site-packages/airflow/example_dags/tutorial_objectstorage.py
[2026-05-15T23:41:54.259+0000] {logging_mixin.py:188} INFO - [2026-05-15T23:41:54.259+0000] {dag.py:3089} INFO - Sync 1 DAGs
[2026-05-15T23:41:54.263+0000] {logging_mixin.py:188} INFO - [2026-05-15T23:41:54.263+0000] {dag.py:3947} INFO - Setting next_dagrun for tutorial_objectstorage to None, run_after=None
[2026-05-15T23:41:54.268+0000] {processor.py:183} INFO - Processing /home/airflow/.local/lib/python3.12/site-packages/airflow/example_dags/tutorial_objectstorage.py took 0.026 seconds
