[2026-05-16T11:36:05.584+0000] {local_task_job_runner.py:120} INFO - ::group::Pre task execution logs
[2026-05-16T11:36:05.607+0000] {taskinstance.py:2076} INFO - Dependencies all met for dep_context=non-requeueable deps ti=<TaskInstance: dwh_modeling_dag.load_dim_employee manual__2026-05-16T11:36:03.135778+00:00 [queued]>
[2026-05-16T11:36:05.615+0000] {taskinstance.py:2076} INFO - Dependencies all met for dep_context=requeueable deps ti=<TaskInstance: dwh_modeling_dag.load_dim_employee manual__2026-05-16T11:36:03.135778+00:00 [queued]>
[2026-05-16T11:36:05.615+0000] {taskinstance.py:2306} INFO - Starting attempt 1 of 1
[2026-05-16T11:36:05.627+0000] {taskinstance.py:2330} INFO - Executing <Task(PythonOperator): load_dim_employee> on 2026-05-16 11:36:03.135778+00:00
[2026-05-16T11:36:05.634+0000] {warnings.py:112} WARNING - /home/***/.local/lib/python3.12/site-packages/***/task/task_runner/standard_task_runner.py:62: DeprecationWarning: This process (pid=1263) is multi-threaded, use of fork() may lead to deadlocks in the child.
  pid = os.fork()

[2026-05-16T11:36:05.637+0000] {standard_task_runner.py:64} INFO - Started process 1279 to run task
[2026-05-16T11:36:05.639+0000] {standard_task_runner.py:90} INFO - Running: ['***', 'tasks', 'run', 'dwh_modeling_dag', 'load_dim_employee', 'manual__2026-05-16T11:36:03.135778+00:00', '--job-id', '148', '--raw', '--subdir', 'DAGS_FOLDER/dwh_layer.py', '--cfg-path', '/tmp/tmpyyjiv_4a']
[2026-05-16T11:36:05.642+0000] {standard_task_runner.py:91} INFO - Job 148: Subtask load_dim_employee
[2026-05-16T11:36:05.690+0000] {task_command.py:426} INFO - Running <TaskInstance: dwh_modeling_dag.load_dim_employee manual__2026-05-16T11:36:03.135778+00:00 [running]> on host 0161a3f0b6d6
[2026-05-16T11:36:05.801+0000] {taskinstance.py:2648} INFO - Exporting env vars: AIRFLOW_CTX_DAG_OWNER='***' AIRFLOW_CTX_DAG_ID='dwh_modeling_dag' AIRFLOW_CTX_TASK_ID='load_dim_employee' AIRFLOW_CTX_EXECUTION_DATE='2026-05-16T11:36:03.135778+00:00' AIRFLOW_CTX_TRY_NUMBER='1' AIRFLOW_CTX_DAG_RUN_ID='manual__2026-05-16T11:36:03.135778+00:00'
[2026-05-16T11:36:05.803+0000] {taskinstance.py:430} INFO - ::endgroup::
[2026-05-16T11:36:05.812+0000] {base.py:84} INFO - Using connection ID 'target_db' for task execution.
[2026-05-16T11:36:05.821+0000] {logging_mixin.py:188} INFO - dim_employee: 12 sətir
[2026-05-16T11:36:05.821+0000] {python.py:237} INFO - Done. Returned value was: None
[2026-05-16T11:36:05.821+0000] {taskinstance.py:441} INFO - ::group::Post task execution logs
[2026-05-16T11:36:05.832+0000] {taskinstance.py:1206} INFO - Marking task as SUCCESS. dag_id=dwh_modeling_dag, task_id=load_dim_employee, run_id=manual__2026-05-16T11:36:03.135778+00:00, execution_date=20260516T113603, start_date=20260516T113605, end_date=20260516T113605
[2026-05-16T11:36:05.852+0000] {local_task_job_runner.py:243} INFO - Task exited with return code 0
[2026-05-16T11:36:05.873+0000] {taskinstance.py:3503} INFO - 0 downstream tasks scheduled from follow-on schedule check
[2026-05-16T11:36:05.878+0000] {local_task_job_runner.py:222} INFO - ::endgroup::
