[2026-05-16T11:11:08.763+0000] {local_task_job_runner.py:120} INFO - ::group::Pre task execution logs
[2026-05-16T11:11:08.788+0000] {taskinstance.py:2076} INFO - Dependencies all met for dep_context=non-requeueable deps ti=<TaskInstance: incremental_load_dag.load_customers manual__2026-05-16T11:00:51.078631+00:00 [queued]>
[2026-05-16T11:11:08.797+0000] {taskinstance.py:2076} INFO - Dependencies all met for dep_context=requeueable deps ti=<TaskInstance: incremental_load_dag.load_customers manual__2026-05-16T11:00:51.078631+00:00 [queued]>
[2026-05-16T11:11:08.797+0000] {taskinstance.py:2306} INFO - Starting attempt 4 of 4
[2026-05-16T11:11:08.805+0000] {taskinstance.py:2330} INFO - Executing <Task(PythonOperator): load_customers> on 2026-05-16 11:00:51.078631+00:00
[2026-05-16T11:11:08.812+0000] {warnings.py:112} WARNING - /home/***/.local/lib/python3.12/site-packages/***/task/task_runner/standard_task_runner.py:62: DeprecationWarning: This process (pid=846) is multi-threaded, use of fork() may lead to deadlocks in the child.
  pid = os.fork()

[2026-05-16T11:11:08.813+0000] {standard_task_runner.py:64} INFO - Started process 856 to run task
[2026-05-16T11:11:08.820+0000] {standard_task_runner.py:90} INFO - Running: ['***', 'tasks', 'run', 'incremental_load_dag', 'load_customers', 'manual__2026-05-16T11:00:51.078631+00:00', '--job-id', '122', '--raw', '--subdir', 'DAGS_FOLDER/inc_load.py', '--cfg-path', '/tmp/tmprxqz4dsq']
[2026-05-16T11:11:08.829+0000] {standard_task_runner.py:91} INFO - Job 122: Subtask load_customers
[2026-05-16T11:11:08.883+0000] {task_command.py:426} INFO - Running <TaskInstance: incremental_load_dag.load_customers manual__2026-05-16T11:00:51.078631+00:00 [running]> on host 0161a3f0b6d6
[2026-05-16T11:11:08.940+0000] {taskinstance.py:2648} INFO - Exporting env vars: AIRFLOW_CTX_DAG_OWNER='***' AIRFLOW_CTX_DAG_ID='incremental_load_dag' AIRFLOW_CTX_TASK_ID='load_customers' AIRFLOW_CTX_EXECUTION_DATE='2026-05-16T11:00:51.078631+00:00' AIRFLOW_CTX_TRY_NUMBER='4' AIRFLOW_CTX_DAG_RUN_ID='manual__2026-05-16T11:00:51.078631+00:00'
[2026-05-16T11:11:08.941+0000] {taskinstance.py:430} INFO - ::endgroup::
[2026-05-16T11:11:08.946+0000] {base.py:84} INFO - Using connection ID 'target_db' for task execution.
[2026-05-16T11:11:08.947+0000] {sql.py:495} INFO - Running statement: SELECT MAX(updated_at) FROM staging.stg_customers;, parameters: None
[2026-05-16T11:11:08.948+0000] {sql.py:504} INFO - Rows affected: 1
[2026-05-16T11:11:08.949+0000] {logging_mixin.py:188} INFO - Watermark: 2024-09-01 11:00:00
[2026-05-16T11:11:08.954+0000] {base.py:84} INFO - Using connection ID 'source_db' for task execution.
[2026-05-16T11:11:08.956+0000] {sql.py:495} INFO - Running statement: SELECT customer_id, first_name, last_name, email, phone, city, country, birth_date, gender, created_at, updated_at FROM customers WHERE updated_at > %s;, parameters: [datetime.datetime(2024, 9, 1, 11, 0)]
[2026-05-16T11:11:08.958+0000] {sql.py:504} INFO - Rows affected: 0
[2026-05-16T11:11:08.958+0000] {logging_mixin.py:188} INFO - customers: 0 sətir tapıldı
[2026-05-16T11:11:08.958+0000] {logging_mixin.py:188} INFO - Delta yoxdur.
[2026-05-16T11:11:08.958+0000] {python.py:237} INFO - Done. Returned value was: None
[2026-05-16T11:11:08.960+0000] {taskinstance.py:441} INFO - ::group::Post task execution logs
[2026-05-16T11:11:08.967+0000] {taskinstance.py:1206} INFO - Marking task as SUCCESS. dag_id=incremental_load_dag, task_id=load_customers, run_id=manual__2026-05-16T11:00:51.078631+00:00, execution_date=20260516T110051, start_date=20260516T111108, end_date=20260516T111108
[2026-05-16T11:11:08.990+0000] {local_task_job_runner.py:243} INFO - Task exited with return code 0
[2026-05-16T11:11:08.996+0000] {taskinstance.py:3503} INFO - 0 downstream tasks scheduled from follow-on schedule check
[2026-05-16T11:11:08.996+0000] {local_task_job_runner.py:222} INFO - ::endgroup::
