[2026-05-16T11:03:56.845+0000] {local_task_job_runner.py:120} INFO - ::group::Pre task execution logs
[2026-05-16T11:03:56.861+0000] {taskinstance.py:2076} INFO - Dependencies all met for dep_context=non-requeueable deps ti=<TaskInstance: incremental_load_dag.load_customers manual__2026-05-16T11:00:51.078631+00:00 [queued]>
[2026-05-16T11:03:56.866+0000] {taskinstance.py:2076} INFO - Dependencies all met for dep_context=requeueable deps ti=<TaskInstance: incremental_load_dag.load_customers manual__2026-05-16T11:00:51.078631+00:00 [queued]>
[2026-05-16T11:03:56.867+0000] {taskinstance.py:2306} INFO - Starting attempt 3 of 3
[2026-05-16T11:03:56.876+0000] {taskinstance.py:2330} INFO - Executing <Task(PythonOperator): load_customers> on 2026-05-16 11:00:51.078631+00:00
[2026-05-16T11:03:56.881+0000] {warnings.py:112} WARNING - /home/***/.local/lib/python3.12/site-packages/***/task/task_runner/standard_task_runner.py:62: DeprecationWarning: This process (pid=731) is multi-threaded, use of fork() may lead to deadlocks in the child.
  pid = os.fork()

[2026-05-16T11:03:56.891+0000] {standard_task_runner.py:64} INFO - Started process 742 to run task
[2026-05-16T11:03:56.887+0000] {standard_task_runner.py:90} INFO - Running: ['***', 'tasks', 'run', 'incremental_load_dag', 'load_customers', 'manual__2026-05-16T11:00:51.078631+00:00', '--job-id', '117', '--raw', '--subdir', 'DAGS_FOLDER/inc_load.py', '--cfg-path', '/tmp/tmp5bzs22d5']
[2026-05-16T11:03:56.895+0000] {standard_task_runner.py:91} INFO - Job 117: Subtask load_customers
[2026-05-16T11:03:56.935+0000] {task_command.py:426} INFO - Running <TaskInstance: incremental_load_dag.load_customers manual__2026-05-16T11:00:51.078631+00:00 [running]> on host 0161a3f0b6d6
[2026-05-16T11:03:56.994+0000] {taskinstance.py:2648} INFO - Exporting env vars: AIRFLOW_CTX_DAG_OWNER='***' AIRFLOW_CTX_DAG_ID='incremental_load_dag' AIRFLOW_CTX_TASK_ID='load_customers' AIRFLOW_CTX_EXECUTION_DATE='2026-05-16T11:00:51.078631+00:00' AIRFLOW_CTX_TRY_NUMBER='3' AIRFLOW_CTX_DAG_RUN_ID='manual__2026-05-16T11:00:51.078631+00:00'
[2026-05-16T11:03:56.995+0000] {taskinstance.py:430} INFO - ::endgroup::
[2026-05-16T11:03:57.000+0000] {base.py:84} INFO - Using connection ID 'target_db' for task execution.
[2026-05-16T11:03:57.001+0000] {sql.py:495} INFO - Running statement: SELECT MAX(updated_at) FROM staging.stg_customers;, parameters: None
[2026-05-16T11:03:57.002+0000] {sql.py:504} INFO - Rows affected: 1
[2026-05-16T11:03:57.003+0000] {logging_mixin.py:188} INFO - Watermark: 2024-09-01 11:00:00
[2026-05-16T11:03:57.005+0000] {base.py:84} INFO - Using connection ID 'source_db' for task execution.
[2026-05-16T11:03:57.006+0000] {sql.py:495} INFO - Running statement: SELECT customer_id, first_name, last_name, email, phone, city, country, birth_date, gender, created_at, updated_at FROM customers WHERE updated_at > %s;, parameters: [datetime.datetime(2024, 9, 1, 11, 0)]
[2026-05-16T11:03:57.006+0000] {sql.py:504} INFO - Rows affected: 0
[2026-05-16T11:03:57.007+0000] {logging_mixin.py:188} INFO - customers: 0 sətir tapıldı
[2026-05-16T11:03:57.007+0000] {logging_mixin.py:188} INFO - Delta yoxdur.
[2026-05-16T11:03:57.007+0000] {python.py:237} INFO - Done. Returned value was: None
[2026-05-16T11:03:57.008+0000] {taskinstance.py:441} INFO - ::group::Post task execution logs
[2026-05-16T11:03:57.011+0000] {taskinstance.py:1206} INFO - Marking task as SUCCESS. dag_id=incremental_load_dag, task_id=load_customers, run_id=manual__2026-05-16T11:00:51.078631+00:00, execution_date=20260516T110051, start_date=20260516T110356, end_date=20260516T110357
[2026-05-16T11:03:57.027+0000] {local_task_job_runner.py:243} INFO - Task exited with return code 0
[2026-05-16T11:03:57.035+0000] {taskinstance.py:3503} INFO - 0 downstream tasks scheduled from follow-on schedule check
[2026-05-16T11:03:57.036+0000] {local_task_job_runner.py:222} INFO - ::endgroup::
