[2026-05-23T09:17:27.289+0000] {local_task_job_runner.py:123} INFO - ::group::Pre task execution logs
[2026-05-23T09:17:27.331+0000] {taskinstance.py:2614} INFO - Dependencies all met for dep_context=non-requeueable deps ti=<TaskInstance: full_load_dag.execute_full_load manual__2026-05-23T09:17:25.722825+00:00 [queued]>
[2026-05-23T09:17:27.350+0000] {taskinstance.py:2614} INFO - Dependencies all met for dep_context=requeueable deps ti=<TaskInstance: full_load_dag.execute_full_load manual__2026-05-23T09:17:25.722825+00:00 [queued]>
[2026-05-23T09:17:27.351+0000] {taskinstance.py:2867} INFO - Starting attempt 1 of 1
[2026-05-23T09:17:27.374+0000] {taskinstance.py:2890} INFO - Executing <Task(SQLExecuteQueryOperator): execute_full_load> on 2026-05-23 09:17:25.722825+00:00
[2026-05-23T09:17:27.391+0000] {standard_task_runner.py:104} INFO - Running: ['***', 'tasks', 'run', 'full_load_dag', 'execute_full_load', 'manual__2026-05-23T09:17:25.722825+00:00', '--job-id', '6', '--raw', '--subdir', 'DAGS_FOLDER/full_load.py', '--cfg-path', '/tmp/tmpcr0gczos']
[2026-05-23T09:17:27.396+0000] {standard_task_runner.py:105} INFO - Job 6: Subtask execute_full_load
[2026-05-23T09:17:27.396+0000] {logging_mixin.py:190} WARNING - /home/***/.local/lib/python3.12/site-packages/***/task/task_runner/standard_task_runner.py:70 DeprecationWarning: This process (pid=2046) is multi-threaded, use of fork() may lead to deadlocks in the child.
[2026-05-23T09:17:27.398+0000] {standard_task_runner.py:72} INFO - Started process 2047 to run task
[2026-05-23T09:17:27.513+0000] {task_command.py:467} INFO - Running <TaskInstance: full_load_dag.execute_full_load manual__2026-05-23T09:17:25.722825+00:00 [running]> on host 8f2d94a59d0d
[2026-05-23T09:17:27.691+0000] {taskinstance.py:3134} INFO - Exporting env vars: AIRFLOW_CTX_DAG_OWNER='***' AIRFLOW_CTX_DAG_ID='full_load_dag' AIRFLOW_CTX_TASK_ID='execute_full_load' AIRFLOW_CTX_EXECUTION_DATE='2026-05-23T09:17:25.722825+00:00' AIRFLOW_CTX_TRY_NUMBER='1' AIRFLOW_CTX_DAG_RUN_ID='manual__2026-05-23T09:17:25.722825+00:00'
[2026-05-23T09:17:27.694+0000] {taskinstance.py:732} INFO - ::endgroup::
[2026-05-23T09:17:27.731+0000] {sql.py:295} INFO - Executing: -- stores full load
TRUNCATE TABLE staging.stg_stores;
INSERT INTO staging.stg_stores (
        store_id,
        store_name,
        city,
        country,
        address,
        phone,
        email,
        opened_date,
        is_active,
        etl_load_date,
        etl_batch_id
    )
SELECT store_id,
    store_name,
    city,
    country,
    address,
    phone,
    email,
    opened_date,
    is_active,
    NOW(),
    'manual__2026-05-23T09:17:25.722825+00:00' -- unikal batch id
FROM ext_source.stores;
-- employees full load
TRUNCATE TABLE staging.stg_employees;
INSERT INTO staging.stg_employees (
        employee_id,
        store_id,
        first_name,
        last_name,
        email,
        phone,
        hire_date,
        job_title,
        salary,
        is_active,
        etl_load_date,
        etl_batch_id
    )
SELECT employee_id,
    store_id,
    first_name,
    last_name,
    email,
    phone,
    hire_date,
    job_title,
    salary,
    is_active,
    NOW(),
    'manual__2026-05-23T09:17:25.722825+00:00'
FROM ext_source.employees;
-- CUSTOMERS full load
TRUNCATE TABLE staging.stg_customers;
INSERT INTO staging.stg_customers (
        customer_id,
        first_name,
        last_name,
        email,
        phone,
        city,
        country,
        birth_date,
        gender,
        created_at,
        updated_at,
        etl_load_date,
        etl_batch_id
    )
SELECT customer_id,
    first_name,
    last_name,
    email,
    phone,
    city,
    country,
    birth_date,
    gender,
    created_at,
    updated_at,
    NOW(),
    'manual__2026-05-23T09:17:25.722825+00:00'
FROM ext_source.customers;
-- PRODUCTS full load
TRUNCATE TABLE staging.stg_products;
INSERT INTO staging.stg_products (
        product_id,
        product_name,
        category,
        brand,
        price,
        cost,
        stock_quantity,
        is_active,
        created_at,
        updated_at,
        etl_load_date,
        etl_batch_id
    )
SELECT product_id,
    product_name,
    category,
    brand,
    price,
    cost,
    stock_quantity,
    is_active,
    created_at,
    updated_at,
    NOW(),
    'manual__2026-05-23T09:17:25.722825+00:00'
FROM ext_source.products;
-- ORDERS full load
TRUNCATE TABLE staging.stg_orders;
INSERT INTO staging.stg_orders (
        order_id,
        customer_id,
        store_id,
        employee_id,
        order_date,
        status,
        total_amount,
        created_at,
        etl_load_date,
        etl_batch_id
    )
SELECT order_id,
    customer_id,
    store_id,
    employee_id,
    order_date,
    status,
    total_amount,
    created_at,
    NOW(),
    'manual__2026-05-23T09:17:25.722825+00:00'
FROM ext_source.orders;
-- ORDER_ITEMS full load
TRUNCATE TABLE staging.stg_order_items;
INSERT INTO staging.stg_order_items (
        item_id,
        order_id,
        product_id,
        quantity,
        unit_price,
        discount,
        total_price,
        created_at,
        etl_load_date,
        etl_batch_id
    )
SELECT item_id,
    order_id,
    product_id,
    quantity,
    unit_price,
    discount,
    total_price,
    created_at,
    NOW(),
    'manual__2026-05-23T09:17:25.722825+00:00'
FROM ext_source.order_items;
[2026-05-23T09:17:27.734+0000] {crypto.py:82} WARNING - empty cryptography key - values will not be stored encrypted.
[2026-05-23T09:17:27.736+0000] {base.py:84} INFO - Retrieving connection 'target_db'
[2026-05-23T09:17:27.745+0000] {base.py:84} INFO - Retrieving connection 'target_db'
[2026-05-23T09:17:27.760+0000] {sql.py:511} INFO - Running statement: -- stores full load
TRUNCATE TABLE staging.stg_stores;
INSERT INTO staging.stg_stores (
        store_id,
        store_name,
        city,
        country,
        address,
        phone,
        email,
        opened_date,
        is_active,
        etl_load_date,
        etl_batch_id
    )
SELECT store_id,
    store_name,
    city,
    country,
    address,
    phone,
    email,
    opened_date,
    is_active,
    NOW(),
    'manual__2026-05-23T09:17:25.722825+00:00' -- unikal batch id
FROM ext_source.stores;
-- employees full load
TRUNCATE TABLE staging.stg_employees;
INSERT INTO staging.stg_employees (
        employee_id,
        store_id,
        first_name,
        last_name,
        email,
        phone,
        hire_date,
        job_title,
        salary,
        is_active,
        etl_load_date,
        etl_batch_id
    )
SELECT employee_id,
    store_id,
    first_name,
    last_name,
    email,
    phone,
    hire_date,
    job_title,
    salary,
    is_active,
    NOW(),
    'manual__2026-05-23T09:17:25.722825+00:00'
FROM ext_source.employees;
-- CUSTOMERS full load
TRUNCATE TABLE staging.stg_customers;
INSERT INTO staging.stg_customers (
        customer_id,
        first_name,
        last_name,
        email,
        phone,
        city,
        country,
        birth_date,
        gender,
        created_at,
        updated_at,
        etl_load_date,
        etl_batch_id
    )
SELECT customer_id,
    first_name,
    last_name,
    email,
    phone,
    city,
    country,
    birth_date,
    gender,
    created_at,
    updated_at,
    NOW(),
    'manual__2026-05-23T09:17:25.722825+00:00'
FROM ext_source.customers;
-- PRODUCTS full load
TRUNCATE TABLE staging.stg_products;
INSERT INTO staging.stg_products (
        product_id,
        product_name,
        category,
        brand,
        price,
        cost,
        stock_quantity,
        is_active,
        created_at,
        updated_at,
        etl_load_date,
        etl_batch_id
    )
SELECT product_id,
    product_name,
    category,
    brand,
    price,
    cost,
    stock_quantity,
    is_active,
    created_at,
    updated_at,
    NOW(),
    'manual__2026-05-23T09:17:25.722825+00:00'
FROM ext_source.products;
-- ORDERS full load
TRUNCATE TABLE staging.stg_orders;
INSERT INTO staging.stg_orders (
        order_id,
        customer_id,
        store_id,
        employee_id,
        order_date,
        status,
        total_amount,
        created_at,
        etl_load_date,
        etl_batch_id
    )
SELECT order_id,
    customer_id,
    store_id,
    employee_id,
    order_date,
    status,
    total_amount,
    created_at,
    NOW(),
    'manual__2026-05-23T09:17:25.722825+00:00'
FROM ext_source.orders;
-- ORDER_ITEMS full load
TRUNCATE TABLE staging.stg_order_items;
INSERT INTO staging.stg_order_items (
        item_id,
        order_id,
        product_id,
        quantity,
        unit_price,
        discount,
        total_price,
        created_at,
        etl_load_date,
        etl_batch_id
    )
SELECT item_id,
    order_id,
    product_id,
    quantity,
    unit_price,
    discount,
    total_price,
    created_at,
    NOW(),
    'manual__2026-05-23T09:17:25.722825+00:00'
FROM ext_source.order_items;, parameters: None
[2026-05-23T09:17:27.830+0000] {sql.py:520} INFO - Rows affected: 56
[2026-05-23T09:17:27.843+0000] {logging_mixin.py:190} WARNING - /home/***/.local/lib/python3.12/site-packages/***/providers/common/sql/hooks/sql.py:470 DeprecationWarning: Import of fetch_all_handler from the '***.providers.common.sql.hooks' module is deprecated and will
be removed in the future. Please import it from '***.providers.common.sql.hooks.handlers'.
[2026-05-23T09:17:27.846+0000] {logging_mixin.py:190} WARNING - /home/***/.local/lib/python3.12/site-packages/***/providers/common/sql/hooks/sql.py:471 DeprecationWarning: Import of return_single_query_results from the '***.providers.common.sql.hooks' module is deprecated and will
be removed in the future. Please import it from '***.providers.common.sql.hooks.handlers'.
[2026-05-23T09:17:27.853+0000] {logging_mixin.py:190} WARNING - /home/***/.local/lib/python3.12/site-packages/***/providers/common/sql/hooks/sql.py:486 DeprecationWarning: Import of return_single_query_results from the '***.providers.common.sql.hooks' module is deprecated and will
be removed in the future. Please import it from '***.providers.common.sql.hooks.handlers'.
[2026-05-23T09:17:27.857+0000] {logging_mixin.py:190} WARNING - /home/***/.local/lib/python3.12/site-packages/***/providers/common/sql/operators/sql.py:311 DeprecationWarning: Import of return_single_query_results from the '***.providers.common.sql.hooks' module is deprecated and will
be removed in the future. Please import it from '***.providers.common.sql.hooks.handlers'.
[2026-05-23T09:17:27.880+0000] {taskinstance.py:341} INFO - ::group::Post task execution logs
[2026-05-23T09:17:27.881+0000] {taskinstance.py:353} INFO - Marking task as SUCCESS. dag_id=full_load_dag, task_id=execute_full_load, run_id=manual__2026-05-23T09:17:25.722825+00:00, execution_date=20260523T091725, start_date=20260523T091727, end_date=20260523T091727
[2026-05-23T09:17:27.978+0000] {local_task_job_runner.py:266} INFO - Task exited with return code 0
[2026-05-23T09:17:28.001+0000] {local_task_job_runner.py:245} INFO - ::endgroup::
