[2026-05-16T11:36:54.928+0000] {local_task_job_runner.py:120} INFO - ::group::Pre task execution logs
[2026-05-16T11:36:54.943+0000] {taskinstance.py:2076} INFO - Dependencies all met for dep_context=non-requeueable deps ti=<TaskInstance: data_mart_dag.load_mart_daily_sales manual__2026-05-16T11:36:52.280207+00:00 [queued]>
[2026-05-16T11:36:54.947+0000] {taskinstance.py:2076} INFO - Dependencies all met for dep_context=requeueable deps ti=<TaskInstance: data_mart_dag.load_mart_daily_sales manual__2026-05-16T11:36:52.280207+00:00 [queued]>
[2026-05-16T11:36:54.948+0000] {taskinstance.py:2306} INFO - Starting attempt 1 of 1
[2026-05-16T11:36:54.954+0000] {taskinstance.py:2330} INFO - Executing <Task(PythonOperator): load_mart_daily_sales> on 2026-05-16 11:36:52.280207+00:00
[2026-05-16T11:36:54.959+0000] {warnings.py:112} WARNING - /home/***/.local/lib/python3.12/site-packages/***/task/task_runner/standard_task_runner.py:62: DeprecationWarning: This process (pid=1292) is multi-threaded, use of fork() may lead to deadlocks in the child.
  pid = os.fork()

[2026-05-16T11:36:54.961+0000] {standard_task_runner.py:64} INFO - Started process 1299 to run task
[2026-05-16T11:36:54.963+0000] {standard_task_runner.py:90} INFO - Running: ['***', 'tasks', 'run', 'data_mart_dag', 'load_mart_daily_sales', 'manual__2026-05-16T11:36:52.280207+00:00', '--job-id', '153', '--raw', '--subdir', 'DAGS_FOLDER/data_mart.py', '--cfg-path', '/tmp/tmp98xkmax3']
[2026-05-16T11:36:54.965+0000] {standard_task_runner.py:91} INFO - Job 153: Subtask load_mart_daily_sales
[2026-05-16T11:36:54.997+0000] {task_command.py:426} INFO - Running <TaskInstance: data_mart_dag.load_mart_daily_sales manual__2026-05-16T11:36:52.280207+00:00 [running]> on host 0161a3f0b6d6
[2026-05-16T11:36:55.035+0000] {taskinstance.py:2648} INFO - Exporting env vars: AIRFLOW_CTX_DAG_OWNER='***' AIRFLOW_CTX_DAG_ID='data_mart_dag' AIRFLOW_CTX_TASK_ID='load_mart_daily_sales' AIRFLOW_CTX_EXECUTION_DATE='2026-05-16T11:36:52.280207+00:00' AIRFLOW_CTX_TRY_NUMBER='1' AIRFLOW_CTX_DAG_RUN_ID='manual__2026-05-16T11:36:52.280207+00:00'
[2026-05-16T11:36:55.037+0000] {taskinstance.py:430} INFO - ::endgroup::
[2026-05-16T11:36:55.045+0000] {base.py:84} INFO - Using connection ID 'target_db' for task execution.
[2026-05-16T11:36:55.052+0000] {logging_mixin.py:188} INFO - mart_daily_sales: tamamlandı
[2026-05-16T11:36:55.053+0000] {python.py:237} INFO - Done. Returned value was: None
[2026-05-16T11:36:55.053+0000] {taskinstance.py:441} INFO - ::group::Post task execution logs
[2026-05-16T11:36:55.060+0000] {taskinstance.py:1206} INFO - Marking task as SUCCESS. dag_id=data_mart_dag, task_id=load_mart_daily_sales, run_id=manual__2026-05-16T11:36:52.280207+00:00, execution_date=20260516T113652, start_date=20260516T113654, end_date=20260516T113655
[2026-05-16T11:36:55.097+0000] {local_task_job_runner.py:243} INFO - Task exited with return code 0
[2026-05-16T11:36:55.106+0000] {taskinstance.py:3503} INFO - 0 downstream tasks scheduled from follow-on schedule check
[2026-05-16T11:36:55.108+0000] {local_task_job_runner.py:222} INFO - ::endgroup::
