[2026-05-23T10:42:55.368+0000] {local_task_job_runner.py:123} INFO - ::group::Pre task execution logs
[2026-05-23T10:42:55.402+0000] {taskinstance.py:2614} INFO - Dependencies all met for dep_context=non-requeueable deps ti=<TaskInstance: data_mart_dag.load_data_marts manual__2026-05-23T10:42:53.956103+00:00 [queued]>
[2026-05-23T10:42:55.418+0000] {taskinstance.py:2614} INFO - Dependencies all met for dep_context=requeueable deps ti=<TaskInstance: data_mart_dag.load_data_marts manual__2026-05-23T10:42:53.956103+00:00 [queued]>
[2026-05-23T10:42:55.419+0000] {taskinstance.py:2867} INFO - Starting attempt 1 of 1
[2026-05-23T10:42:55.441+0000] {taskinstance.py:2890} INFO - Executing <Task(SQLExecuteQueryOperator): load_data_marts> on 2026-05-23 10:42:53.956103+00:00
[2026-05-23T10:42:55.455+0000] {standard_task_runner.py:104} INFO - Running: ['***', 'tasks', 'run', 'data_mart_dag', 'load_data_marts', 'manual__2026-05-23T10:42:53.956103+00:00', '--job-id', '26', '--raw', '--subdir', 'DAGS_FOLDER/data_mart.py', '--cfg-path', '/tmp/tmpb5aj4bz5']
[2026-05-23T10:42:55.463+0000] {standard_task_runner.py:105} INFO - Job 26: Subtask load_data_marts
[2026-05-23T10:42:55.466+0000] {logging_mixin.py:190} WARNING - /home/***/.local/lib/python3.12/site-packages/***/task/task_runner/standard_task_runner.py:70 DeprecationWarning: This process (pid=5446) is multi-threaded, use of fork() may lead to deadlocks in the child.
[2026-05-23T10:42:55.468+0000] {standard_task_runner.py:72} INFO - Started process 5447 to run task
[2026-05-23T10:42:55.594+0000] {task_command.py:467} INFO - Running <TaskInstance: data_mart_dag.load_data_marts manual__2026-05-23T10:42:53.956103+00:00 [running]> on host 8f2d94a59d0d
[2026-05-23T10:42:55.744+0000] {taskinstance.py:3134} INFO - Exporting env vars: AIRFLOW_CTX_DAG_OWNER='***' AIRFLOW_CTX_DAG_ID='data_mart_dag' AIRFLOW_CTX_TASK_ID='load_data_marts' AIRFLOW_CTX_EXECUTION_DATE='2026-05-23T10:42:53.956103+00:00' AIRFLOW_CTX_TRY_NUMBER='1' AIRFLOW_CTX_DAG_RUN_ID='manual__2026-05-23T10:42:53.956103+00:00'
[2026-05-23T10:42:55.746+0000] {taskinstance.py:732} INFO - ::endgroup::
[2026-05-23T10:42:55.779+0000] {sql.py:295} INFO - Executing: -- 1. Product Performance Mart
TRUNCATE TABLE data_mart.mart_product_performance;
INSERT INTO data_mart.mart_product_performance (
        product_id,
        product_name,
        category,
        brand,
        current_price,
        total_quantity_sold,
        total_revenue,
        total_profit,
        profit_margin_pct,
        total_orders,
        avg_discount,
        dwh_updated_at
    )
SELECT p.product_id,
    p.product_name,
    p.category,
    p.brand,
    p.price,
    SUM(f.quantity),
    SUM(f.net_amount),
    SUM(f.profit_amount),
    ROUND(
        SUM(f.profit_amount) / NULLIF(SUM(f.net_amount), 0) * 100,
        2
    ),
    COUNT(DISTINCT f.order_id),
    ROUND(AVG(f.discount), 2),
    NOW()
FROM dwh.fact_sales f
    JOIN dwh.dim_product p ON p.product_key = f.product_key
WHERE f.order_status != 'cancelled'
GROUP BY p.product_id,
    p.product_name,
    p.category,
    p.brand,
    p.price;
-- 2. Daily Sales Mart
TRUNCATE TABLE data_mart.mart_daily_sales;
INSERT INTO data_mart.mart_daily_sales (
        report_date,
        store_id,
        store_name,
        city,
        total_orders,
        total_items,
        gross_revenue,
        net_revenue,
        total_discount,
        total_profit,
        avg_order_value,
        dwh_updated_at
    )
SELECT d.full_date,
    s.store_id,
    s.store_name,
    s.city,
    COUNT(DISTINCT f.order_id),
    SUM(f.quantity),
    SUM(f.gross_amount),
    SUM(f.net_amount),
    SUM(f.discount),
    SUM(f.profit_amount),
    ROUND(
        SUM(f.net_amount) / NULLIF(COUNT(DISTINCT f.order_id), 0),
        2
    ),
    NOW()
FROM dwh.fact_sales f
    JOIN dwh.dim_date d ON d.date_key = f.date_key
    JOIN dwh.dim_store s ON s.store_key = f.store_key
GROUP BY d.full_date,
    s.store_id,
    s.store_name,
    s.city;
[2026-05-23T10:42:55.781+0000] {crypto.py:82} WARNING - empty cryptography key - values will not be stored encrypted.
[2026-05-23T10:42:55.784+0000] {base.py:84} INFO - Retrieving connection 'target_db'
[2026-05-23T10:42:55.789+0000] {base.py:84} INFO - Retrieving connection 'target_db'
[2026-05-23T10:42:55.803+0000] {sql.py:511} INFO - Running statement: -- 1. Product Performance Mart
TRUNCATE TABLE data_mart.mart_product_performance;
INSERT INTO data_mart.mart_product_performance (
        product_id,
        product_name,
        category,
        brand,
        current_price,
        total_quantity_sold,
        total_revenue,
        total_profit,
        profit_margin_pct,
        total_orders,
        avg_discount,
        dwh_updated_at
    )
SELECT p.product_id,
    p.product_name,
    p.category,
    p.brand,
    p.price,
    SUM(f.quantity),
    SUM(f.net_amount),
    SUM(f.profit_amount),
    ROUND(
        SUM(f.profit_amount) / NULLIF(SUM(f.net_amount), 0) * 100,
        2
    ),
    COUNT(DISTINCT f.order_id),
    ROUND(AVG(f.discount), 2),
    NOW()
FROM dwh.fact_sales f
    JOIN dwh.dim_product p ON p.product_key = f.product_key
WHERE f.order_status != 'cancelled'
GROUP BY p.product_id,
    p.product_name,
    p.category,
    p.brand,
    p.price;
-- 2. Daily Sales Mart
TRUNCATE TABLE data_mart.mart_daily_sales;
INSERT INTO data_mart.mart_daily_sales (
        report_date,
        store_id,
        store_name,
        city,
        total_orders,
        total_items,
        gross_revenue,
        net_revenue,
        total_discount,
        total_profit,
        avg_order_value,
        dwh_updated_at
    )
SELECT d.full_date,
    s.store_id,
    s.store_name,
    s.city,
    COUNT(DISTINCT f.order_id),
    SUM(f.quantity),
    SUM(f.gross_amount),
    SUM(f.net_amount),
    SUM(f.discount),
    SUM(f.profit_amount),
    ROUND(
        SUM(f.net_amount) / NULLIF(COUNT(DISTINCT f.order_id), 0),
        2
    ),
    NOW()
FROM dwh.fact_sales f
    JOIN dwh.dim_date d ON d.date_key = f.date_key
    JOIN dwh.dim_store s ON s.store_key = f.store_key
GROUP BY d.full_date,
    s.store_id,
    s.store_name,
    s.city;, parameters: None
[2026-05-23T10:42:55.825+0000] {sql.py:520} INFO - Rows affected: 40
[2026-05-23T10:42:55.836+0000] {logging_mixin.py:190} WARNING - /home/***/.local/lib/python3.12/site-packages/***/providers/common/sql/hooks/sql.py:470 DeprecationWarning: Import of fetch_all_handler from the '***.providers.common.sql.hooks' module is deprecated and will
be removed in the future. Please import it from '***.providers.common.sql.hooks.handlers'.
[2026-05-23T10:42:55.839+0000] {logging_mixin.py:190} WARNING - /home/***/.local/lib/python3.12/site-packages/***/providers/common/sql/hooks/sql.py:471 DeprecationWarning: Import of return_single_query_results from the '***.providers.common.sql.hooks' module is deprecated and will
be removed in the future. Please import it from '***.providers.common.sql.hooks.handlers'.
[2026-05-23T10:42:55.846+0000] {logging_mixin.py:190} WARNING - /home/***/.local/lib/python3.12/site-packages/***/providers/common/sql/hooks/sql.py:486 DeprecationWarning: Import of return_single_query_results from the '***.providers.common.sql.hooks' module is deprecated and will
be removed in the future. Please import it from '***.providers.common.sql.hooks.handlers'.
[2026-05-23T10:42:55.849+0000] {logging_mixin.py:190} WARNING - /home/***/.local/lib/python3.12/site-packages/***/providers/common/sql/operators/sql.py:311 DeprecationWarning: Import of return_single_query_results from the '***.providers.common.sql.hooks' module is deprecated and will
be removed in the future. Please import it from '***.providers.common.sql.hooks.handlers'.
[2026-05-23T10:42:55.872+0000] {taskinstance.py:341} INFO - ::group::Post task execution logs
[2026-05-23T10:42:55.873+0000] {taskinstance.py:353} INFO - Marking task as SUCCESS. dag_id=data_mart_dag, task_id=load_data_marts, run_id=manual__2026-05-23T10:42:53.956103+00:00, execution_date=20260523T104253, start_date=20260523T104255, end_date=20260523T104255
[2026-05-23T10:42:55.968+0000] {local_task_job_runner.py:266} INFO - Task exited with return code 0
[2026-05-23T10:42:56.001+0000] {taskinstance.py:3901} INFO - 0 downstream tasks scheduled from follow-on schedule check
[2026-05-23T10:42:56.004+0000] {local_task_job_runner.py:245} INFO - ::endgroup::
